2026-02-15 13:46:46,259 - core.logging - INFO - Starting CRM application
2026-02-15 13:46:46,260 - apscheduler.scheduler - INFO - Adding job tentatively -- it will be properly scheduled when the scheduler starts
2026-02-15 13:46:46,260 - apscheduler.scheduler - INFO - Added job "send_daily_reminder" to job store "default"
2026-02-15 13:46:46,260 - apscheduler.scheduler - INFO - Scheduler started
2026-02-15 13:46:46,260 - core.logging - INFO - Scheduler started
2026-02-15 13:47:35,976 - sqlalchemy.engine.Engine - INFO - select pg_catalog.version()
2026-02-15 13:47:35,977 - sqlalchemy.engine.Engine - INFO - [raw sql] ()
2026-02-15 13:47:35,985 - sqlalchemy.engine.Engine - INFO - select current_schema()
2026-02-15 13:47:35,985 - sqlalchemy.engine.Engine - INFO - [raw sql] ()
2026-02-15 13:47:35,986 - sqlalchemy.engine.Engine - INFO - show standard_conforming_strings
2026-02-15 13:47:35,986 - sqlalchemy.engine.Engine - INFO - [raw sql] ()
2026-02-15 13:47:35,987 - sqlalchemy.engine.Engine - INFO - BEGIN (implicit)
2026-02-15 13:47:35,989 - sqlalchemy.engine.Engine - INFO - INSERT INTO orders (client_id, installer_id, status, service_type, warehouse, service_datetime, delivery_datetime, promise, marker_color, address_text) VALUES ($1::INTEGER, $2::INTEGER, $3::order_status, $4::VARCHAR, $5::VARCHAR, $6::TIMESTAMP WITHOUT TIME ZONE, $7::TIMESTAMP WITHOUT TIME ZONE, $8::VARCHAR, $9::VARCHAR, $10::VARCHAR) RETURNING orders.id, orders.created_at, orders.updated_at
2026-02-15 13:47:35,989 - sqlalchemy.engine.Engine - INFO - [generated in 0.00025s] (3, 7, 'Новый', 'Установка кондиционера', None, datetime.datetime(2026, 3, 1, 10, 0), None, None, None, None)
2026-02-15 13:47:36,080 - sqlalchemy.engine.Engine - INFO - UPDATE orders SET address_text=$1::VARCHAR, updated_at=now() WHERE orders.id = $2::INTEGER
2026-02-15 13:47:36,080 - sqlalchemy.engine.Engine - INFO - [generated in 0.00018s] ('Москва, Кремль', 10)
2026-02-15 13:47:36,082 - sqlalchemy.engine.Engine - INFO - COMMIT
2026-02-15 13:47:36,091 - sqlalchemy.engine.Engine - INFO - BEGIN (implicit)
2026-02-15 13:47:36,092 - sqlalchemy.engine.Engine - INFO - SELECT orders.id, orders.client_id, orders.installer_id, orders.status, orders.service_type, orders.warehouse, orders.service_datetime, orders.delivery_datetime, orders.promise, orders.marker_color, orders.address_text, orders.created_at, orders.updated_at 
FROM orders 
WHERE orders.id = $1::INTEGER
2026-02-15 13:47:36,092 - sqlalchemy.engine.Engine - INFO - [generated in 0.00018s] (10,)
2026-02-15 13:47:36,095 - sqlalchemy.engine.Engine - INFO - SELECT orders.id, orders.client_id, orders.installer_id, orders.status, orders.service_type, orders.warehouse, orders.service_datetime, orders.delivery_datetime, orders.promise, orders.marker_color, orders.address_text, orders.created_at, orders.updated_at 
FROM orders 
WHERE orders.id = $1::INTEGER
2026-02-15 13:47:36,095 - sqlalchemy.engine.Engine - INFO - [generated in 0.00012s] (10,)
2026-02-15 13:47:36,097 - sqlalchemy.engine.Engine - INFO - SELECT clients.id AS clients_id, clients.full_name AS clients_full_name, clients.phone AS clients_phone, clients.address AS clients_address, clients.coordinates AS clients_coordinates, clients.created_at AS clients_created_at, clients.last_contact AS clients_last_contact, clients.comments AS clients_comments, clients.updated_at AS clients_updated_at, clients.backup_phone AS clients_backup_phone, clients.deleted_at AS clients_deleted_at 
FROM clients 
WHERE clients.id IN ($1::INTEGER)
2026-02-15 13:47:36,097 - sqlalchemy.engine.Engine - INFO - [generated in 0.00017s] (3,)
2026-02-15 13:47:36,100 - sqlalchemy.engine.Engine - INFO - SELECT installers.id AS installers_id, installers.full_name AS installers_full_name, installers.nickname AS installers_nickname, installers.phone AS installers_phone, installers.backup_phone AS installers_backup_phone, installers.specialization AS installers_specialization, installers.rating AS installers_rating, installers.base_price AS installers_base_price, installers.is_debtor AS installers_is_debtor, installers.comments AS installers_comments, installers.is_active AS installers_is_active, installers.is_in_funnel AS installers_is_in_funnel, installers.total_orders AS installers_total_orders, installers.poor_work_count AS installers_poor_work_count, installers.warranty_visits_count AS installers_warranty_visits_count, installers.last_incident_date AS installers_last_incident_date, installers.updated_at AS installers_updated_at, installers.created_at AS installers_created_at, installers.deleted_at AS installers_deleted_at 
FROM installers 
WHERE installers.id IN ($1::INTEGER)
2026-02-15 13:47:36,100 - sqlalchemy.engine.Engine - INFO - [generated in 0.00018s] (7,)
2026-02-15 13:47:36,102 - sqlalchemy.engine.Engine - INFO - ROLLBACK
2026-02-15 13:50:57,384 - core.logging - INFO - Starting CRM application
2026-02-15 13:50:57,384 - apscheduler.scheduler - INFO - Adding job tentatively -- it will be properly scheduled when the scheduler starts
2026-02-15 13:50:57,385 - apscheduler.scheduler - INFO - Added job "send_daily_reminder" to job store "default"
2026-02-15 13:50:57,385 - apscheduler.scheduler - INFO - Scheduler started
2026-02-15 13:50:57,385 - core.logging - INFO - Scheduler started
2026-02-15 13:51:11,753 - sqlalchemy.engine.Engine - INFO - select pg_catalog.version()
2026-02-15 13:51:11,753 - sqlalchemy.engine.Engine - INFO - [raw sql] ()
2026-02-15 13:51:11,755 - sqlalchemy.engine.Engine - INFO - select current_schema()
2026-02-15 13:51:11,755 - sqlalchemy.engine.Engine - INFO - [raw sql] ()
2026-02-15 13:51:11,756 - sqlalchemy.engine.Engine - INFO - show standard_conforming_strings
2026-02-15 13:51:11,756 - sqlalchemy.engine.Engine - INFO - [raw sql] ()
2026-02-15 13:51:11,757 - sqlalchemy.engine.Engine - INFO - BEGIN (implicit)
2026-02-15 13:51:11,759 - sqlalchemy.engine.Engine - INFO - INSERT INTO orders (client_id, installer_id, status, service_type, warehouse, service_datetime, delivery_datetime, promise, marker_color, address_text) VALUES ($1::INTEGER, $2::INTEGER, $3::order_status, $4::VARCHAR, $5::VARCHAR, $6::TIMESTAMP WITHOUT TIME ZONE, $7::TIMESTAMP WITHOUT TIME ZONE, $8::VARCHAR, $9::VARCHAR, $10::VARCHAR) RETURNING orders.id, orders.created_at, orders.updated_at
2026-02-15 13:51:11,759 - sqlalchemy.engine.Engine - INFO - [generated in 0.00019s] (4, 7, 'Новый', 'Установка кондиционера', None, datetime.datetime(2026, 3, 1, 10, 0), None, None, None, None)
2026-02-15 13:51:11,800 - sqlalchemy.engine.Engine - INFO - ROLLBACK
2026-02-15 13:51:11,801 - core.logging - ERROR - Unhandled exception: (sqlalchemy.dialects.postgresql.asyncpg.IntegrityError) <class 'asyncpg.exceptions.ForeignKeyViolationError'>: insert or update on table "orders" violates foreign key constraint "orders_client_id_fkey"
DETAIL:  Key (client_id)=(4) is not present in table "clients".
[SQL: INSERT INTO orders (client_id, installer_id, status, service_type, warehouse, service_datetime, delivery_datetime, promise, marker_color, address_text) VALUES ($1::INTEGER, $2::INTEGER, $3::order_status, $4::VARCHAR, $5::VARCHAR, $6::TIMESTAMP WITHOUT TIME ZONE, $7::TIMESTAMP WITHOUT TIME ZONE, $8::VARCHAR, $9::VARCHAR, $10::VARCHAR) RETURNING orders.id, orders.created_at, orders.updated_at]
[parameters: (4, 7, 'Новый', 'Установка кондиционера', None, datetime.datetime(2026, 3, 1, 10, 0), None, None, None, None)]
(Background on this error at: https://sqlalche.me/e/20/gkpj)
Traceback (most recent call last):
  File "/home/andre/Рабочий стол/CRM/venv/lib/python3.12/site-packages/sqlalchemy/dialects/postgresql/asyncpg.py", line 557, in _prepare_and_execute
    self._rows = await prepared_stmt.fetch(*parameters)
                 ^^^^^^^^^^^^^^^^^^^^^^^^^^^^^^^^^^^^^^
  File "/home/andre/Рабочий стол/CRM/venv/lib/python3.12/site-packages/asyncpg/prepared_stmt.py", line 177, in fetch
    data = await self.__bind_execute(args, 0, timeout)
           ^^^^^^^^^^^^^^^^^^^^^^^^^^^^^^^^^^^^^^^^^^^
  File "/home/andre/Рабочий стол/CRM/venv/lib/python3.12/site-packages/asyncpg/prepared_stmt.py", line 268, in __bind_execute
    data, status, _ = await self.__do_execute(
                      ^^^^^^^^^^^^^^^^^^^^^^^^
  File "/home/andre/Рабочий стол/CRM/venv/lib/python3.12/site-packages/asyncpg/prepared_stmt.py", line 257, in __do_execute
    return await executor(protocol)
           ^^^^^^^^^^^^^^^^^^^^^^^^
  File "asyncpg/protocol/protocol.pyx", line 205, in bind_execute
asyncpg.exceptions.ForeignKeyViolationError: insert or update on table "orders" violates foreign key constraint "orders_client_id_fkey"
DETAIL:  Key (client_id)=(4) is not present in table "clients".

The above exception was the direct cause of the following exception:

Traceback (most recent call last):
  File "/home/andre/Рабочий стол/CRM/venv/lib/python3.12/site-packages/sqlalchemy/engine/base.py", line 1969, in _exec_single_context
    self.dialect.do_execute(
  File "/home/andre/Рабочий стол/CRM/venv/lib/python3.12/site-packages/sqlalchemy/engine/default.py", line 922, in do_execute
    cursor.execute(statement, parameters)
  File "/home/andre/Рабочий стол/CRM/venv/lib/python3.12/site-packages/sqlalchemy/dialects/postgresql/asyncpg.py", line 591, in execute
    self._adapt_connection.await_(
  File "/home/andre/Рабочий стол/CRM/venv/lib/python3.12/site-packages/sqlalchemy/util/_concurrency_py3k.py", line 125, in await_only
    return current.driver.switch(awaitable)  # type: ignore[no-any-return]
           ^^^^^^^^^^^^^^^^^^^^^^^^^^^^^^^^
  File "/home/andre/Рабочий стол/CRM/venv/lib/python3.12/site-packages/sqlalchemy/util/_concurrency_py3k.py", line 185, in greenlet_spawn
    value = await result
            ^^^^^^^^^^^^
  File "/home/andre/Рабочий стол/CRM/venv/lib/python3.12/site-packages/sqlalchemy/dialects/postgresql/asyncpg.py", line 569, in _prepare_and_execute
    self._handle_exception(error)
  File "/home/andre/Рабочий стол/CRM/venv/lib/python3.12/site-packages/sqlalchemy/dialects/postgresql/asyncpg.py", line 520, in _handle_exception
    self._adapt_connection._handle_exception(error)
  File "/home/andre/Рабочий стол/CRM/venv/lib/python3.12/site-packages/sqlalchemy/dialects/postgresql/asyncpg.py", line 808, in _handle_exception
    raise translated_error from error
sqlalchemy.dialects.postgresql.asyncpg.AsyncAdapt_asyncpg_dbapi.IntegrityError: <class 'asyncpg.exceptions.ForeignKeyViolationError'>: insert or update on table "orders" violates foreign key constraint "orders_client_id_fkey"
DETAIL:  Key (client_id)=(4) is not present in table "clients".

The above exception was the direct cause of the following exception:

Traceback (most recent call last):
  File "/home/andre/Рабочий стол/CRM/backend/src/core/logging.py", line 49, in dispatch
    response = await call_next(request)
               ^^^^^^^^^^^^^^^^^^^^^^^^
  File "/home/andre/Рабочий стол/CRM/venv/lib/python3.12/site-packages/starlette/middleware/base.py", line 84, in call_next
    raise app_exc
  File "/home/andre/Рабочий стол/CRM/venv/lib/python3.12/site-packages/starlette/middleware/base.py", line 70, in coro
    await self.app(scope, receive_or_disconnect, send_no_error)
  File "/home/andre/Рабочий стол/CRM/venv/lib/python3.12/site-packages/starlette/middleware/exceptions.py", line 79, in __call__
    raise exc
  File "/home/andre/Рабочий стол/CRM/venv/lib/python3.12/site-packages/starlette/middleware/exceptions.py", line 68, in __call__
    await self.app(scope, receive, sender)
  File "/home/andre/Рабочий стол/CRM/venv/lib/python3.12/site-packages/fastapi/middleware/asyncexitstack.py", line 20, in __call__
    raise e
  File "/home/andre/Рабочий стол/CRM/venv/lib/python3.12/site-packages/fastapi/middleware/asyncexitstack.py", line 17, in __call__
    await self.app(scope, receive, send)
  File "/home/andre/Рабочий стол/CRM/venv/lib/python3.12/site-packages/starlette/routing.py", line 718, in __call__
    await route.handle(scope, receive, send)
  File "/home/andre/Рабочий стол/CRM/venv/lib/python3.12/site-packages/starlette/routing.py", line 276, in handle
    await self.app(scope, receive, send)
  File "/home/andre/Рабочий стол/CRM/venv/lib/python3.12/site-packages/starlette/routing.py", line 66, in app
    response = await func(request)
               ^^^^^^^^^^^^^^^^^^^
  File "/home/andre/Рабочий стол/CRM/venv/lib/python3.12/site-packages/fastapi/routing.py", line 274, in app
    raw_response = await run_endpoint_function(
                   ^^^^^^^^^^^^^^^^^^^^^^^^^^^^
  File "/home/andre/Рабочий стол/CRM/venv/lib/python3.12/site-packages/fastapi/routing.py", line 191, in run_endpoint_function
    return await dependant.call(**values)
           ^^^^^^^^^^^^^^^^^^^^^^^^^^^^^^
  File "/home/andre/Рабочий стол/CRM/backend/src/routers/orders.py", line 17, in create_order_endpoint
    return await create_order(db, order)
           ^^^^^^^^^^^^^^^^^^^^^^^^^^^^^
  File "/home/andre/Рабочий стол/CRM/backend/src/services/orders.py", line 16, in create_order
    await db.flush()  # чтобы получить id заказа, но не коммитить
    ^^^^^^^^^^^^^^^^
  File "/home/andre/Рабочий стол/CRM/venv/lib/python3.12/site-packages/sqlalchemy/ext/asyncio/session.py", line 802, in flush
    await greenlet_spawn(self.sync_session.flush, objects=objects)
  File "/home/andre/Рабочий стол/CRM/venv/lib/python3.12/site-packages/sqlalchemy/util/_concurrency_py3k.py", line 192, in greenlet_spawn
    result = context.switch(value)
             ^^^^^^^^^^^^^^^^^^^^^
  File "/home/andre/Рабочий стол/CRM/venv/lib/python3.12/site-packages/sqlalchemy/orm/session.py", line 4312, in flush
    self._flush(objects)
  File "/home/andre/Рабочий стол/CRM/venv/lib/python3.12/site-packages/sqlalchemy/orm/session.py", line 4447, in _flush
    with util.safe_reraise():
  File "/home/andre/Рабочий стол/CRM/venv/lib/python3.12/site-packages/sqlalchemy/util/langhelpers.py", line 146, in __exit__
    raise exc_value.with_traceback(exc_tb)
  File "/home/andre/Рабочий стол/CRM/venv/lib/python3.12/site-packages/sqlalchemy/orm/session.py", line 4408, in _flush
    flush_context.execute()
  File "/home/andre/Рабочий стол/CRM/venv/lib/python3.12/site-packages/sqlalchemy/orm/unitofwork.py", line 466, in execute
    rec.execute(self)
  File "/home/andre/Рабочий стол/CRM/venv/lib/python3.12/site-packages/sqlalchemy/orm/unitofwork.py", line 642, in execute
    util.preloaded.orm_persistence.save_obj(
  File "/home/andre/Рабочий стол/CRM/venv/lib/python3.12/site-packages/sqlalchemy/orm/persistence.py", line 93, in save_obj
    _emit_insert_statements(
  File "/home/andre/Рабочий стол/CRM/venv/lib/python3.12/site-packages/sqlalchemy/orm/persistence.py", line 1226, in _emit_insert_statements
    result = connection.execute(
             ^^^^^^^^^^^^^^^^^^^
  File "/home/andre/Рабочий стол/CRM/venv/lib/python3.12/site-packages/sqlalchemy/engine/base.py", line 1416, in execute
    return meth(
           ^^^^^
  File "/home/andre/Рабочий стол/CRM/venv/lib/python3.12/site-packages/sqlalchemy/sql/elements.py", line 516, in _execute_on_connection
    return connection._execute_clauseelement(
           ^^^^^^^^^^^^^^^^^^^^^^^^^^^^^^^^^^
  File "/home/andre/Рабочий стол/CRM/venv/lib/python3.12/site-packages/sqlalchemy/engine/base.py", line 1639, in _execute_clauseelement
    ret = self._execute_context(
          ^^^^^^^^^^^^^^^^^^^^^^
  File "/home/andre/Рабочий стол/CRM/venv/lib/python3.12/site-packages/sqlalchemy/engine/base.py", line 1848, in _execute_context
    return self._exec_single_context(
           ^^^^^^^^^^^^^^^^^^^^^^^^^^
  File "/home/andre/Рабочий стол/CRM/venv/lib/python3.12/site-packages/sqlalchemy/engine/base.py", line 1988, in _exec_single_context
    self._handle_dbapi_exception(
  File "/home/andre/Рабочий стол/CRM/venv/lib/python3.12/site-packages/sqlalchemy/engine/base.py", line 2343, in _handle_dbapi_exception
    raise sqlalchemy_exception.with_traceback(exc_info[2]) from e
  File "/home/andre/Рабочий стол/CRM/venv/lib/python3.12/site-packages/sqlalchemy/engine/base.py", line 1969, in _exec_single_context
    self.dialect.do_execute(
  File "/home/andre/Рабочий стол/CRM/venv/lib/python3.12/site-packages/sqlalchemy/engine/default.py", line 922, in do_execute
    cursor.execute(statement, parameters)
  File "/home/andre/Рабочий стол/CRM/venv/lib/python3.12/site-packages/sqlalchemy/dialects/postgresql/asyncpg.py", line 591, in execute
    self._adapt_connection.await_(
  File "/home/andre/Рабочий стол/CRM/venv/lib/python3.12/site-packages/sqlalchemy/util/_concurrency_py3k.py", line 125, in await_only
    return current.driver.switch(awaitable)  # type: ignore[no-any-return]
           ^^^^^^^^^^^^^^^^^^^^^^^^^^^^^^^^
  File "/home/andre/Рабочий стол/CRM/venv/lib/python3.12/site-packages/sqlalchemy/util/_concurrency_py3k.py", line 185, in greenlet_spawn
    value = await result
            ^^^^^^^^^^^^
  File "/home/andre/Рабочий стол/CRM/venv/lib/python3.12/site-packages/sqlalchemy/dialects/postgresql/asyncpg.py", line 569, in _prepare_and_execute
    self._handle_exception(error)
  File "/home/andre/Рабочий стол/CRM/venv/lib/python3.12/site-packages/sqlalchemy/dialects/postgresql/asyncpg.py", line 520, in _handle_exception
    self._adapt_connection._handle_exception(error)
  File "/home/andre/Рабочий стол/CRM/venv/lib/python3.12/site-packages/sqlalchemy/dialects/postgresql/asyncpg.py", line 808, in _handle_exception
    raise translated_error from error
sqlalchemy.exc.IntegrityError: (sqlalchemy.dialects.postgresql.asyncpg.IntegrityError) <class 'asyncpg.exceptions.ForeignKeyViolationError'>: insert or update on table "orders" violates foreign key constraint "orders_client_id_fkey"
DETAIL:  Key (client_id)=(4) is not present in table "clients".
[SQL: INSERT INTO orders (client_id, installer_id, status, service_type, warehouse, service_datetime, delivery_datetime, promise, marker_color, address_text) VALUES ($1::INTEGER, $2::INTEGER, $3::order_status, $4::VARCHAR, $5::VARCHAR, $6::TIMESTAMP WITHOUT TIME ZONE, $7::TIMESTAMP WITHOUT TIME ZONE, $8::VARCHAR, $9::VARCHAR, $10::VARCHAR) RETURNING orders.id, orders.created_at, orders.updated_at]
[parameters: (4, 7, 'Новый', 'Установка кондиционера', None, datetime.datetime(2026, 3, 1, 10, 0), None, None, None, None)]
(Background on this error at: https://sqlalche.me/e/20/gkpj)
2026-02-15 13:53:01,703 - sqlalchemy.engine.Engine - INFO - BEGIN (implicit)
2026-02-15 13:53:01,705 - sqlalchemy.engine.Engine - INFO - INSERT INTO clients (full_name, phone, address, coordinates, comments, updated_at, backup_phone, deleted_at) VALUES ($1::VARCHAR, $2::VARCHAR, $3::VARCHAR, $4, $5::VARCHAR, $6::TIMESTAMP WITH TIME ZONE, $7::VARCHAR, $8::TIMESTAMP WITH TIME ZONE) RETURNING clients.id, clients.created_at, clients.last_contact
2026-02-15 13:53:01,705 - sqlalchemy.engine.Engine - INFO - [generated in 0.00022s] ('Клиент для теста', '+70001112255', 'Москва, ул. Тестовая', None, None, None, None, None)
2026-02-15 13:53:01,745 - sqlalchemy.engine.Engine - INFO - COMMIT
2026-02-15 13:53:01,747 - sqlalchemy.engine.Engine - INFO - BEGIN (implicit)
2026-02-15 13:53:01,749 - sqlalchemy.engine.Engine - INFO - SELECT clients.id, clients.full_name, clients.phone, clients.address, clients.coordinates, clients.created_at, clients.last_contact, clients.comments, clients.updated_at, clients.backup_phone, clients.deleted_at 
FROM clients 
WHERE clients.id = $1::INTEGER
2026-02-15 13:53:01,749 - sqlalchemy.engine.Engine - INFO - [generated in 0.00016s] (4,)
2026-02-15 13:53:01,751 - sqlalchemy.engine.Engine - INFO - ROLLBACK
2026-02-15 13:54:02,678 - sqlalchemy.engine.Engine - INFO - BEGIN (implicit)
2026-02-15 13:54:02,678 - sqlalchemy.engine.Engine - INFO - INSERT INTO orders (client_id, installer_id, status, service_type, warehouse, service_datetime, delivery_datetime, promise, marker_color, address_text) VALUES ($1::INTEGER, $2::INTEGER, $3::order_status, $4::VARCHAR, $5::VARCHAR, $6::TIMESTAMP WITHOUT TIME ZONE, $7::TIMESTAMP WITHOUT TIME ZONE, $8::VARCHAR, $9::VARCHAR, $10::VARCHAR) RETURNING orders.id, orders.created_at, orders.updated_at
2026-02-15 13:54:02,679 - sqlalchemy.engine.Engine - INFO - [cached since 170.9s ago] (4, 7, 'Новый', 'Установка кондиционера', None, datetime.datetime(2026, 3, 1, 10, 0), None, None, None, None)
2026-02-15 13:54:02,737 - sqlalchemy.engine.Engine - INFO - SELECT address_cache.address, address_cache.lat, address_cache.lon, address_cache.updated_at 
FROM address_cache 
WHERE address_cache.address = $1::VARCHAR
2026-02-15 13:54:02,737 - sqlalchemy.engine.Engine - INFO - [generated in 0.00023s] ('Москва, Кремль',)
2026-02-15 13:54:02,741 - sqlalchemy.engine.Engine - INFO - INSERT INTO address_cache (address, lat, lon) VALUES ($1::VARCHAR, $2::NUMERIC(10, 7), $3::NUMERIC(10, 7)) RETURNING address_cache.updated_at
2026-02-15 13:54:02,741 - sqlalchemy.engine.Engine - INFO - [generated in 0.00013s] ('Москва, Кремль', 55.752004, 37.617734)
2026-02-15 13:54:02,742 - sqlalchemy.engine.Engine - INFO - COMMIT
2026-02-15 13:54:02,782 - sqlalchemy.engine.Engine - INFO - BEGIN (implicit)
2026-02-15 13:54:02,782 - sqlalchemy.engine.Engine - INFO - SELECT address_cache.address, address_cache.lat, address_cache.lon, address_cache.updated_at 
FROM address_cache 
WHERE address_cache.address = $1::VARCHAR
2026-02-15 13:54:02,782 - sqlalchemy.engine.Engine - INFO - [generated in 0.00012s] ('Москва, Кремль',)
2026-02-15 13:54:02,784 - sqlalchemy.engine.Engine - INFO - UPDATE orders SET address_text=$1::VARCHAR, updated_at=now() WHERE orders.id = $2::INTEGER
2026-02-15 13:54:02,784 - sqlalchemy.engine.Engine - INFO - [generated in 0.00011s] ('Москва, Кремль', 12)
2026-02-15 13:54:02,785 - sqlalchemy.engine.Engine - INFO - COMMIT
2026-02-15 13:54:02,786 - sqlalchemy.engine.Engine - INFO - BEGIN (implicit)
2026-02-15 13:54:02,787 - sqlalchemy.engine.Engine - INFO - SELECT orders.id, orders.client_id, orders.installer_id, orders.status, orders.service_type, orders.warehouse, orders.service_datetime, orders.delivery_datetime, orders.promise, orders.marker_color, orders.address_text, orders.created_at, orders.updated_at 
FROM orders 
WHERE orders.id = $1::INTEGER
2026-02-15 13:54:02,787 - sqlalchemy.engine.Engine - INFO - [generated in 0.00010s] (12,)
2026-02-15 13:54:02,817 - sqlalchemy.engine.Engine - INFO - SELECT orders.id, orders.client_id, orders.installer_id, orders.status, orders.service_type, orders.warehouse, orders.service_datetime, orders.delivery_datetime, orders.promise, orders.marker_color, orders.address_text, orders.created_at, orders.updated_at 
FROM orders 
WHERE orders.id = $1::INTEGER
2026-02-15 13:54:02,817 - sqlalchemy.engine.Engine - INFO - [generated in 0.00017s] (12,)
2026-02-15 13:54:02,819 - sqlalchemy.engine.Engine - INFO - SELECT clients.id AS clients_id, clients.full_name AS clients_full_name, clients.phone AS clients_phone, clients.address AS clients_address, clients.coordinates AS clients_coordinates, clients.created_at AS clients_created_at, clients.last_contact AS clients_last_contact, clients.comments AS clients_comments, clients.updated_at AS clients_updated_at, clients.backup_phone AS clients_backup_phone, clients.deleted_at AS clients_deleted_at 
FROM clients 
WHERE clients.id IN ($1::INTEGER)
2026-02-15 13:54:02,819 - sqlalchemy.engine.Engine - INFO - [generated in 0.00022s] (4,)
2026-02-15 13:54:02,823 - sqlalchemy.engine.Engine - INFO - SELECT installers.id AS installers_id, installers.full_name AS installers_full_name, installers.nickname AS installers_nickname, installers.phone AS installers_phone, installers.backup_phone AS installers_backup_phone, installers.specialization AS installers_specialization, installers.rating AS installers_rating, installers.base_price AS installers_base_price, installers.is_debtor AS installers_is_debtor, installers.comments AS installers_comments, installers.is_active AS installers_is_active, installers.is_in_funnel AS installers_is_in_funnel, installers.total_orders AS installers_total_orders, installers.poor_work_count AS installers_poor_work_count, installers.warranty_visits_count AS installers_warranty_visits_count, installers.last_incident_date AS installers_last_incident_date, installers.updated_at AS installers_updated_at, installers.created_at AS installers_created_at, installers.deleted_at AS installers_deleted_at 
FROM installers 
WHERE installers.id IN ($1::INTEGER)
2026-02-15 13:54:02,823 - sqlalchemy.engine.Engine - INFO - [generated in 0.00030s] (7,)
2026-02-15 13:54:02,826 - sqlalchemy.engine.Engine - INFO - ROLLBACK
2026-02-15 15:44:25,617 - core.logging - INFO - Starting CRM application
2026-02-15 15:44:25,618 - apscheduler.scheduler - INFO - Adding job tentatively -- it will be properly scheduled when the scheduler starts
2026-02-15 15:44:25,618 - apscheduler.scheduler - INFO - Adding job tentatively -- it will be properly scheduled when the scheduler starts
2026-02-15 15:44:25,618 - apscheduler.scheduler - INFO - Added job "send_daily_reminder" to job store "default"
2026-02-15 15:44:25,618 - apscheduler.scheduler - INFO - Added job "daily_weather_collection" to job store "default"
2026-02-15 15:44:25,618 - apscheduler.scheduler - INFO - Scheduler started
2026-02-15 15:44:25,618 - core.logging - INFO - Scheduler started
2026-02-15 15:45:56,488 - sqlalchemy.engine.Engine - INFO - select pg_catalog.version()
2026-02-15 15:45:56,488 - sqlalchemy.engine.Engine - INFO - [raw sql] ()
2026-02-15 15:45:56,489 - sqlalchemy.engine.Engine - INFO - select current_schema()
2026-02-15 15:45:56,489 - sqlalchemy.engine.Engine - INFO - [raw sql] ()
2026-02-15 15:45:56,490 - sqlalchemy.engine.Engine - INFO - show standard_conforming_strings
2026-02-15 15:45:56,490 - sqlalchemy.engine.Engine - INFO - [raw sql] ()
2026-02-15 15:45:56,490 - sqlalchemy.engine.Engine - INFO - BEGIN (implicit)
2026-02-15 15:45:56,492 - sqlalchemy.engine.Engine - INFO - INSERT INTO orders (client_id, installer_id, status, service_type, warehouse, service_datetime, delivery_datetime, promise, marker_color, address_text) VALUES ($1::INTEGER, $2::INTEGER, $3::order_status, $4::VARCHAR, $5::VARCHAR, $6::TIMESTAMP WITHOUT TIME ZONE, $7::TIMESTAMP WITHOUT TIME ZONE, $8::VARCHAR, $9::VARCHAR, $10::VARCHAR) RETURNING orders.id, orders.created_at, orders.updated_at
2026-02-15 15:45:56,492 - sqlalchemy.engine.Engine - INFO - [generated in 0.00015s] (3, 7, 'Новый', 'Установка кондиционера', None, datetime.datetime(2026, 3, 1, 10, 0), None, None, None, None)
2026-02-15 15:45:56,519 - sqlalchemy.engine.Engine - INFO - ROLLBACK
2026-02-15 15:45:56,520 - core.logging - ERROR - Unhandled exception: (sqlalchemy.dialects.postgresql.asyncpg.IntegrityError) <class 'asyncpg.exceptions.ForeignKeyViolationError'>: insert or update on table "orders" violates foreign key constraint "orders_client_id_fkey"
DETAIL:  Key (client_id)=(3) is not present in table "clients".
[SQL: INSERT INTO orders (client_id, installer_id, status, service_type, warehouse, service_datetime, delivery_datetime, promise, marker_color, address_text) VALUES ($1::INTEGER, $2::INTEGER, $3::order_status, $4::VARCHAR, $5::VARCHAR, $6::TIMESTAMP WITHOUT TIME ZONE, $7::TIMESTAMP WITHOUT TIME ZONE, $8::VARCHAR, $9::VARCHAR, $10::VARCHAR) RETURNING orders.id, orders.created_at, orders.updated_at]
[parameters: (3, 7, 'Новый', 'Установка кондиционера', None, datetime.datetime(2026, 3, 1, 10, 0), None, None, None, None)]
(Background on this error at: https://sqlalche.me/e/20/gkpj)
Traceback (most recent call last):
  File "/home/andre/Рабочий стол/CRM/venv/lib/python3.12/site-packages/sqlalchemy/dialects/postgresql/asyncpg.py", line 557, in _prepare_and_execute
    self._rows = await prepared_stmt.fetch(*parameters)
                 ^^^^^^^^^^^^^^^^^^^^^^^^^^^^^^^^^^^^^^
  File "/home/andre/Рабочий стол/CRM/venv/lib/python3.12/site-packages/asyncpg/prepared_stmt.py", line 177, in fetch
    data = await self.__bind_execute(args, 0, timeout)
           ^^^^^^^^^^^^^^^^^^^^^^^^^^^^^^^^^^^^^^^^^^^
  File "/home/andre/Рабочий стол/CRM/venv/lib/python3.12/site-packages/asyncpg/prepared_stmt.py", line 268, in __bind_execute
    data, status, _ = await self.__do_execute(
                      ^^^^^^^^^^^^^^^^^^^^^^^^
  File "/home/andre/Рабочий стол/CRM/venv/lib/python3.12/site-packages/asyncpg/prepared_stmt.py", line 257, in __do_execute
    return await executor(protocol)
           ^^^^^^^^^^^^^^^^^^^^^^^^
  File "asyncpg/protocol/protocol.pyx", line 205, in bind_execute
asyncpg.exceptions.ForeignKeyViolationError: insert or update on table "orders" violates foreign key constraint "orders_client_id_fkey"
DETAIL:  Key (client_id)=(3) is not present in table "clients".

The above exception was the direct cause of the following exception:

Traceback (most recent call last):
  File "/home/andre/Рабочий стол/CRM/venv/lib/python3.12/site-packages/sqlalchemy/engine/base.py", line 1969, in _exec_single_context
    self.dialect.do_execute(
  File "/home/andre/Рабочий стол/CRM/venv/lib/python3.12/site-packages/sqlalchemy/engine/default.py", line 922, in do_execute
    cursor.execute(statement, parameters)
  File "/home/andre/Рабочий стол/CRM/venv/lib/python3.12/site-packages/sqlalchemy/dialects/postgresql/asyncpg.py", line 591, in execute
    self._adapt_connection.await_(
  File "/home/andre/Рабочий стол/CRM/venv/lib/python3.12/site-packages/sqlalchemy/util/_concurrency_py3k.py", line 125, in await_only
    return current.driver.switch(awaitable)  # type: ignore[no-any-return]
           ^^^^^^^^^^^^^^^^^^^^^^^^^^^^^^^^
  File "/home/andre/Рабочий стол/CRM/venv/lib/python3.12/site-packages/sqlalchemy/util/_concurrency_py3k.py", line 185, in greenlet_spawn
    value = await result
            ^^^^^^^^^^^^
  File "/home/andre/Рабочий стол/CRM/venv/lib/python3.12/site-packages/sqlalchemy/dialects/postgresql/asyncpg.py", line 569, in _prepare_and_execute
    self._handle_exception(error)
  File "/home/andre/Рабочий стол/CRM/venv/lib/python3.12/site-packages/sqlalchemy/dialects/postgresql/asyncpg.py", line 520, in _handle_exception
    self._adapt_connection._handle_exception(error)
  File "/home/andre/Рабочий стол/CRM/venv/lib/python3.12/site-packages/sqlalchemy/dialects/postgresql/asyncpg.py", line 808, in _handle_exception
    raise translated_error from error
sqlalchemy.dialects.postgresql.asyncpg.AsyncAdapt_asyncpg_dbapi.IntegrityError: <class 'asyncpg.exceptions.ForeignKeyViolationError'>: insert or update on table "orders" violates foreign key constraint "orders_client_id_fkey"
DETAIL:  Key (client_id)=(3) is not present in table "clients".

The above exception was the direct cause of the following exception:

Traceback (most recent call last):
  File "/home/andre/Рабочий стол/CRM/backend/src/core/logging.py", line 49, in dispatch
    response = await call_next(request)
               ^^^^^^^^^^^^^^^^^^^^^^^^
  File "/home/andre/Рабочий стол/CRM/venv/lib/python3.12/site-packages/starlette/middleware/base.py", line 84, in call_next
    raise app_exc
  File "/home/andre/Рабочий стол/CRM/venv/lib/python3.12/site-packages/starlette/middleware/base.py", line 70, in coro
    await self.app(scope, receive_or_disconnect, send_no_error)
  File "/home/andre/Рабочий стол/CRM/venv/lib/python3.12/site-packages/starlette/middleware/exceptions.py", line 79, in __call__
    raise exc
  File "/home/andre/Рабочий стол/CRM/venv/lib/python3.12/site-packages/starlette/middleware/exceptions.py", line 68, in __call__
    await self.app(scope, receive, sender)
  File "/home/andre/Рабочий стол/CRM/venv/lib/python3.12/site-packages/fastapi/middleware/asyncexitstack.py", line 20, in __call__
    raise e
  File "/home/andre/Рабочий стол/CRM/venv/lib/python3.12/site-packages/fastapi/middleware/asyncexitstack.py", line 17, in __call__
    await self.app(scope, receive, send)
  File "/home/andre/Рабочий стол/CRM/venv/lib/python3.12/site-packages/starlette/routing.py", line 718, in __call__
    await route.handle(scope, receive, send)
  File "/home/andre/Рабочий стол/CRM/venv/lib/python3.12/site-packages/starlette/routing.py", line 276, in handle
    await self.app(scope, receive, send)
  File "/home/andre/Рабочий стол/CRM/venv/lib/python3.12/site-packages/starlette/routing.py", line 66, in app
    response = await func(request)
               ^^^^^^^^^^^^^^^^^^^
  File "/home/andre/Рабочий стол/CRM/venv/lib/python3.12/site-packages/fastapi/routing.py", line 274, in app
    raw_response = await run_endpoint_function(
                   ^^^^^^^^^^^^^^^^^^^^^^^^^^^^
  File "/home/andre/Рабочий стол/CRM/venv/lib/python3.12/site-packages/fastapi/routing.py", line 191, in run_endpoint_function
    return await dependant.call(**values)
           ^^^^^^^^^^^^^^^^^^^^^^^^^^^^^^
  File "/home/andre/Рабочий стол/CRM/backend/src/routers/orders.py", line 17, in create_order_endpoint
    return await create_order(db, order)
           ^^^^^^^^^^^^^^^^^^^^^^^^^^^^^
  File "/home/andre/Рабочий стол/CRM/backend/src/services/orders.py", line 16, in create_order
    await db.flush()  # чтобы получить id заказа, но не коммитить
    ^^^^^^^^^^^^^^^^
  File "/home/andre/Рабочий стол/CRM/venv/lib/python3.12/site-packages/sqlalchemy/ext/asyncio/session.py", line 802, in flush
    await greenlet_spawn(self.sync_session.flush, objects=objects)
  File "/home/andre/Рабочий стол/CRM/venv/lib/python3.12/site-packages/sqlalchemy/util/_concurrency_py3k.py", line 192, in greenlet_spawn
    result = context.switch(value)
             ^^^^^^^^^^^^^^^^^^^^^
  File "/home/andre/Рабочий стол/CRM/venv/lib/python3.12/site-packages/sqlalchemy/orm/session.py", line 4312, in flush
    self._flush(objects)
  File "/home/andre/Рабочий стол/CRM/venv/lib/python3.12/site-packages/sqlalchemy/orm/session.py", line 4447, in _flush
    with util.safe_reraise():
  File "/home/andre/Рабочий стол/CRM/venv/lib/python3.12/site-packages/sqlalchemy/util/langhelpers.py", line 146, in __exit__
    raise exc_value.with_traceback(exc_tb)
  File "/home/andre/Рабочий стол/CRM/venv/lib/python3.12/site-packages/sqlalchemy/orm/session.py", line 4408, in _flush
    flush_context.execute()
  File "/home/andre/Рабочий стол/CRM/venv/lib/python3.12/site-packages/sqlalchemy/orm/unitofwork.py", line 466, in execute
    rec.execute(self)
  File "/home/andre/Рабочий стол/CRM/venv/lib/python3.12/site-packages/sqlalchemy/orm/unitofwork.py", line 642, in execute
    util.preloaded.orm_persistence.save_obj(
  File "/home/andre/Рабочий стол/CRM/venv/lib/python3.12/site-packages/sqlalchemy/orm/persistence.py", line 93, in save_obj
    _emit_insert_statements(
  File "/home/andre/Рабочий стол/CRM/venv/lib/python3.12/site-packages/sqlalchemy/orm/persistence.py", line 1226, in _emit_insert_statements
    result = connection.execute(
             ^^^^^^^^^^^^^^^^^^^
  File "/home/andre/Рабочий стол/CRM/venv/lib/python3.12/site-packages/sqlalchemy/engine/base.py", line 1416, in execute
    return meth(
           ^^^^^
  File "/home/andre/Рабочий стол/CRM/venv/lib/python3.12/site-packages/sqlalchemy/sql/elements.py", line 516, in _execute_on_connection
    return connection._execute_clauseelement(
           ^^^^^^^^^^^^^^^^^^^^^^^^^^^^^^^^^^
  File "/home/andre/Рабочий стол/CRM/venv/lib/python3.12/site-packages/sqlalchemy/engine/base.py", line 1639, in _execute_clauseelement
    ret = self._execute_context(
          ^^^^^^^^^^^^^^^^^^^^^^
  File "/home/andre/Рабочий стол/CRM/venv/lib/python3.12/site-packages/sqlalchemy/engine/base.py", line 1848, in _execute_context
    return self._exec_single_context(
           ^^^^^^^^^^^^^^^^^^^^^^^^^^
  File "/home/andre/Рабочий стол/CRM/venv/lib/python3.12/site-packages/sqlalchemy/engine/base.py", line 1988, in _exec_single_context
    self._handle_dbapi_exception(
  File "/home/andre/Рабочий стол/CRM/venv/lib/python3.12/site-packages/sqlalchemy/engine/base.py", line 2343, in _handle_dbapi_exception
    raise sqlalchemy_exception.with_traceback(exc_info[2]) from e
  File "/home/andre/Рабочий стол/CRM/venv/lib/python3.12/site-packages/sqlalchemy/engine/base.py", line 1969, in _exec_single_context
    self.dialect.do_execute(
  File "/home/andre/Рабочий стол/CRM/venv/lib/python3.12/site-packages/sqlalchemy/engine/default.py", line 922, in do_execute
    cursor.execute(statement, parameters)
  File "/home/andre/Рабочий стол/CRM/venv/lib/python3.12/site-packages/sqlalchemy/dialects/postgresql/asyncpg.py", line 591, in execute
    self._adapt_connection.await_(
  File "/home/andre/Рабочий стол/CRM/venv/lib/python3.12/site-packages/sqlalchemy/util/_concurrency_py3k.py", line 125, in await_only
    return current.driver.switch(awaitable)  # type: ignore[no-any-return]
           ^^^^^^^^^^^^^^^^^^^^^^^^^^^^^^^^
  File "/home/andre/Рабочий стол/CRM/venv/lib/python3.12/site-packages/sqlalchemy/util/_concurrency_py3k.py", line 185, in greenlet_spawn
    value = await result
            ^^^^^^^^^^^^
  File "/home/andre/Рабочий стол/CRM/venv/lib/python3.12/site-packages/sqlalchemy/dialects/postgresql/asyncpg.py", line 569, in _prepare_and_execute
    self._handle_exception(error)
  File "/home/andre/Рабочий стол/CRM/venv/lib/python3.12/site-packages/sqlalchemy/dialects/postgresql/asyncpg.py", line 520, in _handle_exception
    self._adapt_connection._handle_exception(error)
  File "/home/andre/Рабочий стол/CRM/venv/lib/python3.12/site-packages/sqlalchemy/dialects/postgresql/asyncpg.py", line 808, in _handle_exception
    raise translated_error from error
sqlalchemy.exc.IntegrityError: (sqlalchemy.dialects.postgresql.asyncpg.IntegrityError) <class 'asyncpg.exceptions.ForeignKeyViolationError'>: insert or update on table "orders" violates foreign key constraint "orders_client_id_fkey"
DETAIL:  Key (client_id)=(3) is not present in table "clients".
[SQL: INSERT INTO orders (client_id, installer_id, status, service_type, warehouse, service_datetime, delivery_datetime, promise, marker_color, address_text) VALUES ($1::INTEGER, $2::INTEGER, $3::order_status, $4::VARCHAR, $5::VARCHAR, $6::TIMESTAMP WITHOUT TIME ZONE, $7::TIMESTAMP WITHOUT TIME ZONE, $8::VARCHAR, $9::VARCHAR, $10::VARCHAR) RETURNING orders.id, orders.created_at, orders.updated_at]
[parameters: (3, 7, 'Новый', 'Установка кондиционера', None, datetime.datetime(2026, 3, 1, 10, 0), None, None, None, None)]
(Background on this error at: https://sqlalche.me/e/20/gkpj)
2026-02-15 15:50:14,141 - core.logging - INFO - Starting CRM application
2026-02-15 15:50:14,141 - apscheduler.scheduler - INFO - Adding job tentatively -- it will be properly scheduled when the scheduler starts
2026-02-15 15:50:14,141 - apscheduler.scheduler - INFO - Adding job tentatively -- it will be properly scheduled when the scheduler starts
2026-02-15 15:50:14,142 - apscheduler.scheduler - INFO - Added job "send_daily_reminder" to job store "default"
2026-02-15 15:50:14,142 - apscheduler.scheduler - INFO - Added job "daily_weather_collection" to job store "default"
2026-02-15 15:50:14,142 - apscheduler.scheduler - INFO - Scheduler started
2026-02-15 15:50:14,142 - core.logging - INFO - Scheduler started
2026-02-15 15:51:02,513 - sqlalchemy.engine.Engine - INFO - select pg_catalog.version()
2026-02-15 15:51:02,513 - sqlalchemy.engine.Engine - INFO - [raw sql] ()
2026-02-15 15:51:02,515 - sqlalchemy.engine.Engine - INFO - select current_schema()
2026-02-15 15:51:02,515 - sqlalchemy.engine.Engine - INFO - [raw sql] ()
2026-02-15 15:51:02,516 - sqlalchemy.engine.Engine - INFO - show standard_conforming_strings
2026-02-15 15:51:02,516 - sqlalchemy.engine.Engine - INFO - [raw sql] ()
2026-02-15 15:51:02,517 - sqlalchemy.engine.Engine - INFO - BEGIN (implicit)
2026-02-15 15:51:02,518 - sqlalchemy.engine.Engine - INFO - INSERT INTO clients (full_name, phone, address, coordinates, comments, updated_at, backup_phone, deleted_at) VALUES ($1::VARCHAR, $2::VARCHAR, $3::VARCHAR, $4, $5::VARCHAR, $6::TIMESTAMP WITH TIME ZONE, $7::VARCHAR, $8::TIMESTAMP WITH TIME ZONE) RETURNING clients.id, clients.created_at, clients.last_contact
2026-02-15 15:51:02,518 - sqlalchemy.engine.Engine - INFO - [generated in 0.00014s] ('Тестовый клиент 2', '+70001112255', 'Москва, ул. Тестовая', None, None, None, None, None)
2026-02-15 15:51:02,561 - sqlalchemy.engine.Engine - INFO - COMMIT
2026-02-15 15:51:02,566 - sqlalchemy.engine.Engine - INFO - BEGIN (implicit)
2026-02-15 15:51:02,573 - sqlalchemy.engine.Engine - INFO - SELECT clients.id, clients.full_name, clients.phone, clients.address, clients.coordinates, clients.created_at, clients.last_contact, clients.comments, clients.updated_at, clients.backup_phone, clients.deleted_at 
FROM clients 
WHERE clients.id = $1::INTEGER
2026-02-15 15:51:02,573 - sqlalchemy.engine.Engine - INFO - [generated in 0.00045s] (1,)
2026-02-15 15:51:02,579 - sqlalchemy.engine.Engine - INFO - ROLLBACK
2026-02-15 15:51:49,351 - sqlalchemy.engine.Engine - INFO - BEGIN (implicit)
2026-02-15 15:51:49,354 - sqlalchemy.engine.Engine - INFO - INSERT INTO orders (client_id, installer_id, status, service_type, warehouse, service_datetime, delivery_datetime, promise, marker_color, address_text) VALUES ($1::INTEGER, $2::INTEGER, $3::order_status, $4::VARCHAR, $5::VARCHAR, $6::TIMESTAMP WITHOUT TIME ZONE, $7::TIMESTAMP WITHOUT TIME ZONE, $8::VARCHAR, $9::VARCHAR, $10::VARCHAR) RETURNING orders.id, orders.created_at, orders.updated_at
2026-02-15 15:51:49,355 - sqlalchemy.engine.Engine - INFO - [generated in 0.00048s] (1, 1, 'Новый', 'Установка кондиционера', None, datetime.datetime(2026, 3, 1, 10, 0), None, None, None, None)
2026-02-15 15:51:49,425 - sqlalchemy.engine.Engine - INFO - ROLLBACK
2026-02-15 15:51:49,464 - core.logging - ERROR - Unhandled exception: (sqlalchemy.dialects.postgresql.asyncpg.IntegrityError) <class 'asyncpg.exceptions.ForeignKeyViolationError'>: insert or update on table "orders" violates foreign key constraint "orders_installer_id_fkey"
DETAIL:  Key (installer_id)=(1) is not present in table "installers".
[SQL: INSERT INTO orders (client_id, installer_id, status, service_type, warehouse, service_datetime, delivery_datetime, promise, marker_color, address_text) VALUES ($1::INTEGER, $2::INTEGER, $3::order_status, $4::VARCHAR, $5::VARCHAR, $6::TIMESTAMP WITHOUT TIME ZONE, $7::TIMESTAMP WITHOUT TIME ZONE, $8::VARCHAR, $9::VARCHAR, $10::VARCHAR) RETURNING orders.id, orders.created_at, orders.updated_at]
[parameters: (1, 1, 'Новый', 'Установка кондиционера', None, datetime.datetime(2026, 3, 1, 10, 0), None, None, None, None)]
(Background on this error at: https://sqlalche.me/e/20/gkpj)
Traceback (most recent call last):
  File "/home/andre/Рабочий стол/CRM/venv/lib/python3.12/site-packages/sqlalchemy/dialects/postgresql/asyncpg.py", line 557, in _prepare_and_execute
    self._rows = await prepared_stmt.fetch(*parameters)
                 ^^^^^^^^^^^^^^^^^^^^^^^^^^^^^^^^^^^^^^
  File "/home/andre/Рабочий стол/CRM/venv/lib/python3.12/site-packages/asyncpg/prepared_stmt.py", line 177, in fetch
    data = await self.__bind_execute(args, 0, timeout)
           ^^^^^^^^^^^^^^^^^^^^^^^^^^^^^^^^^^^^^^^^^^^
  File "/home/andre/Рабочий стол/CRM/venv/lib/python3.12/site-packages/asyncpg/prepared_stmt.py", line 268, in __bind_execute
    data, status, _ = await self.__do_execute(
                      ^^^^^^^^^^^^^^^^^^^^^^^^
  File "/home/andre/Рабочий стол/CRM/venv/lib/python3.12/site-packages/asyncpg/prepared_stmt.py", line 257, in __do_execute
    return await executor(protocol)
           ^^^^^^^^^^^^^^^^^^^^^^^^
  File "asyncpg/protocol/protocol.pyx", line 205, in bind_execute
asyncpg.exceptions.ForeignKeyViolationError: insert or update on table "orders" violates foreign key constraint "orders_installer_id_fkey"
DETAIL:  Key (installer_id)=(1) is not present in table "installers".

The above exception was the direct cause of the following exception:

Traceback (most recent call last):
  File "/home/andre/Рабочий стол/CRM/venv/lib/python3.12/site-packages/sqlalchemy/engine/base.py", line 1969, in _exec_single_context
    self.dialect.do_execute(
  File "/home/andre/Рабочий стол/CRM/venv/lib/python3.12/site-packages/sqlalchemy/engine/default.py", line 922, in do_execute
    cursor.execute(statement, parameters)
  File "/home/andre/Рабочий стол/CRM/venv/lib/python3.12/site-packages/sqlalchemy/dialects/postgresql/asyncpg.py", line 591, in execute
    self._adapt_connection.await_(
  File "/home/andre/Рабочий стол/CRM/venv/lib/python3.12/site-packages/sqlalchemy/util/_concurrency_py3k.py", line 125, in await_only
    return current.driver.switch(awaitable)  # type: ignore[no-any-return]
           ^^^^^^^^^^^^^^^^^^^^^^^^^^^^^^^^
  File "/home/andre/Рабочий стол/CRM/venv/lib/python3.12/site-packages/sqlalchemy/util/_concurrency_py3k.py", line 185, in greenlet_spawn
    value = await result
            ^^^^^^^^^^^^
  File "/home/andre/Рабочий стол/CRM/venv/lib/python3.12/site-packages/sqlalchemy/dialects/postgresql/asyncpg.py", line 569, in _prepare_and_execute
    self._handle_exception(error)
  File "/home/andre/Рабочий стол/CRM/venv/lib/python3.12/site-packages/sqlalchemy/dialects/postgresql/asyncpg.py", line 520, in _handle_exception
    self._adapt_connection._handle_exception(error)
  File "/home/andre/Рабочий стол/CRM/venv/lib/python3.12/site-packages/sqlalchemy/dialects/postgresql/asyncpg.py", line 808, in _handle_exception
    raise translated_error from error
sqlalchemy.dialects.postgresql.asyncpg.AsyncAdapt_asyncpg_dbapi.IntegrityError: <class 'asyncpg.exceptions.ForeignKeyViolationError'>: insert or update on table "orders" violates foreign key constraint "orders_installer_id_fkey"
DETAIL:  Key (installer_id)=(1) is not present in table "installers".

The above exception was the direct cause of the following exception:

Traceback (most recent call last):
  File "/home/andre/Рабочий стол/CRM/backend/src/core/logging.py", line 49, in dispatch
    response = await call_next(request)
               ^^^^^^^^^^^^^^^^^^^^^^^^
  File "/home/andre/Рабочий стол/CRM/venv/lib/python3.12/site-packages/starlette/middleware/base.py", line 84, in call_next
    raise app_exc
  File "/home/andre/Рабочий стол/CRM/venv/lib/python3.12/site-packages/starlette/middleware/base.py", line 70, in coro
    await self.app(scope, receive_or_disconnect, send_no_error)
  File "/home/andre/Рабочий стол/CRM/venv/lib/python3.12/site-packages/starlette/middleware/exceptions.py", line 79, in __call__
    raise exc
  File "/home/andre/Рабочий стол/CRM/venv/lib/python3.12/site-packages/starlette/middleware/exceptions.py", line 68, in __call__
    await self.app(scope, receive, sender)
  File "/home/andre/Рабочий стол/CRM/venv/lib/python3.12/site-packages/fastapi/middleware/asyncexitstack.py", line 20, in __call__
    raise e
  File "/home/andre/Рабочий стол/CRM/venv/lib/python3.12/site-packages/fastapi/middleware/asyncexitstack.py", line 17, in __call__
    await self.app(scope, receive, send)
  File "/home/andre/Рабочий стол/CRM/venv/lib/python3.12/site-packages/starlette/routing.py", line 718, in __call__
    await route.handle(scope, receive, send)
  File "/home/andre/Рабочий стол/CRM/venv/lib/python3.12/site-packages/starlette/routing.py", line 276, in handle
    await self.app(scope, receive, send)
  File "/home/andre/Рабочий стол/CRM/venv/lib/python3.12/site-packages/starlette/routing.py", line 66, in app
    response = await func(request)
               ^^^^^^^^^^^^^^^^^^^
  File "/home/andre/Рабочий стол/CRM/venv/lib/python3.12/site-packages/fastapi/routing.py", line 274, in app
    raw_response = await run_endpoint_function(
                   ^^^^^^^^^^^^^^^^^^^^^^^^^^^^
  File "/home/andre/Рабочий стол/CRM/venv/lib/python3.12/site-packages/fastapi/routing.py", line 191, in run_endpoint_function
    return await dependant.call(**values)
           ^^^^^^^^^^^^^^^^^^^^^^^^^^^^^^
  File "/home/andre/Рабочий стол/CRM/backend/src/routers/orders.py", line 17, in create_order_endpoint
    return await create_order(db, order)
           ^^^^^^^^^^^^^^^^^^^^^^^^^^^^^
  File "/home/andre/Рабочий стол/CRM/backend/src/services/orders.py", line 16, in create_order
    await db.flush()  # чтобы получить id заказа, но не коммитить
    ^^^^^^^^^^^^^^^^
  File "/home/andre/Рабочий стол/CRM/venv/lib/python3.12/site-packages/sqlalchemy/ext/asyncio/session.py", line 802, in flush
    await greenlet_spawn(self.sync_session.flush, objects=objects)
  File "/home/andre/Рабочий стол/CRM/venv/lib/python3.12/site-packages/sqlalchemy/util/_concurrency_py3k.py", line 192, in greenlet_spawn
    result = context.switch(value)
             ^^^^^^^^^^^^^^^^^^^^^
  File "/home/andre/Рабочий стол/CRM/venv/lib/python3.12/site-packages/sqlalchemy/orm/session.py", line 4312, in flush
    self._flush(objects)
  File "/home/andre/Рабочий стол/CRM/venv/lib/python3.12/site-packages/sqlalchemy/orm/session.py", line 4447, in _flush
    with util.safe_reraise():
  File "/home/andre/Рабочий стол/CRM/venv/lib/python3.12/site-packages/sqlalchemy/util/langhelpers.py", line 146, in __exit__
    raise exc_value.with_traceback(exc_tb)
  File "/home/andre/Рабочий стол/CRM/venv/lib/python3.12/site-packages/sqlalchemy/orm/session.py", line 4408, in _flush
    flush_context.execute()
  File "/home/andre/Рабочий стол/CRM/venv/lib/python3.12/site-packages/sqlalchemy/orm/unitofwork.py", line 466, in execute
    rec.execute(self)
  File "/home/andre/Рабочий стол/CRM/venv/lib/python3.12/site-packages/sqlalchemy/orm/unitofwork.py", line 642, in execute
    util.preloaded.orm_persistence.save_obj(
  File "/home/andre/Рабочий стол/CRM/venv/lib/python3.12/site-packages/sqlalchemy/orm/persistence.py", line 93, in save_obj
    _emit_insert_statements(
  File "/home/andre/Рабочий стол/CRM/venv/lib/python3.12/site-packages/sqlalchemy/orm/persistence.py", line 1226, in _emit_insert_statements
    result = connection.execute(
             ^^^^^^^^^^^^^^^^^^^
  File "/home/andre/Рабочий стол/CRM/venv/lib/python3.12/site-packages/sqlalchemy/engine/base.py", line 1416, in execute
    return meth(
           ^^^^^
  File "/home/andre/Рабочий стол/CRM/venv/lib/python3.12/site-packages/sqlalchemy/sql/elements.py", line 516, in _execute_on_connection
    return connection._execute_clauseelement(
           ^^^^^^^^^^^^^^^^^^^^^^^^^^^^^^^^^^
  File "/home/andre/Рабочий стол/CRM/venv/lib/python3.12/site-packages/sqlalchemy/engine/base.py", line 1639, in _execute_clauseelement
    ret = self._execute_context(
          ^^^^^^^^^^^^^^^^^^^^^^
  File "/home/andre/Рабочий стол/CRM/venv/lib/python3.12/site-packages/sqlalchemy/engine/base.py", line 1848, in _execute_context
    return self._exec_single_context(
           ^^^^^^^^^^^^^^^^^^^^^^^^^^
  File "/home/andre/Рабочий стол/CRM/venv/lib/python3.12/site-packages/sqlalchemy/engine/base.py", line 1988, in _exec_single_context
    self._handle_dbapi_exception(
  File "/home/andre/Рабочий стол/CRM/venv/lib/python3.12/site-packages/sqlalchemy/engine/base.py", line 2343, in _handle_dbapi_exception
    raise sqlalchemy_exception.with_traceback(exc_info[2]) from e
  File "/home/andre/Рабочий стол/CRM/venv/lib/python3.12/site-packages/sqlalchemy/engine/base.py", line 1969, in _exec_single_context
    self.dialect.do_execute(
  File "/home/andre/Рабочий стол/CRM/venv/lib/python3.12/site-packages/sqlalchemy/engine/default.py", line 922, in do_execute
    cursor.execute(statement, parameters)
  File "/home/andre/Рабочий стол/CRM/venv/lib/python3.12/site-packages/sqlalchemy/dialects/postgresql/asyncpg.py", line 591, in execute
    self._adapt_connection.await_(
  File "/home/andre/Рабочий стол/CRM/venv/lib/python3.12/site-packages/sqlalchemy/util/_concurrency_py3k.py", line 125, in await_only
    return current.driver.switch(awaitable)  # type: ignore[no-any-return]
           ^^^^^^^^^^^^^^^^^^^^^^^^^^^^^^^^
  File "/home/andre/Рабочий стол/CRM/venv/lib/python3.12/site-packages/sqlalchemy/util/_concurrency_py3k.py", line 185, in greenlet_spawn
    value = await result
            ^^^^^^^^^^^^
  File "/home/andre/Рабочий стол/CRM/venv/lib/python3.12/site-packages/sqlalchemy/dialects/postgresql/asyncpg.py", line 569, in _prepare_and_execute
    self._handle_exception(error)
  File "/home/andre/Рабочий стол/CRM/venv/lib/python3.12/site-packages/sqlalchemy/dialects/postgresql/asyncpg.py", line 520, in _handle_exception
    self._adapt_connection._handle_exception(error)
  File "/home/andre/Рабочий стол/CRM/venv/lib/python3.12/site-packages/sqlalchemy/dialects/postgresql/asyncpg.py", line 808, in _handle_exception
    raise translated_error from error
sqlalchemy.exc.IntegrityError: (sqlalchemy.dialects.postgresql.asyncpg.IntegrityError) <class 'asyncpg.exceptions.ForeignKeyViolationError'>: insert or update on table "orders" violates foreign key constraint "orders_installer_id_fkey"
DETAIL:  Key (installer_id)=(1) is not present in table "installers".
[SQL: INSERT INTO orders (client_id, installer_id, status, service_type, warehouse, service_datetime, delivery_datetime, promise, marker_color, address_text) VALUES ($1::INTEGER, $2::INTEGER, $3::order_status, $4::VARCHAR, $5::VARCHAR, $6::TIMESTAMP WITHOUT TIME ZONE, $7::TIMESTAMP WITHOUT TIME ZONE, $8::VARCHAR, $9::VARCHAR, $10::VARCHAR) RETURNING orders.id, orders.created_at, orders.updated_at]
[parameters: (1, 1, 'Новый', 'Установка кондиционера', None, datetime.datetime(2026, 3, 1, 10, 0), None, None, None, None)]
(Background on this error at: https://sqlalche.me/e/20/gkpj)
2026-02-15 15:53:10,631 - sqlalchemy.engine.Engine - INFO - BEGIN (implicit)
2026-02-15 15:53:10,633 - sqlalchemy.engine.Engine - INFO - INSERT INTO installers (full_name, nickname, phone, backup_phone, specialization, rating, base_price, is_debtor, comments, is_active, is_in_funnel, total_orders, poor_work_count, warranty_visits_count, last_incident_date, deleted_at) VALUES ($1::VARCHAR, $2::VARCHAR, $3::VARCHAR, $4::VARCHAR, $5::VARCHAR[], $6::NUMERIC(3, 1), $7::NUMERIC(10, 2), $8::BOOLEAN, $9::VARCHAR, $10::BOOLEAN, $11::BOOLEAN, $12::INTEGER, $13::INTEGER, $14::INTEGER, $15::TIMESTAMP WITH TIME ZONE, $16::TIMESTAMP WITH TIME ZONE) RETURNING installers.id, installers.updated_at, installers.created_at
2026-02-15 15:53:10,633 - sqlalchemy.engine.Engine - INFO - [generated in 0.00017s] ('Тестовый монтажник', None, '+70001112266', None, ['монтажник'], 10.0, 0, False, None, True, True, 0, 0, 0, None, None)
2026-02-15 15:53:10,680 - sqlalchemy.engine.Engine - INFO - COMMIT
2026-02-15 15:53:10,681 - sqlalchemy.engine.Engine - INFO - BEGIN (implicit)
2026-02-15 15:53:10,682 - sqlalchemy.engine.Engine - INFO - SELECT installers.id, installers.full_name, installers.nickname, installers.phone, installers.backup_phone, installers.specialization, installers.rating, installers.base_price, installers.is_debtor, installers.comments, installers.is_active, installers.is_in_funnel, installers.total_orders, installers.poor_work_count, installers.warranty_visits_count, installers.last_incident_date, installers.updated_at, installers.created_at, installers.deleted_at 
FROM installers 
WHERE installers.id = $1::INTEGER
2026-02-15 15:53:10,682 - sqlalchemy.engine.Engine - INFO - [generated in 0.00015s] (1,)
2026-02-15 15:53:10,684 - sqlalchemy.engine.Engine - INFO - ROLLBACK
2026-02-15 15:53:25,129 - sqlalchemy.engine.Engine - INFO - BEGIN (implicit)
2026-02-15 15:53:25,129 - sqlalchemy.engine.Engine - INFO - INSERT INTO orders (client_id, installer_id, status, service_type, warehouse, service_datetime, delivery_datetime, promise, marker_color, address_text) VALUES ($1::INTEGER, $2::INTEGER, $3::order_status, $4::VARCHAR, $5::VARCHAR, $6::TIMESTAMP WITHOUT TIME ZONE, $7::TIMESTAMP WITHOUT TIME ZONE, $8::VARCHAR, $9::VARCHAR, $10::VARCHAR) RETURNING orders.id, orders.created_at, orders.updated_at
2026-02-15 15:53:25,129 - sqlalchemy.engine.Engine - INFO - [cached since 95.77s ago] (1, 1, 'Новый', 'Установка кондиционера', None, datetime.datetime(2026, 3, 1, 10, 0), None, None, None, None)
2026-02-15 15:53:25,239 - sqlalchemy.engine.Engine - INFO - SELECT address_cache.address, address_cache.lat, address_cache.lon, address_cache.updated_at 
FROM address_cache 
WHERE address_cache.address = $1::VARCHAR
2026-02-15 15:53:25,239 - sqlalchemy.engine.Engine - INFO - [generated in 0.00019s] ('Москва, Кремль',)
2026-02-15 15:53:25,242 - sqlalchemy.engine.Engine - INFO - INSERT INTO address_cache (address, lat, lon) VALUES ($1::VARCHAR, $2::NUMERIC(10, 7), $3::NUMERIC(10, 7)) RETURNING address_cache.updated_at
2026-02-15 15:53:25,242 - sqlalchemy.engine.Engine - INFO - [generated in 0.00016s] ('Москва, Кремль', 55.752004, 37.617734)
2026-02-15 15:53:25,243 - sqlalchemy.engine.Engine - INFO - COMMIT
2026-02-15 15:53:25,251 - sqlalchemy.engine.Engine - INFO - BEGIN (implicit)
2026-02-15 15:53:25,252 - sqlalchemy.engine.Engine - INFO - SELECT address_cache.address, address_cache.lat, address_cache.lon, address_cache.updated_at 
FROM address_cache 
WHERE address_cache.address = $1::VARCHAR
2026-02-15 15:53:25,252 - sqlalchemy.engine.Engine - INFO - [generated in 0.00010s] ('Москва, Кремль',)
2026-02-15 15:53:25,254 - sqlalchemy.engine.Engine - INFO - UPDATE orders SET address_text=$1::VARCHAR, updated_at=now() WHERE orders.id = $2::INTEGER
2026-02-15 15:53:25,254 - sqlalchemy.engine.Engine - INFO - [generated in 0.00013s] ('Москва, Кремль', 3)
2026-02-15 15:53:25,256 - sqlalchemy.engine.Engine - INFO - COMMIT
2026-02-15 15:53:25,257 - sqlalchemy.engine.Engine - INFO - BEGIN (implicit)
2026-02-15 15:53:25,258 - sqlalchemy.engine.Engine - INFO - SELECT orders.id, orders.client_id, orders.installer_id, orders.status, orders.service_type, orders.warehouse, orders.service_datetime, orders.delivery_datetime, orders.promise, orders.marker_color, orders.address_text, orders.created_at, orders.updated_at 
FROM orders 
WHERE orders.id = $1::INTEGER
2026-02-15 15:53:25,258 - sqlalchemy.engine.Engine - INFO - [generated in 0.00010s] (3,)
2026-02-15 15:53:25,261 - sqlalchemy.engine.Engine - INFO - SELECT orders.id, orders.client_id, orders.installer_id, orders.status, orders.service_type, orders.warehouse, orders.service_datetime, orders.delivery_datetime, orders.promise, orders.marker_color, orders.address_text, orders.created_at, orders.updated_at 
FROM orders 
WHERE orders.id = $1::INTEGER
2026-02-15 15:53:25,261 - sqlalchemy.engine.Engine - INFO - [generated in 0.00010s] (3,)
2026-02-15 15:53:25,262 - sqlalchemy.engine.Engine - INFO - SELECT clients.id AS clients_id, clients.full_name AS clients_full_name, clients.phone AS clients_phone, clients.address AS clients_address, clients.coordinates AS clients_coordinates, clients.created_at AS clients_created_at, clients.last_contact AS clients_last_contact, clients.comments AS clients_comments, clients.updated_at AS clients_updated_at, clients.backup_phone AS clients_backup_phone, clients.deleted_at AS clients_deleted_at 
FROM clients 
WHERE clients.id IN ($1::INTEGER)
2026-02-15 15:53:25,263 - sqlalchemy.engine.Engine - INFO - [generated in 0.00017s] (1,)
2026-02-15 15:53:25,264 - sqlalchemy.engine.Engine - INFO - SELECT installers.id AS installers_id, installers.full_name AS installers_full_name, installers.nickname AS installers_nickname, installers.phone AS installers_phone, installers.backup_phone AS installers_backup_phone, installers.specialization AS installers_specialization, installers.rating AS installers_rating, installers.base_price AS installers_base_price, installers.is_debtor AS installers_is_debtor, installers.comments AS installers_comments, installers.is_active AS installers_is_active, installers.is_in_funnel AS installers_is_in_funnel, installers.total_orders AS installers_total_orders, installers.poor_work_count AS installers_poor_work_count, installers.warranty_visits_count AS installers_warranty_visits_count, installers.last_incident_date AS installers_last_incident_date, installers.updated_at AS installers_updated_at, installers.created_at AS installers_created_at, installers.deleted_at AS installers_deleted_at 
FROM installers 
WHERE installers.id IN ($1::INTEGER)
2026-02-15 15:53:25,264 - sqlalchemy.engine.Engine - INFO - [generated in 0.00013s] (1,)
2026-02-15 15:53:25,265 - sqlalchemy.engine.Engine - INFO - ROLLBACK
