2026-02-17 18:14:57,225 - src.core.logging - INFO - Starting CRM application
2026-02-17 18:14:57,225 - apscheduler.scheduler - INFO - Adding job tentatively -- it will be properly scheduled when the scheduler starts
2026-02-17 18:14:57,225 - apscheduler.scheduler - INFO - Adding job tentatively -- it will be properly scheduled when the scheduler starts
2026-02-17 18:14:57,226 - apscheduler.scheduler - INFO - Added job "daily_backup_and_report" to job store "default"
2026-02-17 18:14:57,226 - apscheduler.scheduler - INFO - Added job "daily_backup_and_report" to job store "default"
2026-02-17 18:14:57,226 - apscheduler.scheduler - INFO - Scheduler started
2026-02-17 18:14:57,226 - src.core.logging - INFO - Scheduler started
2026-02-17 18:17:29,841 - src.core.logging - INFO - Starting CRM application
2026-02-17 18:17:29,842 - apscheduler.scheduler - INFO - Adding job tentatively -- it will be properly scheduled when the scheduler starts
2026-02-17 18:17:29,842 - apscheduler.scheduler - INFO - Adding job tentatively -- it will be properly scheduled when the scheduler starts
2026-02-17 18:17:29,842 - apscheduler.scheduler - INFO - Added job "daily_backup_and_report" to job store "default"
2026-02-17 18:17:29,842 - apscheduler.scheduler - INFO - Added job "daily_backup_and_report" to job store "default"
2026-02-17 18:17:29,842 - apscheduler.scheduler - INFO - Scheduler started
2026-02-17 18:17:29,842 - src.core.logging - INFO - Scheduler started
2026-02-17 18:18:45,854 - sqlalchemy.engine.Engine - INFO - select pg_catalog.version()
2026-02-17 18:18:45,854 - sqlalchemy.engine.Engine - INFO - [raw sql] ()
2026-02-17 18:18:45,862 - sqlalchemy.engine.Engine - INFO - select current_schema()
2026-02-17 18:18:45,862 - sqlalchemy.engine.Engine - INFO - [raw sql] ()
2026-02-17 18:18:45,864 - sqlalchemy.engine.Engine - INFO - show standard_conforming_strings
2026-02-17 18:18:45,864 - sqlalchemy.engine.Engine - INFO - [raw sql] ()
2026-02-17 18:18:45,864 - sqlalchemy.engine.Engine - INFO - BEGIN (implicit)
2026-02-17 18:18:45,871 - sqlalchemy.engine.Engine - INFO - SELECT admins.id, admins.username, admins.password_hash, admins.created_at 
FROM admins
2026-02-17 18:18:45,871 - sqlalchemy.engine.Engine - INFO - [generated in 0.00011s] ()
2026-02-17 18:18:46,080 - sqlalchemy.engine.Engine - INFO - INSERT INTO admins (username, password_hash) VALUES ($1::VARCHAR, $2::VARCHAR) RETURNING admins.id, admins.created_at
2026-02-17 18:18:46,081 - sqlalchemy.engine.Engine - INFO - [generated in 0.00019s] ('zhura2296@yandex.ru', '$2b$12$4U/L55b4tWsaxANmWeqrS.a/MgzENzE7EcVfQVRiAT.w2MIQYlGkC')
2026-02-17 18:18:46,123 - sqlalchemy.engine.Engine - INFO - COMMIT
2026-02-17 18:18:46,124 - sqlalchemy.engine.Engine - INFO - BEGIN (implicit)
2026-02-17 18:18:46,125 - sqlalchemy.engine.Engine - INFO - SELECT admins.id, admins.username, admins.password_hash, admins.created_at 
FROM admins 
WHERE admins.id = $1::INTEGER
2026-02-17 18:18:46,125 - sqlalchemy.engine.Engine - INFO - [generated in 0.00009s] (1,)
2026-02-17 18:18:46,129 - sqlalchemy.engine.Engine - INFO - ROLLBACK
2026-02-17 18:18:58,718 - sqlalchemy.engine.Engine - INFO - BEGIN (implicit)
2026-02-17 18:18:58,719 - sqlalchemy.engine.Engine - INFO - SELECT admins.id, admins.username, admins.password_hash, admins.created_at 
FROM admins 
WHERE admins.username = $1::VARCHAR
2026-02-17 18:18:58,719 - sqlalchemy.engine.Engine - INFO - [generated in 0.00011s] ('zhura2296@yandex.ru',)
2026-02-17 18:18:59,003 - sqlalchemy.engine.Engine - INFO - ROLLBACK
2026-02-17 18:22:11,440 - sqlalchemy.engine.Engine - INFO - BEGIN (implicit)
2026-02-17 18:22:11,440 - sqlalchemy.engine.Engine - INFO - SELECT admins.id, admins.username, admins.password_hash, admins.created_at 
FROM admins 
WHERE admins.username = $1::VARCHAR
2026-02-17 18:22:11,440 - sqlalchemy.engine.Engine - INFO - [cached since 192.7s ago] ('zhura2296@yandex.ru',)
2026-02-17 18:22:11,634 - sqlalchemy.engine.Engine - INFO - ROLLBACK
2026-02-17 18:22:58,363 - sqlalchemy.engine.Engine - INFO - BEGIN (implicit)
2026-02-17 18:22:58,365 - sqlalchemy.engine.Engine - INFO - SELECT finance.id, finance.order_id, finance.purchase_price, finance.sale_price_client, finance.installer_pay, finance.my_commission, finance.profit, finance.margin, finance.profit_percent, finance.payment_state, finance.installer_returned_money, finance.updated_at, finance.created_at 
FROM finance 
 LIMIT $1::INTEGER OFFSET $2::INTEGER
2026-02-17 18:22:58,365 - sqlalchemy.engine.Engine - INFO - [generated in 0.00025s] (100, 0)
2026-02-17 18:22:58,393 - sqlalchemy.engine.Engine - INFO - ROLLBACK
2026-02-17 18:33:56,929 - sqlalchemy.engine.Engine - INFO - BEGIN (implicit)
2026-02-17 18:33:56,929 - sqlalchemy.engine.Engine - INFO - SELECT admins.id, admins.username, admins.password_hash, admins.created_at 
FROM admins 
WHERE admins.username = $1::VARCHAR
2026-02-17 18:33:56,929 - sqlalchemy.engine.Engine - INFO - [cached since 898.2s ago] ('zhura2296@yandex.ru',)
2026-02-17 18:33:56,931 - sqlalchemy.engine.Engine - INFO - INSERT INTO clients (full_name, phone, address, coordinates, comments, updated_at, backup_phone, deleted_at) VALUES ($1::VARCHAR, $2::VARCHAR, $3::VARCHAR, $4, $5::VARCHAR, $6::TIMESTAMP WITH TIME ZONE, $7::VARCHAR, $8::TIMESTAMP WITH TIME ZONE) RETURNING clients.id, clients.created_at, clients.last_contact
2026-02-17 18:33:56,932 - sqlalchemy.engine.Engine - INFO - [generated in 0.00015s] ('Журавлев Андрей Михайлович', '+79153227045', 'мытищи1-й Рупасовский, ПГСК №41 переулок', None, 'fgdfgfs', None, None, None)
2026-02-17 18:33:56,934 - sqlalchemy.engine.Engine - INFO - COMMIT
2026-02-17 18:33:56,935 - sqlalchemy.engine.Engine - INFO - BEGIN (implicit)
2026-02-17 18:33:56,936 - sqlalchemy.engine.Engine - INFO - SELECT clients.id, clients.full_name, clients.phone, clients.address, clients.coordinates, clients.created_at, clients.last_contact, clients.comments, clients.updated_at, clients.backup_phone, clients.deleted_at 
FROM clients 
WHERE clients.id = $1::INTEGER
2026-02-17 18:33:56,936 - sqlalchemy.engine.Engine - INFO - [generated in 0.00012s] (1,)
2026-02-17 18:33:56,938 - sqlalchemy.engine.Engine - INFO - ROLLBACK
2026-02-17 18:33:56,942 - sqlalchemy.engine.Engine - INFO - BEGIN (implicit)
2026-02-17 18:33:56,943 - sqlalchemy.engine.Engine - INFO - INSERT INTO orders (client_id, installer_id, status, service_type, warehouse, service_datetime, delivery_datetime, promise, marker_color, address_text) VALUES ($1::INTEGER, $2::INTEGER, $3::order_status, $4::VARCHAR, $5::VARCHAR, $6::TIMESTAMP WITHOUT TIME ZONE, $7::TIMESTAMP WITHOUT TIME ZONE, $8::VARCHAR, $9::VARCHAR, $10::VARCHAR) RETURNING orders.id, orders.created_at, orders.updated_at
2026-02-17 18:33:56,943 - sqlalchemy.engine.Engine - INFO - [generated in 0.00015s] (1, None, 'Новый', 'Electrolux EACS-09HSK/N3_24Y', 'Основной', datetime.datetime(2026, 2, 19, 0, 0), None, '123', None, None)
2026-02-17 18:33:57,075 - sqlalchemy.engine.Engine - INFO - SELECT address_cache.address, address_cache.lat, address_cache.lon, address_cache.updated_at 
FROM address_cache 
WHERE address_cache.address = $1::VARCHAR
2026-02-17 18:33:57,075 - sqlalchemy.engine.Engine - INFO - [generated in 0.00016s] ('мытищи1-й Рупасовский, ПГСК №41 переулок',)
2026-02-17 18:33:57,077 - sqlalchemy.engine.Engine - INFO - INSERT INTO address_cache (address, lat, lon) VALUES ($1::VARCHAR, $2::NUMERIC(10, 7), $3::NUMERIC(10, 7)) RETURNING address_cache.updated_at
2026-02-17 18:33:57,077 - sqlalchemy.engine.Engine - INFO - [generated in 0.00014s] ('мытищи1-й Рупасовский, ПГСК №41 переулок', 55.924542, 37.746166)
2026-02-17 18:33:57,079 - sqlalchemy.engine.Engine - INFO - COMMIT
2026-02-17 18:33:57,080 - sqlalchemy.engine.Engine - INFO - BEGIN (implicit)
2026-02-17 18:33:57,080 - sqlalchemy.engine.Engine - INFO - SELECT address_cache.address, address_cache.lat, address_cache.lon, address_cache.updated_at 
FROM address_cache 
WHERE address_cache.address = $1::VARCHAR
2026-02-17 18:33:57,080 - sqlalchemy.engine.Engine - INFO - [generated in 0.00013s] ('мытищи1-й Рупасовский, ПГСК №41 переулок',)
2026-02-17 18:33:57,082 - sqlalchemy.engine.Engine - INFO - UPDATE orders SET address_text=$1::VARCHAR, updated_at=now() WHERE orders.id = $2::INTEGER
2026-02-17 18:33:57,082 - sqlalchemy.engine.Engine - INFO - [generated in 0.00011s] ('мытищи1-й Рупасовский, ПГСК №41 переулок', 1)
2026-02-17 18:33:57,083 - sqlalchemy.engine.Engine - INFO - COMMIT
2026-02-17 18:33:57,084 - sqlalchemy.engine.Engine - INFO - BEGIN (implicit)
2026-02-17 18:33:57,085 - sqlalchemy.engine.Engine - INFO - SELECT orders.id, orders.client_id, orders.installer_id, orders.status, orders.service_type, orders.warehouse, orders.service_datetime, orders.delivery_datetime, orders.promise, orders.marker_color, orders.address_text, orders.created_at, orders.updated_at 
FROM orders 
WHERE orders.id = $1::INTEGER
2026-02-17 18:33:57,085 - sqlalchemy.engine.Engine - INFO - [generated in 0.00010s] (1,)
2026-02-17 18:33:57,088 - sqlalchemy.engine.Engine - INFO - SELECT orders.id, orders.client_id, orders.installer_id, orders.status, orders.service_type, orders.warehouse, orders.service_datetime, orders.delivery_datetime, orders.promise, orders.marker_color, orders.address_text, orders.created_at, orders.updated_at 
FROM orders 
WHERE orders.id = $1::INTEGER
2026-02-17 18:33:57,088 - sqlalchemy.engine.Engine - INFO - [generated in 0.00011s] (1,)
2026-02-17 18:33:57,089 - sqlalchemy.engine.Engine - INFO - SELECT clients.id AS clients_id, clients.full_name AS clients_full_name, clients.phone AS clients_phone, clients.address AS clients_address, clients.coordinates AS clients_coordinates, clients.created_at AS clients_created_at, clients.last_contact AS clients_last_contact, clients.comments AS clients_comments, clients.updated_at AS clients_updated_at, clients.backup_phone AS clients_backup_phone, clients.deleted_at AS clients_deleted_at 
FROM clients 
WHERE clients.id IN ($1::INTEGER)
2026-02-17 18:33:57,089 - sqlalchemy.engine.Engine - INFO - [generated in 0.00015s] (1,)
2026-02-17 18:33:57,091 - sqlalchemy.engine.Engine - INFO - SELECT finance.id AS finance_id, finance.order_id AS finance_order_id, finance.purchase_price AS finance_purchase_price, finance.sale_price_client AS finance_sale_price_client, finance.installer_pay AS finance_installer_pay, finance.my_commission AS finance_my_commission, finance.profit AS finance_profit, finance.margin AS finance_margin, finance.profit_percent AS finance_profit_percent, finance.payment_state AS finance_payment_state, finance.installer_returned_money AS finance_installer_returned_money, finance.updated_at AS finance_updated_at, finance.created_at AS finance_created_at 
FROM finance 
WHERE $1::INTEGER = finance.order_id
2026-02-17 18:33:57,091 - sqlalchemy.engine.Engine - INFO - [generated in 0.00011s] (1,)
2026-02-17 18:33:57,091 - sqlalchemy.engine.Engine - INFO - ROLLBACK
2026-02-17 18:33:57,092 - src.core.logging - ERROR - Unhandled exception: 1 validation errors:
  {'type': 'get_attribute_error', 'loc': ('response', 'finance'), 'msg': "Error extracting attribute: MissingGreenlet: greenlet_spawn has not been called; can't call await_only() here. Was IO attempted in an unexpected place? (Background on this error at: https://sqlalche.me/e/20/xd2s)", 'input': <src.models.orders.Order object at 0x7a11736b8d70>, 'ctx': {'error': "MissingGreenlet: greenlet_spawn has not been called; can't call await_only() here. Was IO attempted in an unexpected place? (Background on this error at: https://sqlalche.me/e/20/xd2s)"}, 'url': 'https://errors.pydantic.dev/2.12/v/get_attribute_error'}
Traceback (most recent call last):
  File "/home/andre/Рабочий стол/CRM/venv/lib/python3.12/site-packages/anyio/streams/memory.py", line 98, in receive
    return self.receive_nowait()
           ^^^^^^^^^^^^^^^^^^^^^
  File "/home/andre/Рабочий стол/CRM/venv/lib/python3.12/site-packages/anyio/streams/memory.py", line 93, in receive_nowait
    raise WouldBlock
anyio.WouldBlock

During handling of the above exception, another exception occurred:

Traceback (most recent call last):
  File "/home/andre/Рабочий стол/CRM/venv/lib/python3.12/site-packages/starlette/middleware/base.py", line 78, in call_next
    message = await recv_stream.receive()
              ^^^^^^^^^^^^^^^^^^^^^^^^^^^
  File "/home/andre/Рабочий стол/CRM/venv/lib/python3.12/site-packages/anyio/streams/memory.py", line 118, in receive
    raise EndOfStream
anyio.EndOfStream

During handling of the above exception, another exception occurred:

Traceback (most recent call last):
  File "/home/andre/Рабочий стол/CRM/backend/src/core/logging.py", line 49, in dispatch
    response = await call_next(request)
               ^^^^^^^^^^^^^^^^^^^^^^^^
  File "/home/andre/Рабочий стол/CRM/venv/lib/python3.12/site-packages/starlette/middleware/base.py", line 84, in call_next
    raise app_exc
  File "/home/andre/Рабочий стол/CRM/venv/lib/python3.12/site-packages/starlette/middleware/base.py", line 70, in coro
    await self.app(scope, receive_or_disconnect, send_no_error)
  File "/home/andre/Рабочий стол/CRM/venv/lib/python3.12/site-packages/starlette/middleware/cors.py", line 91, in __call__
    await self.simple_response(scope, receive, send, request_headers=headers)
  File "/home/andre/Рабочий стол/CRM/venv/lib/python3.12/site-packages/starlette/middleware/cors.py", line 146, in simple_response
    await self.app(scope, receive, send)
  File "/home/andre/Рабочий стол/CRM/venv/lib/python3.12/site-packages/starlette/middleware/exceptions.py", line 79, in __call__
    raise exc
  File "/home/andre/Рабочий стол/CRM/venv/lib/python3.12/site-packages/starlette/middleware/exceptions.py", line 68, in __call__
    await self.app(scope, receive, sender)
  File "/home/andre/Рабочий стол/CRM/venv/lib/python3.12/site-packages/fastapi/middleware/asyncexitstack.py", line 20, in __call__
    raise e
  File "/home/andre/Рабочий стол/CRM/venv/lib/python3.12/site-packages/fastapi/middleware/asyncexitstack.py", line 17, in __call__
    await self.app(scope, receive, send)
  File "/home/andre/Рабочий стол/CRM/venv/lib/python3.12/site-packages/starlette/routing.py", line 718, in __call__
    await route.handle(scope, receive, send)
  File "/home/andre/Рабочий стол/CRM/venv/lib/python3.12/site-packages/starlette/routing.py", line 276, in handle
    await self.app(scope, receive, send)
  File "/home/andre/Рабочий стол/CRM/venv/lib/python3.12/site-packages/starlette/routing.py", line 66, in app
    response = await func(request)
               ^^^^^^^^^^^^^^^^^^^
  File "/home/andre/Рабочий стол/CRM/venv/lib/python3.12/site-packages/fastapi/routing.py", line 292, in app
    content = await serialize_response(
              ^^^^^^^^^^^^^^^^^^^^^^^^^
  File "/home/andre/Рабочий стол/CRM/venv/lib/python3.12/site-packages/fastapi/routing.py", line 155, in serialize_response
    raise ResponseValidationError(
fastapi.exceptions.ResponseValidationError: 1 validation errors:
  {'type': 'get_attribute_error', 'loc': ('response', 'finance'), 'msg': "Error extracting attribute: MissingGreenlet: greenlet_spawn has not been called; can't call await_only() here. Was IO attempted in an unexpected place? (Background on this error at: https://sqlalche.me/e/20/xd2s)", 'input': <src.models.orders.Order object at 0x7a11736b8d70>, 'ctx': {'error': "MissingGreenlet: greenlet_spawn has not been called; can't call await_only() here. Was IO attempted in an unexpected place? (Background on this error at: https://sqlalche.me/e/20/xd2s)"}, 'url': 'https://errors.pydantic.dev/2.12/v/get_attribute_error'}

2026-02-17 18:50:59,216 - src.core.logging - INFO - Starting CRM application
2026-02-17 18:50:59,216 - apscheduler.scheduler - INFO - Adding job tentatively -- it will be properly scheduled when the scheduler starts
2026-02-17 18:50:59,216 - apscheduler.scheduler - INFO - Adding job tentatively -- it will be properly scheduled when the scheduler starts
2026-02-17 18:50:59,216 - apscheduler.scheduler - INFO - Added job "daily_backup_and_report" to job store "default"
2026-02-17 18:50:59,216 - apscheduler.scheduler - INFO - Added job "daily_backup_and_report" to job store "default"
2026-02-17 18:50:59,216 - apscheduler.scheduler - INFO - Scheduler started
2026-02-17 18:50:59,216 - src.core.logging - INFO - Scheduler started
2026-02-17 18:51:09,150 - src.core.logging - INFO - Starting CRM application
2026-02-17 18:51:09,150 - apscheduler.scheduler - INFO - Adding job tentatively -- it will be properly scheduled when the scheduler starts
2026-02-17 18:51:09,150 - apscheduler.scheduler - INFO - Adding job tentatively -- it will be properly scheduled when the scheduler starts
2026-02-17 18:51:09,150 - apscheduler.scheduler - INFO - Added job "daily_backup_and_report" to job store "default"
2026-02-17 18:51:09,150 - apscheduler.scheduler - INFO - Added job "daily_backup_and_report" to job store "default"
2026-02-17 18:51:09,150 - apscheduler.scheduler - INFO - Scheduler started
2026-02-17 18:51:09,150 - src.core.logging - INFO - Scheduler started
2026-02-17 18:52:05,207 - src.core.logging - INFO - Starting CRM application
2026-02-17 18:52:05,207 - apscheduler.scheduler - INFO - Adding job tentatively -- it will be properly scheduled when the scheduler starts
2026-02-17 18:52:05,207 - apscheduler.scheduler - INFO - Adding job tentatively -- it will be properly scheduled when the scheduler starts
2026-02-17 18:52:05,207 - apscheduler.scheduler - INFO - Added job "daily_backup_and_report" to job store "default"
2026-02-17 18:52:05,207 - apscheduler.scheduler - INFO - Added job "daily_backup_and_report" to job store "default"
2026-02-17 18:52:05,207 - apscheduler.scheduler - INFO - Scheduler started
2026-02-17 18:52:05,207 - src.core.logging - INFO - Scheduler started
2026-02-17 18:52:14,757 - sqlalchemy.engine.Engine - INFO - select pg_catalog.version()
2026-02-17 18:52:14,757 - sqlalchemy.engine.Engine - INFO - [raw sql] ()
2026-02-17 18:52:14,758 - sqlalchemy.engine.Engine - INFO - select current_schema()
2026-02-17 18:52:14,758 - sqlalchemy.engine.Engine - INFO - [raw sql] ()
2026-02-17 18:52:14,758 - sqlalchemy.engine.Engine - INFO - show standard_conforming_strings
2026-02-17 18:52:14,759 - sqlalchemy.engine.Engine - INFO - [raw sql] ()
2026-02-17 18:52:14,759 - sqlalchemy.engine.Engine - INFO - BEGIN (implicit)
2026-02-17 18:52:14,767 - sqlalchemy.engine.Engine - INFO - SELECT admins.id, admins.username, admins.password_hash, admins.created_at 
FROM admins 
WHERE admins.username = $1::VARCHAR
2026-02-17 18:52:14,767 - sqlalchemy.engine.Engine - INFO - [generated in 0.00015s] ('zhura2296@yandex.ru',)
2026-02-17 18:52:14,977 - sqlalchemy.engine.Engine - INFO - ROLLBACK
2026-02-17 18:53:09,141 - sqlalchemy.engine.Engine - INFO - BEGIN (implicit)
2026-02-17 18:53:09,141 - sqlalchemy.engine.Engine - INFO - SELECT admins.id, admins.username, admins.password_hash, admins.created_at 
FROM admins 
WHERE admins.username = $1::VARCHAR
2026-02-17 18:53:09,141 - sqlalchemy.engine.Engine - INFO - [cached since 54.37s ago] ('zhura2296@yandex.ru',)
2026-02-17 18:53:09,143 - sqlalchemy.engine.Engine - INFO - INSERT INTO clients (full_name, phone, address, coordinates, comments, updated_at, backup_phone, deleted_at) VALUES ($1::VARCHAR, $2::VARCHAR, $3::VARCHAR, $4, $5::VARCHAR, $6::TIMESTAMP WITH TIME ZONE, $7::VARCHAR, $8::TIMESTAMP WITH TIME ZONE) RETURNING clients.id, clients.created_at, clients.last_contact
2026-02-17 18:53:09,143 - sqlalchemy.engine.Engine - INFO - [generated in 0.00014s] ('Иванов Иван', '89153227089', 'мытищи1-й Рупасовский, ПГСК №41 переулок', None, '1234', None, None, None)
2026-02-17 18:53:09,145 - sqlalchemy.engine.Engine - INFO - COMMIT
2026-02-17 18:53:09,194 - sqlalchemy.engine.Engine - INFO - BEGIN (implicit)
2026-02-17 18:53:09,196 - sqlalchemy.engine.Engine - INFO - SELECT clients.id, clients.full_name, clients.phone, clients.address, clients.coordinates, clients.created_at, clients.last_contact, clients.comments, clients.updated_at, clients.backup_phone, clients.deleted_at 
FROM clients 
WHERE clients.id = $1::INTEGER
2026-02-17 18:53:09,196 - sqlalchemy.engine.Engine - INFO - [generated in 0.00019s] (2,)
2026-02-17 18:53:09,197 - sqlalchemy.engine.Engine - INFO - ROLLBACK
2026-02-17 18:53:09,202 - sqlalchemy.engine.Engine - INFO - BEGIN (implicit)
2026-02-17 18:53:09,203 - sqlalchemy.engine.Engine - INFO - INSERT INTO orders (client_id, installer_id, status, service_type, warehouse, service_datetime, delivery_datetime, promise, marker_color, address_text) VALUES ($1::INTEGER, $2::INTEGER, $3::order_status, $4::VARCHAR, $5::VARCHAR, $6::TIMESTAMP WITHOUT TIME ZONE, $7::TIMESTAMP WITHOUT TIME ZONE, $8::VARCHAR, $9::VARCHAR, $10::VARCHAR) RETURNING orders.id, orders.created_at, orders.updated_at
2026-02-17 18:53:09,203 - sqlalchemy.engine.Engine - INFO - [generated in 0.00014s] (2, None, 'Новый', 'Electrolux EACS-09HSK/N3_24Y', 'Основной', datetime.datetime(2026, 3, 11, 0, 0), None, 'Test', None, None)
2026-02-17 18:53:09,349 - sqlalchemy.engine.Engine - INFO - SELECT address_cache.address, address_cache.lat, address_cache.lon, address_cache.updated_at 
FROM address_cache 
WHERE address_cache.address = $1::VARCHAR
2026-02-17 18:53:09,349 - sqlalchemy.engine.Engine - INFO - [generated in 0.00016s] ('мытищи1-й Рупасовский, ПГСК №41 переулок',)
2026-02-17 18:53:09,351 - sqlalchemy.engine.Engine - INFO - UPDATE address_cache SET lat=$1::NUMERIC(10, 7), lon=$2::NUMERIC(10, 7), updated_at=now() WHERE address_cache.address = $3::VARCHAR
2026-02-17 18:53:09,351 - sqlalchemy.engine.Engine - INFO - [generated in 0.00013s] (55.924542, 37.746166, 'мытищи1-й Рупасовский, ПГСК №41 переулок')
2026-02-17 18:53:09,352 - sqlalchemy.engine.Engine - INFO - COMMIT
2026-02-17 18:53:09,408 - sqlalchemy.engine.Engine - INFO - BEGIN (implicit)
2026-02-17 18:53:09,409 - sqlalchemy.engine.Engine - INFO - SELECT address_cache.address, address_cache.lat, address_cache.lon, address_cache.updated_at 
FROM address_cache 
WHERE address_cache.address = $1::VARCHAR
2026-02-17 18:53:09,409 - sqlalchemy.engine.Engine - INFO - [generated in 0.00010s] ('мытищи1-й Рупасовский, ПГСК №41 переулок',)
2026-02-17 18:53:09,410 - sqlalchemy.engine.Engine - INFO - UPDATE orders SET address_text=$1::VARCHAR, updated_at=now() WHERE orders.id = $2::INTEGER
2026-02-17 18:53:09,410 - sqlalchemy.engine.Engine - INFO - [generated in 0.00015s] ('мытищи1-й Рупасовский, ПГСК №41 переулок', 2)
2026-02-17 18:53:09,411 - sqlalchemy.engine.Engine - INFO - COMMIT
2026-02-17 18:53:09,412 - sqlalchemy.engine.Engine - INFO - BEGIN (implicit)
2026-02-17 18:53:09,414 - sqlalchemy.engine.Engine - INFO - SELECT orders.id, orders.client_id, orders.installer_id, orders.status, orders.service_type, orders.warehouse, orders.service_datetime, orders.delivery_datetime, orders.promise, orders.marker_color, orders.address_text, orders.created_at, orders.updated_at 
FROM orders 
WHERE orders.id = $1::INTEGER
2026-02-17 18:53:09,414 - sqlalchemy.engine.Engine - INFO - [generated in 0.00010s] (2,)
2026-02-17 18:53:09,417 - sqlalchemy.engine.Engine - INFO - SELECT finance.order_id AS finance_order_id, finance.id AS finance_id, finance.purchase_price AS finance_purchase_price, finance.sale_price_client AS finance_sale_price_client, finance.installer_pay AS finance_installer_pay, finance.my_commission AS finance_my_commission, finance.profit AS finance_profit, finance.margin AS finance_margin, finance.profit_percent AS finance_profit_percent, finance.payment_state AS finance_payment_state, finance.installer_returned_money AS finance_installer_returned_money, finance.updated_at AS finance_updated_at, finance.created_at AS finance_created_at 
FROM finance 
WHERE finance.order_id IN ($1::INTEGER)
2026-02-17 18:53:09,417 - sqlalchemy.engine.Engine - INFO - [generated in 0.00018s] (2,)
2026-02-17 18:53:09,423 - sqlalchemy.engine.Engine - INFO - SELECT clients.id AS clients_id, clients.full_name AS clients_full_name, clients.phone AS clients_phone, clients.address AS clients_address, clients.coordinates AS clients_coordinates, clients.created_at AS clients_created_at, clients.last_contact AS clients_last_contact, clients.comments AS clients_comments, clients.updated_at AS clients_updated_at, clients.backup_phone AS clients_backup_phone, clients.deleted_at AS clients_deleted_at 
FROM clients 
WHERE clients.id IN ($1::INTEGER)
2026-02-17 18:53:09,423 - sqlalchemy.engine.Engine - INFO - [generated in 0.00027s] (2,)
2026-02-17 18:53:09,424 - sqlalchemy.engine.Engine - INFO - ROLLBACK
2026-02-17 18:53:09,473 - sqlalchemy.engine.Engine - INFO - BEGIN (implicit)
2026-02-17 18:53:09,474 - sqlalchemy.engine.Engine - INFO - SELECT finance.id, finance.order_id, finance.purchase_price, finance.sale_price_client, finance.installer_pay, finance.my_commission, finance.profit, finance.margin, finance.profit_percent, finance.payment_state, finance.installer_returned_money, finance.updated_at, finance.created_at 
FROM finance 
WHERE finance.order_id = $1::INTEGER
2026-02-17 18:53:09,474 - sqlalchemy.engine.Engine - INFO - [generated in 0.00013s] (2,)
2026-02-17 18:53:09,476 - sqlalchemy.engine.Engine - INFO - INSERT INTO finance (order_id, purchase_price, sale_price_client, installer_pay, my_commission, margin, profit_percent, payment_state, installer_returned_money) VALUES ($1::INTEGER, $2::NUMERIC(10, 2), $3::NUMERIC(10, 2), $4::NUMERIC(10, 2), $5::NUMERIC(10, 2), $6::NUMERIC(10, 2), $7::NUMERIC(10, 2), $8::payment_status, $9::BOOLEAN) RETURNING finance.id, finance.profit, finance.updated_at, finance.created_at
2026-02-17 18:53:09,476 - sqlalchemy.engine.Engine - INFO - [generated in 0.00014s] (2, 15000.0, 60000.0, 25000.0, 15000.0, None, None, 'Не оплачен', False)
2026-02-17 18:53:09,477 - sqlalchemy.engine.Engine - INFO - ROLLBACK
2026-02-17 18:53:09,478 - src.core.logging - ERROR - Unhandled exception: (sqlalchemy.dialects.postgresql.asyncpg.ProgrammingError) <class 'asyncpg.exceptions.GeneratedAlwaysError'>: cannot insert a non-DEFAULT value into column "margin"
DETAIL:  Column "margin" is a generated column.
[SQL: INSERT INTO finance (order_id, purchase_price, sale_price_client, installer_pay, my_commission, margin, profit_percent, payment_state, installer_returned_money) VALUES ($1::INTEGER, $2::NUMERIC(10, 2), $3::NUMERIC(10, 2), $4::NUMERIC(10, 2), $5::NUMERIC(10, 2), $6::NUMERIC(10, 2), $7::NUMERIC(10, 2), $8::payment_status, $9::BOOLEAN) RETURNING finance.id, finance.profit, finance.updated_at, finance.created_at]
[parameters: (2, 15000.0, 60000.0, 25000.0, 15000.0, None, None, 'Не оплачен', False)]
(Background on this error at: https://sqlalche.me/e/20/f405)
Traceback (most recent call last):
  File "/home/andre/Рабочий стол/CRM/venv/lib/python3.12/site-packages/sqlalchemy/dialects/postgresql/asyncpg.py", line 533, in _prepare_and_execute
    prepared_stmt, attributes = await adapt_connection._prepare(
                                ^^^^^^^^^^^^^^^^^^^^^^^^^^^^^^^^
  File "/home/andre/Рабочий стол/CRM/venv/lib/python3.12/site-packages/sqlalchemy/dialects/postgresql/asyncpg.py", line 784, in _prepare
    prepared_stmt = await self._connection.prepare(
                    ^^^^^^^^^^^^^^^^^^^^^^^^^^^^^^^
  File "/home/andre/Рабочий стол/CRM/venv/lib/python3.12/site-packages/asyncpg/connection.py", line 638, in prepare
    return await self._prepare(
           ^^^^^^^^^^^^^^^^^^^^
  File "/home/andre/Рабочий стол/CRM/venv/lib/python3.12/site-packages/asyncpg/connection.py", line 657, in _prepare
    stmt = await self._get_statement(
           ^^^^^^^^^^^^^^^^^^^^^^^^^^
  File "/home/andre/Рабочий стол/CRM/venv/lib/python3.12/site-packages/asyncpg/connection.py", line 443, in _get_statement
    statement = await self._protocol.prepare(
                ^^^^^^^^^^^^^^^^^^^^^^^^^^^^^
  File "asyncpg/protocol/protocol.pyx", line 165, in prepare
asyncpg.exceptions.GeneratedAlwaysError: cannot insert a non-DEFAULT value into column "margin"
DETAIL:  Column "margin" is a generated column.

The above exception was the direct cause of the following exception:

Traceback (most recent call last):
  File "/home/andre/Рабочий стол/CRM/venv/lib/python3.12/site-packages/sqlalchemy/engine/base.py", line 1969, in _exec_single_context
    self.dialect.do_execute(
  File "/home/andre/Рабочий стол/CRM/venv/lib/python3.12/site-packages/sqlalchemy/engine/default.py", line 922, in do_execute
    cursor.execute(statement, parameters)
  File "/home/andre/Рабочий стол/CRM/venv/lib/python3.12/site-packages/sqlalchemy/dialects/postgresql/asyncpg.py", line 591, in execute
    self._adapt_connection.await_(
  File "/home/andre/Рабочий стол/CRM/venv/lib/python3.12/site-packages/sqlalchemy/util/_concurrency_py3k.py", line 125, in await_only
    return current.driver.switch(awaitable)  # type: ignore[no-any-return]
           ^^^^^^^^^^^^^^^^^^^^^^^^^^^^^^^^
  File "/home/andre/Рабочий стол/CRM/venv/lib/python3.12/site-packages/sqlalchemy/util/_concurrency_py3k.py", line 185, in greenlet_spawn
    value = await result
            ^^^^^^^^^^^^
  File "/home/andre/Рабочий стол/CRM/venv/lib/python3.12/site-packages/sqlalchemy/dialects/postgresql/asyncpg.py", line 569, in _prepare_and_execute
    self._handle_exception(error)
  File "/home/andre/Рабочий стол/CRM/venv/lib/python3.12/site-packages/sqlalchemy/dialects/postgresql/asyncpg.py", line 520, in _handle_exception
    self._adapt_connection._handle_exception(error)
  File "/home/andre/Рабочий стол/CRM/venv/lib/python3.12/site-packages/sqlalchemy/dialects/postgresql/asyncpg.py", line 808, in _handle_exception
    raise translated_error from error
sqlalchemy.dialects.postgresql.asyncpg.AsyncAdapt_asyncpg_dbapi.ProgrammingError: <class 'asyncpg.exceptions.GeneratedAlwaysError'>: cannot insert a non-DEFAULT value into column "margin"
DETAIL:  Column "margin" is a generated column.

The above exception was the direct cause of the following exception:

Traceback (most recent call last):
  File "/home/andre/Рабочий стол/CRM/backend/src/core/logging.py", line 49, in dispatch
    response = await call_next(request)
               ^^^^^^^^^^^^^^^^^^^^^^^^
  File "/home/andre/Рабочий стол/CRM/venv/lib/python3.12/site-packages/starlette/middleware/base.py", line 84, in call_next
    raise app_exc
  File "/home/andre/Рабочий стол/CRM/venv/lib/python3.12/site-packages/starlette/middleware/base.py", line 70, in coro
    await self.app(scope, receive_or_disconnect, send_no_error)
  File "/home/andre/Рабочий стол/CRM/venv/lib/python3.12/site-packages/starlette/middleware/cors.py", line 91, in __call__
    await self.simple_response(scope, receive, send, request_headers=headers)
  File "/home/andre/Рабочий стол/CRM/venv/lib/python3.12/site-packages/starlette/middleware/cors.py", line 146, in simple_response
    await self.app(scope, receive, send)
  File "/home/andre/Рабочий стол/CRM/venv/lib/python3.12/site-packages/starlette/middleware/exceptions.py", line 79, in __call__
    raise exc
  File "/home/andre/Рабочий стол/CRM/venv/lib/python3.12/site-packages/starlette/middleware/exceptions.py", line 68, in __call__
    await self.app(scope, receive, sender)
  File "/home/andre/Рабочий стол/CRM/venv/lib/python3.12/site-packages/fastapi/middleware/asyncexitstack.py", line 20, in __call__
    raise e
  File "/home/andre/Рабочий стол/CRM/venv/lib/python3.12/site-packages/fastapi/middleware/asyncexitstack.py", line 17, in __call__
    await self.app(scope, receive, send)
  File "/home/andre/Рабочий стол/CRM/venv/lib/python3.12/site-packages/starlette/routing.py", line 718, in __call__
    await route.handle(scope, receive, send)
  File "/home/andre/Рабочий стол/CRM/venv/lib/python3.12/site-packages/starlette/routing.py", line 276, in handle
    await self.app(scope, receive, send)
  File "/home/andre/Рабочий стол/CRM/venv/lib/python3.12/site-packages/starlette/routing.py", line 66, in app
    response = await func(request)
               ^^^^^^^^^^^^^^^^^^^
  File "/home/andre/Рабочий стол/CRM/venv/lib/python3.12/site-packages/fastapi/routing.py", line 274, in app
    raw_response = await run_endpoint_function(
                   ^^^^^^^^^^^^^^^^^^^^^^^^^^^^
  File "/home/andre/Рабочий стол/CRM/venv/lib/python3.12/site-packages/fastapi/routing.py", line 191, in run_endpoint_function
    return await dependant.call(**values)
           ^^^^^^^^^^^^^^^^^^^^^^^^^^^^^^
  File "/home/andre/Рабочий стол/CRM/backend/src/routers/finance.py", line 20, in create_finance_endpoint
    return await create_finance(db, finance)
           ^^^^^^^^^^^^^^^^^^^^^^^^^^^^^^^^^
  File "/home/andre/Рабочий стол/CRM/backend/src/services/finance.py", line 9, in create_finance
    await db.commit()
  File "/home/andre/Рабочий стол/CRM/venv/lib/python3.12/site-packages/sqlalchemy/ext/asyncio/session.py", line 1011, in commit
    await greenlet_spawn(self.sync_session.commit)
  File "/home/andre/Рабочий стол/CRM/venv/lib/python3.12/site-packages/sqlalchemy/util/_concurrency_py3k.py", line 192, in greenlet_spawn
    result = context.switch(value)
             ^^^^^^^^^^^^^^^^^^^^^
  File "/home/andre/Рабочий стол/CRM/venv/lib/python3.12/site-packages/sqlalchemy/orm/session.py", line 1969, in commit
    trans.commit(_to_root=True)
  File "<string>", line 2, in commit
  File "/home/andre/Рабочий стол/CRM/venv/lib/python3.12/site-packages/sqlalchemy/orm/state_changes.py", line 139, in _go
    ret_value = fn(self, *arg, **kw)
                ^^^^^^^^^^^^^^^^^^^^
  File "/home/andre/Рабочий стол/CRM/venv/lib/python3.12/site-packages/sqlalchemy/orm/session.py", line 1256, in commit
    self._prepare_impl()
  File "<string>", line 2, in _prepare_impl
  File "/home/andre/Рабочий стол/CRM/venv/lib/python3.12/site-packages/sqlalchemy/orm/state_changes.py", line 139, in _go
    ret_value = fn(self, *arg, **kw)
                ^^^^^^^^^^^^^^^^^^^^
  File "/home/andre/Рабочий стол/CRM/venv/lib/python3.12/site-packages/sqlalchemy/orm/session.py", line 1231, in _prepare_impl
    self.session.flush()
  File "/home/andre/Рабочий стол/CRM/venv/lib/python3.12/site-packages/sqlalchemy/orm/session.py", line 4312, in flush
    self._flush(objects)
  File "/home/andre/Рабочий стол/CRM/venv/lib/python3.12/site-packages/sqlalchemy/orm/session.py", line 4447, in _flush
    with util.safe_reraise():
  File "/home/andre/Рабочий стол/CRM/venv/lib/python3.12/site-packages/sqlalchemy/util/langhelpers.py", line 146, in __exit__
    raise exc_value.with_traceback(exc_tb)
  File "/home/andre/Рабочий стол/CRM/venv/lib/python3.12/site-packages/sqlalchemy/orm/session.py", line 4408, in _flush
    flush_context.execute()
  File "/home/andre/Рабочий стол/CRM/venv/lib/python3.12/site-packages/sqlalchemy/orm/unitofwork.py", line 466, in execute
    rec.execute(self)
  File "/home/andre/Рабочий стол/CRM/venv/lib/python3.12/site-packages/sqlalchemy/orm/unitofwork.py", line 642, in execute
    util.preloaded.orm_persistence.save_obj(
  File "/home/andre/Рабочий стол/CRM/venv/lib/python3.12/site-packages/sqlalchemy/orm/persistence.py", line 93, in save_obj
    _emit_insert_statements(
  File "/home/andre/Рабочий стол/CRM/venv/lib/python3.12/site-packages/sqlalchemy/orm/persistence.py", line 1226, in _emit_insert_statements
    result = connection.execute(
             ^^^^^^^^^^^^^^^^^^^
  File "/home/andre/Рабочий стол/CRM/venv/lib/python3.12/site-packages/sqlalchemy/engine/base.py", line 1416, in execute
    return meth(
           ^^^^^
  File "/home/andre/Рабочий стол/CRM/venv/lib/python3.12/site-packages/sqlalchemy/sql/elements.py", line 516, in _execute_on_connection
    return connection._execute_clauseelement(
           ^^^^^^^^^^^^^^^^^^^^^^^^^^^^^^^^^^
  File "/home/andre/Рабочий стол/CRM/venv/lib/python3.12/site-packages/sqlalchemy/engine/base.py", line 1639, in _execute_clauseelement
    ret = self._execute_context(
          ^^^^^^^^^^^^^^^^^^^^^^
  File "/home/andre/Рабочий стол/CRM/venv/lib/python3.12/site-packages/sqlalchemy/engine/base.py", line 1848, in _execute_context
    return self._exec_single_context(
           ^^^^^^^^^^^^^^^^^^^^^^^^^^
  File "/home/andre/Рабочий стол/CRM/venv/lib/python3.12/site-packages/sqlalchemy/engine/base.py", line 1988, in _exec_single_context
    self._handle_dbapi_exception(
  File "/home/andre/Рабочий стол/CRM/venv/lib/python3.12/site-packages/sqlalchemy/engine/base.py", line 2343, in _handle_dbapi_exception
    raise sqlalchemy_exception.with_traceback(exc_info[2]) from e
  File "/home/andre/Рабочий стол/CRM/venv/lib/python3.12/site-packages/sqlalchemy/engine/base.py", line 1969, in _exec_single_context
    self.dialect.do_execute(
  File "/home/andre/Рабочий стол/CRM/venv/lib/python3.12/site-packages/sqlalchemy/engine/default.py", line 922, in do_execute
    cursor.execute(statement, parameters)
  File "/home/andre/Рабочий стол/CRM/venv/lib/python3.12/site-packages/sqlalchemy/dialects/postgresql/asyncpg.py", line 591, in execute
    self._adapt_connection.await_(
  File "/home/andre/Рабочий стол/CRM/venv/lib/python3.12/site-packages/sqlalchemy/util/_concurrency_py3k.py", line 125, in await_only
    return current.driver.switch(awaitable)  # type: ignore[no-any-return]
           ^^^^^^^^^^^^^^^^^^^^^^^^^^^^^^^^
  File "/home/andre/Рабочий стол/CRM/venv/lib/python3.12/site-packages/sqlalchemy/util/_concurrency_py3k.py", line 185, in greenlet_spawn
    value = await result
            ^^^^^^^^^^^^
  File "/home/andre/Рабочий стол/CRM/venv/lib/python3.12/site-packages/sqlalchemy/dialects/postgresql/asyncpg.py", line 569, in _prepare_and_execute
    self._handle_exception(error)
  File "/home/andre/Рабочий стол/CRM/venv/lib/python3.12/site-packages/sqlalchemy/dialects/postgresql/asyncpg.py", line 520, in _handle_exception
    self._adapt_connection._handle_exception(error)
  File "/home/andre/Рабочий стол/CRM/venv/lib/python3.12/site-packages/sqlalchemy/dialects/postgresql/asyncpg.py", line 808, in _handle_exception
    raise translated_error from error
sqlalchemy.exc.ProgrammingError: (sqlalchemy.dialects.postgresql.asyncpg.ProgrammingError) <class 'asyncpg.exceptions.GeneratedAlwaysError'>: cannot insert a non-DEFAULT value into column "margin"
DETAIL:  Column "margin" is a generated column.
[SQL: INSERT INTO finance (order_id, purchase_price, sale_price_client, installer_pay, my_commission, margin, profit_percent, payment_state, installer_returned_money) VALUES ($1::INTEGER, $2::NUMERIC(10, 2), $3::NUMERIC(10, 2), $4::NUMERIC(10, 2), $5::NUMERIC(10, 2), $6::NUMERIC(10, 2), $7::NUMERIC(10, 2), $8::payment_status, $9::BOOLEAN) RETURNING finance.id, finance.profit, finance.updated_at, finance.created_at]
[parameters: (2, 15000.0, 60000.0, 25000.0, 15000.0, None, None, 'Не оплачен', False)]
(Background on this error at: https://sqlalche.me/e/20/f405)
2026-02-17 19:03:57,363 - src.core.logging - INFO - Starting CRM application
2026-02-17 19:03:57,363 - apscheduler.scheduler - INFO - Adding job tentatively -- it will be properly scheduled when the scheduler starts
2026-02-17 19:03:57,363 - apscheduler.scheduler - INFO - Adding job tentatively -- it will be properly scheduled when the scheduler starts
2026-02-17 19:03:57,364 - apscheduler.scheduler - INFO - Added job "daily_backup_and_report" to job store "default"
2026-02-17 19:03:57,364 - apscheduler.scheduler - INFO - Added job "daily_backup_and_report" to job store "default"
2026-02-17 19:03:57,364 - apscheduler.scheduler - INFO - Scheduler started
2026-02-17 19:03:57,364 - src.core.logging - INFO - Scheduler started
2026-02-17 19:04:03,660 - sqlalchemy.engine.Engine - INFO - select pg_catalog.version()
2026-02-17 19:04:03,660 - sqlalchemy.engine.Engine - INFO - [raw sql] ()
2026-02-17 19:04:03,661 - sqlalchemy.engine.Engine - INFO - select current_schema()
2026-02-17 19:04:03,661 - sqlalchemy.engine.Engine - INFO - [raw sql] ()
2026-02-17 19:04:03,662 - sqlalchemy.engine.Engine - INFO - show standard_conforming_strings
2026-02-17 19:04:03,662 - sqlalchemy.engine.Engine - INFO - [raw sql] ()
2026-02-17 19:04:03,663 - sqlalchemy.engine.Engine - INFO - BEGIN (implicit)
2026-02-17 19:04:03,671 - sqlalchemy.engine.Engine - INFO - SELECT admins.id, admins.username, admins.password_hash, admins.created_at 
FROM admins 
WHERE admins.username = $1::VARCHAR
2026-02-17 19:04:03,671 - sqlalchemy.engine.Engine - INFO - [generated in 0.00015s] ('zhura2296@yandex.ru',)
2026-02-17 19:04:03,675 - sqlalchemy.engine.Engine - INFO - INSERT INTO clients (full_name, phone, address, coordinates, comments, updated_at, backup_phone, deleted_at) VALUES ($1::VARCHAR, $2::VARCHAR, $3::VARCHAR, $4, $5::VARCHAR, $6::TIMESTAMP WITH TIME ZONE, $7::VARCHAR, $8::TIMESTAMP WITH TIME ZONE) RETURNING clients.id, clients.created_at, clients.last_contact
2026-02-17 19:04:03,676 - sqlalchemy.engine.Engine - INFO - [generated in 0.00033s] ('Иванов Иван', '89153227089', 'мытищи1-й Рупасовский, ПГСК №41 переулок', None, '1234', None, None, None)
2026-02-17 19:04:03,678 - sqlalchemy.engine.Engine - INFO - COMMIT
2026-02-17 19:04:03,718 - sqlalchemy.engine.Engine - INFO - BEGIN (implicit)
2026-02-17 19:04:03,720 - sqlalchemy.engine.Engine - INFO - SELECT clients.id, clients.full_name, clients.phone, clients.address, clients.coordinates, clients.created_at, clients.last_contact, clients.comments, clients.updated_at, clients.backup_phone, clients.deleted_at 
FROM clients 
WHERE clients.id = $1::INTEGER
2026-02-17 19:04:03,720 - sqlalchemy.engine.Engine - INFO - [generated in 0.00031s] (3,)
2026-02-17 19:04:03,726 - sqlalchemy.engine.Engine - INFO - ROLLBACK
2026-02-17 19:04:03,737 - sqlalchemy.engine.Engine - INFO - BEGIN (implicit)
2026-02-17 19:04:03,740 - sqlalchemy.engine.Engine - INFO - INSERT INTO orders (client_id, installer_id, status, service_type, warehouse, service_datetime, delivery_datetime, promise, marker_color, address_text) VALUES ($1::INTEGER, $2::INTEGER, $3::order_status, $4::VARCHAR, $5::VARCHAR, $6::TIMESTAMP WITHOUT TIME ZONE, $7::TIMESTAMP WITHOUT TIME ZONE, $8::VARCHAR, $9::VARCHAR, $10::VARCHAR) RETURNING orders.id, orders.created_at, orders.updated_at
2026-02-17 19:04:03,741 - sqlalchemy.engine.Engine - INFO - [generated in 0.00031s] (3, None, 'Новый', 'Electrolux EACS-09HSK/N3_24Y', 'Основной', datetime.datetime(2026, 3, 11, 0, 0), None, 'Test', None, None)
2026-02-17 19:04:03,868 - sqlalchemy.engine.Engine - INFO - SELECT address_cache.address, address_cache.lat, address_cache.lon, address_cache.updated_at 
FROM address_cache 
WHERE address_cache.address = $1::VARCHAR
2026-02-17 19:04:03,868 - sqlalchemy.engine.Engine - INFO - [generated in 0.00088s] ('мытищи1-й Рупасовский, ПГСК №41 переулок',)
2026-02-17 19:04:03,881 - sqlalchemy.engine.Engine - INFO - UPDATE address_cache SET lat=$1::NUMERIC(10, 7), lon=$2::NUMERIC(10, 7), updated_at=now() WHERE address_cache.address = $3::VARCHAR
2026-02-17 19:04:03,881 - sqlalchemy.engine.Engine - INFO - [generated in 0.00045s] (55.924542, 37.746166, 'мытищи1-й Рупасовский, ПГСК №41 переулок')
2026-02-17 19:04:03,884 - sqlalchemy.engine.Engine - INFO - COMMIT
2026-02-17 19:04:03,913 - sqlalchemy.engine.Engine - INFO - BEGIN (implicit)
2026-02-17 19:04:03,914 - sqlalchemy.engine.Engine - INFO - SELECT address_cache.address, address_cache.lat, address_cache.lon, address_cache.updated_at 
FROM address_cache 
WHERE address_cache.address = $1::VARCHAR
2026-02-17 19:04:03,914 - sqlalchemy.engine.Engine - INFO - [generated in 0.00020s] ('мытищи1-й Рупасовский, ПГСК №41 переулок',)
2026-02-17 19:04:03,916 - sqlalchemy.engine.Engine - INFO - UPDATE orders SET address_text=$1::VARCHAR, updated_at=now() WHERE orders.id = $2::INTEGER
2026-02-17 19:04:03,917 - sqlalchemy.engine.Engine - INFO - [generated in 0.00020s] ('мытищи1-й Рупасовский, ПГСК №41 переулок', 3)
2026-02-17 19:04:03,918 - sqlalchemy.engine.Engine - INFO - COMMIT
2026-02-17 19:04:03,919 - sqlalchemy.engine.Engine - INFO - BEGIN (implicit)
2026-02-17 19:04:03,921 - sqlalchemy.engine.Engine - INFO - SELECT orders.id, orders.client_id, orders.installer_id, orders.status, orders.service_type, orders.warehouse, orders.service_datetime, orders.delivery_datetime, orders.promise, orders.marker_color, orders.address_text, orders.created_at, orders.updated_at 
FROM orders 
WHERE orders.id = $1::INTEGER
2026-02-17 19:04:03,921 - sqlalchemy.engine.Engine - INFO - [generated in 0.00014s] (3,)
2026-02-17 19:04:03,924 - sqlalchemy.engine.Engine - INFO - SELECT finance.order_id AS finance_order_id, finance.id AS finance_id, finance.purchase_price AS finance_purchase_price, finance.sale_price_client AS finance_sale_price_client, finance.installer_pay AS finance_installer_pay, finance.my_commission AS finance_my_commission, finance.profit AS finance_profit, finance.margin AS finance_margin, finance.profit_percent AS finance_profit_percent, finance.payment_state AS finance_payment_state, finance.installer_returned_money AS finance_installer_returned_money, finance.updated_at AS finance_updated_at, finance.created_at AS finance_created_at 
FROM finance 
WHERE finance.order_id IN ($1::INTEGER)
2026-02-17 19:04:03,924 - sqlalchemy.engine.Engine - INFO - [generated in 0.00036s] (3,)
2026-02-17 19:04:03,931 - sqlalchemy.engine.Engine - INFO - SELECT clients.id AS clients_id, clients.full_name AS clients_full_name, clients.phone AS clients_phone, clients.address AS clients_address, clients.coordinates AS clients_coordinates, clients.created_at AS clients_created_at, clients.last_contact AS clients_last_contact, clients.comments AS clients_comments, clients.updated_at AS clients_updated_at, clients.backup_phone AS clients_backup_phone, clients.deleted_at AS clients_deleted_at 
FROM clients 
WHERE clients.id IN ($1::INTEGER)
2026-02-17 19:04:03,932 - sqlalchemy.engine.Engine - INFO - [generated in 0.00017s] (3,)
2026-02-17 19:04:03,933 - sqlalchemy.engine.Engine - INFO - ROLLBACK
2026-02-17 19:04:03,936 - sqlalchemy.engine.Engine - INFO - BEGIN (implicit)
2026-02-17 19:04:03,981 - sqlalchemy.engine.Engine - INFO - SELECT finance.id, finance.order_id, finance.purchase_price, finance.sale_price_client, finance.installer_pay, finance.my_commission, finance.profit, finance.margin, finance.profit_percent, finance.payment_state, finance.installer_returned_money, finance.updated_at, finance.created_at 
FROM finance 
WHERE finance.order_id = $1::INTEGER
2026-02-17 19:04:03,981 - sqlalchemy.engine.Engine - INFO - [generated in 0.00017s] (3,)
2026-02-17 19:04:03,983 - sqlalchemy.engine.Engine - INFO - INSERT INTO finance (order_id, purchase_price, sale_price_client, installer_pay, my_commission, payment_state, installer_returned_money) VALUES ($1::INTEGER, $2::NUMERIC(10, 2), $3::NUMERIC(10, 2), $4::NUMERIC(10, 2), $5::NUMERIC(10, 2), $6::payment_status, $7::BOOLEAN) RETURNING finance.id, finance.profit, finance.margin, finance.profit_percent, finance.updated_at, finance.created_at
2026-02-17 19:04:03,983 - sqlalchemy.engine.Engine - INFO - [generated in 0.00018s] (3, 15000.0, 60000.0, 25000.0, 15000.0, 'Не оплачен', False)
2026-02-17 19:04:03,985 - sqlalchemy.engine.Engine - INFO - COMMIT
2026-02-17 19:04:03,986 - sqlalchemy.engine.Engine - INFO - BEGIN (implicit)
2026-02-17 19:04:03,987 - sqlalchemy.engine.Engine - INFO - SELECT finance.id, finance.order_id, finance.purchase_price, finance.sale_price_client, finance.installer_pay, finance.my_commission, finance.profit, finance.margin, finance.profit_percent, finance.payment_state, finance.installer_returned_money, finance.updated_at, finance.created_at 
FROM finance 
WHERE finance.id = $1::INTEGER
2026-02-17 19:04:03,987 - sqlalchemy.engine.Engine - INFO - [generated in 0.00012s] (1,)
2026-02-17 19:04:03,989 - sqlalchemy.engine.Engine - INFO - ROLLBACK
2026-02-17 19:04:04,032 - sqlalchemy.engine.Engine - INFO - BEGIN (implicit)
2026-02-17 19:04:04,033 - sqlalchemy.engine.Engine - INFO - SELECT orders.id, orders.client_id, orders.installer_id, orders.status, orders.service_type, orders.warehouse, orders.service_datetime, orders.delivery_datetime, orders.promise, orders.marker_color, orders.address_text, orders.created_at, orders.updated_at 
FROM orders 
 LIMIT $1::INTEGER OFFSET $2::INTEGER
2026-02-17 19:04:04,033 - sqlalchemy.engine.Engine - INFO - [generated in 0.00013s] (100, 0)
2026-02-17 19:04:04,035 - sqlalchemy.engine.Engine - INFO - SELECT finance.order_id AS finance_order_id, finance.id AS finance_id, finance.purchase_price AS finance_purchase_price, finance.sale_price_client AS finance_sale_price_client, finance.installer_pay AS finance_installer_pay, finance.my_commission AS finance_my_commission, finance.profit AS finance_profit, finance.margin AS finance_margin, finance.profit_percent AS finance_profit_percent, finance.payment_state AS finance_payment_state, finance.installer_returned_money AS finance_installer_returned_money, finance.updated_at AS finance_updated_at, finance.created_at AS finance_created_at 
FROM finance 
WHERE finance.order_id IN ($1::INTEGER, $2::INTEGER, $3::INTEGER)
2026-02-17 19:04:04,035 - sqlalchemy.engine.Engine - INFO - [cached since 0.111s ago] (1, 2, 3)
2026-02-17 19:04:04,036 - sqlalchemy.engine.Engine - INFO - SELECT clients.id AS clients_id, clients.full_name AS clients_full_name, clients.phone AS clients_phone, clients.address AS clients_address, clients.coordinates AS clients_coordinates, clients.created_at AS clients_created_at, clients.last_contact AS clients_last_contact, clients.comments AS clients_comments, clients.updated_at AS clients_updated_at, clients.backup_phone AS clients_backup_phone, clients.deleted_at AS clients_deleted_at 
FROM clients 
WHERE clients.id IN ($1::INTEGER, $2::INTEGER, $3::INTEGER)
2026-02-17 19:04:04,036 - sqlalchemy.engine.Engine - INFO - [cached since 0.1051s ago] (1, 2, 3)
2026-02-17 19:04:04,038 - sqlalchemy.engine.Engine - INFO - ROLLBACK
2026-02-17 19:04:04,039 - sqlalchemy.engine.Engine - INFO - BEGIN (implicit)
2026-02-17 19:04:04,040 - sqlalchemy.engine.Engine - INFO - SELECT orders.id, orders.client_id, orders.installer_id, orders.status, orders.service_type, orders.warehouse, orders.service_datetime, orders.delivery_datetime, orders.promise, orders.marker_color, orders.address_text, orders.created_at, orders.updated_at 
FROM orders 
 LIMIT $1::INTEGER OFFSET $2::INTEGER
2026-02-17 19:04:04,040 - sqlalchemy.engine.Engine - INFO - [cached since 0.006703s ago] (100, 0)
2026-02-17 19:04:04,041 - sqlalchemy.engine.Engine - INFO - SELECT finance.order_id AS finance_order_id, finance.id AS finance_id, finance.purchase_price AS finance_purchase_price, finance.sale_price_client AS finance_sale_price_client, finance.installer_pay AS finance_installer_pay, finance.my_commission AS finance_my_commission, finance.profit AS finance_profit, finance.margin AS finance_margin, finance.profit_percent AS finance_profit_percent, finance.payment_state AS finance_payment_state, finance.installer_returned_money AS finance_installer_returned_money, finance.updated_at AS finance_updated_at, finance.created_at AS finance_created_at 
FROM finance 
WHERE finance.order_id IN ($1::INTEGER, $2::INTEGER, $3::INTEGER)
2026-02-17 19:04:04,042 - sqlalchemy.engine.Engine - INFO - [cached since 0.1175s ago] (1, 2, 3)
2026-02-17 19:04:04,043 - sqlalchemy.engine.Engine - INFO - SELECT clients.id AS clients_id, clients.full_name AS clients_full_name, clients.phone AS clients_phone, clients.address AS clients_address, clients.coordinates AS clients_coordinates, clients.created_at AS clients_created_at, clients.last_contact AS clients_last_contact, clients.comments AS clients_comments, clients.updated_at AS clients_updated_at, clients.backup_phone AS clients_backup_phone, clients.deleted_at AS clients_deleted_at 
FROM clients 
WHERE clients.id IN ($1::INTEGER, $2::INTEGER, $3::INTEGER)
2026-02-17 19:04:04,043 - sqlalchemy.engine.Engine - INFO - [cached since 0.1118s ago] (1, 2, 3)
2026-02-17 19:04:04,045 - sqlalchemy.engine.Engine - INFO - ROLLBACK
2026-02-17 19:05:24,342 - sqlalchemy.engine.Engine - INFO - BEGIN (implicit)
2026-02-17 19:05:24,343 - sqlalchemy.engine.Engine - INFO - SELECT admins.id, admins.username, admins.password_hash, admins.created_at 
FROM admins 
WHERE admins.username = $1::VARCHAR
2026-02-17 19:05:24,343 - sqlalchemy.engine.Engine - INFO - [cached since 80.67s ago] ('zhura2296@yandex.ru',)
2026-02-17 19:05:24,344 - sqlalchemy.engine.Engine - INFO - INSERT INTO clients (full_name, phone, address, coordinates, comments, updated_at, backup_phone, deleted_at) VALUES ($1::VARCHAR, $2::VARCHAR, $3::VARCHAR, $4, $5::VARCHAR, $6::TIMESTAMP WITH TIME ZONE, $7::VARCHAR, $8::TIMESTAMP WITH TIME ZONE) RETURNING clients.id, clients.created_at, clients.last_contact
2026-02-17 19:05:24,344 - sqlalchemy.engine.Engine - INFO - [cached since 80.67s ago] ('Петров Олег', '89153227046', 'мытищи1-й Рупасовский, ПГСК №41 переулок', None, '123', None, None, None)
2026-02-17 19:05:24,344 - sqlalchemy.engine.Engine - INFO - COMMIT
2026-02-17 19:05:24,389 - sqlalchemy.engine.Engine - INFO - BEGIN (implicit)
2026-02-17 19:05:24,390 - sqlalchemy.engine.Engine - INFO - SELECT clients.id, clients.full_name, clients.phone, clients.address, clients.coordinates, clients.created_at, clients.last_contact, clients.comments, clients.updated_at, clients.backup_phone, clients.deleted_at 
FROM clients 
WHERE clients.id = $1::INTEGER
2026-02-17 19:05:24,390 - sqlalchemy.engine.Engine - INFO - [cached since 80.67s ago] (4,)
2026-02-17 19:05:24,391 - sqlalchemy.engine.Engine - INFO - ROLLBACK
2026-02-17 19:05:24,394 - sqlalchemy.engine.Engine - INFO - BEGIN (implicit)
2026-02-17 19:05:24,394 - sqlalchemy.engine.Engine - INFO - INSERT INTO orders (client_id, installer_id, status, service_type, warehouse, service_datetime, delivery_datetime, promise, marker_color, address_text) VALUES ($1::INTEGER, $2::INTEGER, $3::order_status, $4::VARCHAR, $5::VARCHAR, $6::TIMESTAMP WITHOUT TIME ZONE, $7::TIMESTAMP WITHOUT TIME ZONE, $8::VARCHAR, $9::VARCHAR, $10::VARCHAR) RETURNING orders.id, orders.created_at, orders.updated_at
2026-02-17 19:05:24,394 - sqlalchemy.engine.Engine - INFO - [cached since 80.65s ago] (4, None, 'Новый', 'Electrolux EACS-09HSK/N3_24Y', 'Основной', datetime.datetime(2026, 2, 18, 0, 0), None, '312', None, None)
2026-02-17 19:05:24,524 - sqlalchemy.engine.Engine - INFO - SELECT address_cache.address, address_cache.lat, address_cache.lon, address_cache.updated_at 
FROM address_cache 
WHERE address_cache.address = $1::VARCHAR
2026-02-17 19:05:24,524 - sqlalchemy.engine.Engine - INFO - [cached since 80.66s ago] ('мытищи1-й Рупасовский, ПГСК №41 переулок',)
2026-02-17 19:05:24,525 - sqlalchemy.engine.Engine - INFO - UPDATE address_cache SET lat=$1::NUMERIC(10, 7), lon=$2::NUMERIC(10, 7), updated_at=now() WHERE address_cache.address = $3::VARCHAR
2026-02-17 19:05:24,525 - sqlalchemy.engine.Engine - INFO - [cached since 80.64s ago] (55.924542, 37.746166, 'мытищи1-й Рупасовский, ПГСК №41 переулок')
2026-02-17 19:05:24,526 - sqlalchemy.engine.Engine - INFO - COMMIT
2026-02-17 19:05:24,597 - sqlalchemy.engine.Engine - INFO - BEGIN (implicit)
2026-02-17 19:05:24,597 - sqlalchemy.engine.Engine - INFO - SELECT address_cache.address, address_cache.lat, address_cache.lon, address_cache.updated_at 
FROM address_cache 
WHERE address_cache.address = $1::VARCHAR
2026-02-17 19:05:24,597 - sqlalchemy.engine.Engine - INFO - [cached since 80.68s ago] ('мытищи1-й Рупасовский, ПГСК №41 переулок',)
2026-02-17 19:05:24,598 - sqlalchemy.engine.Engine - INFO - UPDATE orders SET address_text=$1::VARCHAR, updated_at=now() WHERE orders.id = $2::INTEGER
2026-02-17 19:05:24,598 - sqlalchemy.engine.Engine - INFO - [cached since 80.68s ago] ('мытищи1-й Рупасовский, ПГСК №41 переулок', 4)
2026-02-17 19:05:24,599 - sqlalchemy.engine.Engine - INFO - COMMIT
2026-02-17 19:05:24,600 - sqlalchemy.engine.Engine - INFO - BEGIN (implicit)
2026-02-17 19:05:24,600 - sqlalchemy.engine.Engine - INFO - SELECT orders.id, orders.client_id, orders.installer_id, orders.status, orders.service_type, orders.warehouse, orders.service_datetime, orders.delivery_datetime, orders.promise, orders.marker_color, orders.address_text, orders.created_at, orders.updated_at 
FROM orders 
WHERE orders.id = $1::INTEGER
2026-02-17 19:05:24,600 - sqlalchemy.engine.Engine - INFO - [cached since 80.68s ago] (4,)
2026-02-17 19:05:24,601 - sqlalchemy.engine.Engine - INFO - SELECT finance.order_id AS finance_order_id, finance.id AS finance_id, finance.purchase_price AS finance_purchase_price, finance.sale_price_client AS finance_sale_price_client, finance.installer_pay AS finance_installer_pay, finance.my_commission AS finance_my_commission, finance.profit AS finance_profit, finance.margin AS finance_margin, finance.profit_percent AS finance_profit_percent, finance.payment_state AS finance_payment_state, finance.installer_returned_money AS finance_installer_returned_money, finance.updated_at AS finance_updated_at, finance.created_at AS finance_created_at 
FROM finance 
WHERE finance.order_id IN ($1::INTEGER)
2026-02-17 19:05:24,601 - sqlalchemy.engine.Engine - INFO - [cached since 80.68s ago] (4,)
2026-02-17 19:05:24,602 - sqlalchemy.engine.Engine - INFO - SELECT clients.id AS clients_id, clients.full_name AS clients_full_name, clients.phone AS clients_phone, clients.address AS clients_address, clients.coordinates AS clients_coordinates, clients.created_at AS clients_created_at, clients.last_contact AS clients_last_contact, clients.comments AS clients_comments, clients.updated_at AS clients_updated_at, clients.backup_phone AS clients_backup_phone, clients.deleted_at AS clients_deleted_at 
FROM clients 
WHERE clients.id IN ($1::INTEGER)
2026-02-17 19:05:24,602 - sqlalchemy.engine.Engine - INFO - [cached since 80.67s ago] (4,)
2026-02-17 19:05:24,603 - sqlalchemy.engine.Engine - INFO - ROLLBACK
2026-02-17 19:05:24,606 - sqlalchemy.engine.Engine - INFO - BEGIN (implicit)
2026-02-17 19:05:24,606 - sqlalchemy.engine.Engine - INFO - SELECT finance.id, finance.order_id, finance.purchase_price, finance.sale_price_client, finance.installer_pay, finance.my_commission, finance.profit, finance.margin, finance.profit_percent, finance.payment_state, finance.installer_returned_money, finance.updated_at, finance.created_at 
FROM finance 
WHERE finance.order_id = $1::INTEGER
2026-02-17 19:05:24,606 - sqlalchemy.engine.Engine - INFO - [cached since 80.63s ago] (4,)
2026-02-17 19:05:24,608 - sqlalchemy.engine.Engine - INFO - INSERT INTO finance (order_id, purchase_price, sale_price_client, installer_pay, my_commission, payment_state, installer_returned_money) VALUES ($1::INTEGER, $2::NUMERIC(10, 2), $3::NUMERIC(10, 2), $4::NUMERIC(10, 2), $5::NUMERIC(10, 2), $6::payment_status, $7::BOOLEAN) RETURNING finance.id, finance.profit, finance.margin, finance.profit_percent, finance.updated_at, finance.created_at
2026-02-17 19:05:24,608 - sqlalchemy.engine.Engine - INFO - [cached since 80.62s ago] (4, 15000.0, 45000.0, 10000.0, 5000.0, 'Не оплачен', False)
2026-02-17 19:05:24,609 - sqlalchemy.engine.Engine - INFO - COMMIT
2026-02-17 19:05:24,610 - sqlalchemy.engine.Engine - INFO - BEGIN (implicit)
2026-02-17 19:05:24,610 - sqlalchemy.engine.Engine - INFO - SELECT finance.id, finance.order_id, finance.purchase_price, finance.sale_price_client, finance.installer_pay, finance.my_commission, finance.profit, finance.margin, finance.profit_percent, finance.payment_state, finance.installer_returned_money, finance.updated_at, finance.created_at 
FROM finance 
WHERE finance.id = $1::INTEGER
2026-02-17 19:05:24,610 - sqlalchemy.engine.Engine - INFO - [cached since 80.62s ago] (2,)
2026-02-17 19:05:24,611 - sqlalchemy.engine.Engine - INFO - ROLLBACK
2026-02-17 19:05:24,656 - sqlalchemy.engine.Engine - INFO - BEGIN (implicit)
2026-02-17 19:05:24,656 - sqlalchemy.engine.Engine - INFO - SELECT orders.id, orders.client_id, orders.installer_id, orders.status, orders.service_type, orders.warehouse, orders.service_datetime, orders.delivery_datetime, orders.promise, orders.marker_color, orders.address_text, orders.created_at, orders.updated_at 
FROM orders 
 LIMIT $1::INTEGER OFFSET $2::INTEGER
2026-02-17 19:05:24,656 - sqlalchemy.engine.Engine - INFO - [cached since 80.62s ago] (100, 0)
2026-02-17 19:05:24,657 - sqlalchemy.engine.Engine - INFO - SELECT finance.order_id AS finance_order_id, finance.id AS finance_id, finance.purchase_price AS finance_purchase_price, finance.sale_price_client AS finance_sale_price_client, finance.installer_pay AS finance_installer_pay, finance.my_commission AS finance_my_commission, finance.profit AS finance_profit, finance.margin AS finance_margin, finance.profit_percent AS finance_profit_percent, finance.payment_state AS finance_payment_state, finance.installer_returned_money AS finance_installer_returned_money, finance.updated_at AS finance_updated_at, finance.created_at AS finance_created_at 
FROM finance 
WHERE finance.order_id IN ($1::INTEGER, $2::INTEGER, $3::INTEGER, $4::INTEGER)
2026-02-17 19:05:24,657 - sqlalchemy.engine.Engine - INFO - [cached since 80.73s ago] (1, 2, 3, 4)
2026-02-17 19:05:24,658 - sqlalchemy.engine.Engine - INFO - SELECT clients.id AS clients_id, clients.full_name AS clients_full_name, clients.phone AS clients_phone, clients.address AS clients_address, clients.coordinates AS clients_coordinates, clients.created_at AS clients_created_at, clients.last_contact AS clients_last_contact, clients.comments AS clients_comments, clients.updated_at AS clients_updated_at, clients.backup_phone AS clients_backup_phone, clients.deleted_at AS clients_deleted_at 
FROM clients 
WHERE clients.id IN ($1::INTEGER, $2::INTEGER, $3::INTEGER, $4::INTEGER)
2026-02-17 19:05:24,659 - sqlalchemy.engine.Engine - INFO - [cached since 80.73s ago] (1, 2, 3, 4)
2026-02-17 19:05:24,661 - sqlalchemy.engine.Engine - INFO - ROLLBACK
2026-02-17 19:05:24,685 - sqlalchemy.engine.Engine - INFO - BEGIN (implicit)
2026-02-17 19:05:24,685 - sqlalchemy.engine.Engine - INFO - SELECT orders.id, orders.client_id, orders.installer_id, orders.status, orders.service_type, orders.warehouse, orders.service_datetime, orders.delivery_datetime, orders.promise, orders.marker_color, orders.address_text, orders.created_at, orders.updated_at 
FROM orders 
 LIMIT $1::INTEGER OFFSET $2::INTEGER
2026-02-17 19:05:24,685 - sqlalchemy.engine.Engine - INFO - [cached since 80.65s ago] (100, 0)
2026-02-17 19:05:24,698 - sqlalchemy.engine.Engine - INFO - SELECT finance.order_id AS finance_order_id, finance.id AS finance_id, finance.purchase_price AS finance_purchase_price, finance.sale_price_client AS finance_sale_price_client, finance.installer_pay AS finance_installer_pay, finance.my_commission AS finance_my_commission, finance.profit AS finance_profit, finance.margin AS finance_margin, finance.profit_percent AS finance_profit_percent, finance.payment_state AS finance_payment_state, finance.installer_returned_money AS finance_installer_returned_money, finance.updated_at AS finance_updated_at, finance.created_at AS finance_created_at 
FROM finance 
WHERE finance.order_id IN ($1::INTEGER, $2::INTEGER, $3::INTEGER, $4::INTEGER)
2026-02-17 19:05:24,698 - sqlalchemy.engine.Engine - INFO - [cached since 80.77s ago] (1, 2, 3, 4)
2026-02-17 19:05:24,705 - sqlalchemy.engine.Engine - INFO - SELECT clients.id AS clients_id, clients.full_name AS clients_full_name, clients.phone AS clients_phone, clients.address AS clients_address, clients.coordinates AS clients_coordinates, clients.created_at AS clients_created_at, clients.last_contact AS clients_last_contact, clients.comments AS clients_comments, clients.updated_at AS clients_updated_at, clients.backup_phone AS clients_backup_phone, clients.deleted_at AS clients_deleted_at 
FROM clients 
WHERE clients.id IN ($1::INTEGER, $2::INTEGER, $3::INTEGER, $4::INTEGER)
2026-02-17 19:05:24,705 - sqlalchemy.engine.Engine - INFO - [cached since 80.77s ago] (1, 2, 3, 4)
2026-02-17 19:05:24,708 - sqlalchemy.engine.Engine - INFO - ROLLBACK
