2026-02-27 14:23:40,148 - src.core.logging - INFO - Starting CRM application
2026-02-27 14:23:40,148 - apscheduler.scheduler - INFO - Adding job tentatively -- it will be properly scheduled when the scheduler starts
2026-02-27 14:23:40,149 - apscheduler.scheduler - INFO - Adding job tentatively -- it will be properly scheduled when the scheduler starts
2026-02-27 14:23:40,149 - apscheduler.scheduler - INFO - Added job "daily_backup_and_report" to job store "default"
2026-02-27 14:23:40,149 - apscheduler.scheduler - INFO - Added job "daily_backup_and_report" to job store "default"
2026-02-27 14:23:40,149 - apscheduler.scheduler - INFO - Scheduler started
2026-02-27 14:23:40,149 - src.core.logging - INFO - Scheduler started
2026-02-27 14:25:23,240 - src.core.logging - ERROR - Unhandled exception: type object 'Order' has no attribute 'installer'
Traceback (most recent call last):
  File "/home/andre/Рабочий стол/OLEG_CRM/CRM/venv/lib/python3.12/site-packages/anyio/streams/memory.py", line 98, in receive
    return self.receive_nowait()
           ^^^^^^^^^^^^^^^^^^^^^
  File "/home/andre/Рабочий стол/OLEG_CRM/CRM/venv/lib/python3.12/site-packages/anyio/streams/memory.py", line 93, in receive_nowait
    raise WouldBlock
anyio.WouldBlock

During handling of the above exception, another exception occurred:

Traceback (most recent call last):
  File "/home/andre/Рабочий стол/OLEG_CRM/CRM/venv/lib/python3.12/site-packages/starlette/middleware/base.py", line 78, in call_next
    message = await recv_stream.receive()
              ^^^^^^^^^^^^^^^^^^^^^^^^^^^
  File "/home/andre/Рабочий стол/OLEG_CRM/CRM/venv/lib/python3.12/site-packages/anyio/streams/memory.py", line 118, in receive
    raise EndOfStream
anyio.EndOfStream

During handling of the above exception, another exception occurred:

Traceback (most recent call last):
  File "/home/andre/Рабочий стол/OLEG_CRM/CRM/backend/src/core/logging.py", line 49, in dispatch
    response = await call_next(request)
               ^^^^^^^^^^^^^^^^^^^^^^^^
  File "/home/andre/Рабочий стол/OLEG_CRM/CRM/venv/lib/python3.12/site-packages/starlette/middleware/base.py", line 84, in call_next
    raise app_exc
  File "/home/andre/Рабочий стол/OLEG_CRM/CRM/venv/lib/python3.12/site-packages/starlette/middleware/base.py", line 70, in coro
    await self.app(scope, receive_or_disconnect, send_no_error)
  File "/home/andre/Рабочий стол/OLEG_CRM/CRM/venv/lib/python3.12/site-packages/starlette/middleware/cors.py", line 83, in __call__
    await self.app(scope, receive, send)
  File "/home/andre/Рабочий стол/OLEG_CRM/CRM/venv/lib/python3.12/site-packages/starlette/middleware/exceptions.py", line 79, in __call__
    raise exc
  File "/home/andre/Рабочий стол/OLEG_CRM/CRM/venv/lib/python3.12/site-packages/starlette/middleware/exceptions.py", line 68, in __call__
    await self.app(scope, receive, sender)
  File "/home/andre/Рабочий стол/OLEG_CRM/CRM/venv/lib/python3.12/site-packages/fastapi/middleware/asyncexitstack.py", line 20, in __call__
    raise e
  File "/home/andre/Рабочий стол/OLEG_CRM/CRM/venv/lib/python3.12/site-packages/fastapi/middleware/asyncexitstack.py", line 17, in __call__
    await self.app(scope, receive, send)
  File "/home/andre/Рабочий стол/OLEG_CRM/CRM/venv/lib/python3.12/site-packages/starlette/routing.py", line 718, in __call__
    await route.handle(scope, receive, send)
  File "/home/andre/Рабочий стол/OLEG_CRM/CRM/venv/lib/python3.12/site-packages/starlette/routing.py", line 276, in handle
    await self.app(scope, receive, send)
  File "/home/andre/Рабочий стол/OLEG_CRM/CRM/venv/lib/python3.12/site-packages/starlette/routing.py", line 66, in app
    response = await func(request)
               ^^^^^^^^^^^^^^^^^^^
  File "/home/andre/Рабочий стол/OLEG_CRM/CRM/venv/lib/python3.12/site-packages/fastapi/routing.py", line 274, in app
    raw_response = await run_endpoint_function(
                   ^^^^^^^^^^^^^^^^^^^^^^^^^^^^
  File "/home/andre/Рабочий стол/OLEG_CRM/CRM/venv/lib/python3.12/site-packages/fastapi/routing.py", line 191, in run_endpoint_function
    return await dependant.call(**values)
           ^^^^^^^^^^^^^^^^^^^^^^^^^^^^^^
  File "/home/andre/Рабочий стол/OLEG_CRM/CRM/backend/src/routers/orders.py", line 26, in read_orders
    return await get_orders(db, skip, limit)
           ^^^^^^^^^^^^^^^^^^^^^^^^^^^^^^^^^
  File "/home/andre/Рабочий стол/OLEG_CRM/CRM/backend/src/services/orders.py", line 65, in get_orders
    selectinload(Order.installer),
                 ^^^^^^^^^^^^^^^
AttributeError: type object 'Order' has no attribute 'installer'. Did you mean: 'installers'?
2026-02-27 14:29:59,383 - src.core.logging - INFO - Starting CRM application
2026-02-27 14:29:59,383 - apscheduler.scheduler - INFO - Adding job tentatively -- it will be properly scheduled when the scheduler starts
2026-02-27 14:29:59,421 - apscheduler.scheduler - INFO - Adding job tentatively -- it will be properly scheduled when the scheduler starts
2026-02-27 14:29:59,422 - apscheduler.scheduler - INFO - Added job "daily_backup_and_report" to job store "default"
2026-02-27 14:29:59,423 - apscheduler.scheduler - INFO - Added job "daily_backup_and_report" to job store "default"
2026-02-27 14:29:59,423 - apscheduler.scheduler - INFO - Scheduler started
2026-02-27 14:29:59,423 - src.core.logging - INFO - Scheduler started
2026-02-27 14:30:04,801 - sqlalchemy.engine.Engine - INFO - select pg_catalog.version()
2026-02-27 14:30:04,801 - sqlalchemy.engine.Engine - INFO - [raw sql] ()
2026-02-27 14:30:04,802 - sqlalchemy.engine.Engine - INFO - select current_schema()
2026-02-27 14:30:04,802 - sqlalchemy.engine.Engine - INFO - [raw sql] ()
2026-02-27 14:30:04,803 - sqlalchemy.engine.Engine - INFO - show standard_conforming_strings
2026-02-27 14:30:04,803 - sqlalchemy.engine.Engine - INFO - [raw sql] ()
2026-02-27 14:30:04,803 - sqlalchemy.engine.Engine - INFO - BEGIN (implicit)
2026-02-27 14:30:04,806 - sqlalchemy.engine.Engine - INFO - SELECT orders.id, orders.client_id, orders.status, orders.warehouse, orders.service_datetime, orders.delivery_datetime, orders.promise, orders.marker_color, orders.address_id, orders.address_text, orders.created_at, orders.updated_at 
FROM orders 
 LIMIT $1::INTEGER OFFSET $2::INTEGER
2026-02-27 14:30:04,806 - sqlalchemy.engine.Engine - INFO - [generated in 0.00014s] (100, 0)
2026-02-27 14:30:04,819 - sqlalchemy.engine.Engine - INFO - ROLLBACK
2026-02-27 14:32:35,862 - sqlalchemy.engine.Engine - INFO - BEGIN (implicit)
2026-02-27 14:32:35,863 - sqlalchemy.engine.Engine - INFO - SELECT admins.id, admins.username, admins.password_hash, admins.created_at 
FROM admins 
WHERE admins.username = $1::VARCHAR
2026-02-27 14:32:35,863 - sqlalchemy.engine.Engine - INFO - [generated in 0.00012s] ('zhura2296@yandex.ru',)
2026-02-27 14:32:35,865 - sqlalchemy.engine.Engine - INFO - ROLLBACK
2026-02-27 14:34:21,693 - sqlalchemy.engine.Engine - INFO - BEGIN (implicit)
2026-02-27 14:34:21,695 - sqlalchemy.engine.Engine - INFO - SELECT address_cache.address, address_cache.lat, address_cache.lon, address_cache.updated_at 
FROM address_cache 
WHERE address_cache.address = $1::VARCHAR
2026-02-27 14:34:21,695 - sqlalchemy.engine.Engine - INFO - [generated in 0.00014s] ('Москва, ул. Ленина, 1',)
2026-02-27 14:34:21,697 - sqlalchemy.engine.Engine - INFO - INSERT INTO address_cache (address, lat, lon) VALUES ($1::VARCHAR, $2::NUMERIC(10, 7), $3::NUMERIC(10, 7)) RETURNING address_cache.updated_at
2026-02-27 14:34:21,697 - sqlalchemy.engine.Engine - INFO - [generated in 0.00013s] ('Москва, ул. Ленина, 1', 55.978498, 37.173355)
2026-02-27 14:34:21,698 - sqlalchemy.engine.Engine - INFO - COMMIT
2026-02-27 14:34:21,731 - sqlalchemy.engine.Engine - INFO - BEGIN (implicit)
2026-02-27 14:34:21,732 - sqlalchemy.engine.Engine - INFO - SELECT address_cache.address, address_cache.lat, address_cache.lon, address_cache.updated_at 
FROM address_cache 
WHERE address_cache.address = $1::VARCHAR
2026-02-27 14:34:21,732 - sqlalchemy.engine.Engine - INFO - [generated in 0.00016s] ('Москва, ул. Ленина, 1',)
2026-02-27 14:34:21,733 - sqlalchemy.engine.Engine - INFO - ROLLBACK
2026-02-27 14:34:21,733 - src.core.logging - ERROR - Unhandled exception: 'installer_id' is an invalid keyword argument for Order
Traceback (most recent call last):
  File "/home/andre/Рабочий стол/OLEG_CRM/CRM/venv/lib/python3.12/site-packages/anyio/streams/memory.py", line 98, in receive
    return self.receive_nowait()
           ^^^^^^^^^^^^^^^^^^^^^
  File "/home/andre/Рабочий стол/OLEG_CRM/CRM/venv/lib/python3.12/site-packages/anyio/streams/memory.py", line 93, in receive_nowait
    raise WouldBlock
anyio.WouldBlock

During handling of the above exception, another exception occurred:

Traceback (most recent call last):
  File "/home/andre/Рабочий стол/OLEG_CRM/CRM/venv/lib/python3.12/site-packages/starlette/middleware/base.py", line 78, in call_next
    message = await recv_stream.receive()
              ^^^^^^^^^^^^^^^^^^^^^^^^^^^
  File "/home/andre/Рабочий стол/OLEG_CRM/CRM/venv/lib/python3.12/site-packages/anyio/streams/memory.py", line 118, in receive
    raise EndOfStream
anyio.EndOfStream

During handling of the above exception, another exception occurred:

Traceback (most recent call last):
  File "/home/andre/Рабочий стол/OLEG_CRM/CRM/backend/src/core/logging.py", line 49, in dispatch
    response = await call_next(request)
               ^^^^^^^^^^^^^^^^^^^^^^^^
  File "/home/andre/Рабочий стол/OLEG_CRM/CRM/venv/lib/python3.12/site-packages/starlette/middleware/base.py", line 84, in call_next
    raise app_exc
  File "/home/andre/Рабочий стол/OLEG_CRM/CRM/venv/lib/python3.12/site-packages/starlette/middleware/base.py", line 70, in coro
    await self.app(scope, receive_or_disconnect, send_no_error)
  File "/home/andre/Рабочий стол/OLEG_CRM/CRM/venv/lib/python3.12/site-packages/starlette/middleware/cors.py", line 83, in __call__
    await self.app(scope, receive, send)
  File "/home/andre/Рабочий стол/OLEG_CRM/CRM/venv/lib/python3.12/site-packages/starlette/middleware/exceptions.py", line 79, in __call__
    raise exc
  File "/home/andre/Рабочий стол/OLEG_CRM/CRM/venv/lib/python3.12/site-packages/starlette/middleware/exceptions.py", line 68, in __call__
    await self.app(scope, receive, sender)
  File "/home/andre/Рабочий стол/OLEG_CRM/CRM/venv/lib/python3.12/site-packages/fastapi/middleware/asyncexitstack.py", line 20, in __call__
    raise e
  File "/home/andre/Рабочий стол/OLEG_CRM/CRM/venv/lib/python3.12/site-packages/fastapi/middleware/asyncexitstack.py", line 17, in __call__
    await self.app(scope, receive, send)
  File "/home/andre/Рабочий стол/OLEG_CRM/CRM/venv/lib/python3.12/site-packages/starlette/routing.py", line 718, in __call__
    await route.handle(scope, receive, send)
  File "/home/andre/Рабочий стол/OLEG_CRM/CRM/venv/lib/python3.12/site-packages/starlette/routing.py", line 276, in handle
    await self.app(scope, receive, send)
  File "/home/andre/Рабочий стол/OLEG_CRM/CRM/venv/lib/python3.12/site-packages/starlette/routing.py", line 66, in app
    response = await func(request)
               ^^^^^^^^^^^^^^^^^^^
  File "/home/andre/Рабочий стол/OLEG_CRM/CRM/venv/lib/python3.12/site-packages/fastapi/routing.py", line 274, in app
    raw_response = await run_endpoint_function(
                   ^^^^^^^^^^^^^^^^^^^^^^^^^^^^
  File "/home/andre/Рабочий стол/OLEG_CRM/CRM/venv/lib/python3.12/site-packages/fastapi/routing.py", line 191, in run_endpoint_function
    return await dependant.call(**values)
           ^^^^^^^^^^^^^^^^^^^^^^^^^^^^^^
  File "/home/andre/Рабочий стол/OLEG_CRM/CRM/backend/src/routers/orders.py", line 18, in create_order_endpoint
    return await create_order(db, order)
           ^^^^^^^^^^^^^^^^^^^^^^^^^^^^^
  File "/home/andre/Рабочий стол/OLEG_CRM/CRM/backend/src/services/orders.py", line 34, in create_order
    order = Order(**order_dict)
            ^^^^^^^^^^^^^^^^^^^
  File "<string>", line 4, in __init__
  File "/home/andre/Рабочий стол/OLEG_CRM/CRM/venv/lib/python3.12/site-packages/sqlalchemy/orm/state.py", line 566, in _initialize_instance
    with util.safe_reraise():
  File "/home/andre/Рабочий стол/OLEG_CRM/CRM/venv/lib/python3.12/site-packages/sqlalchemy/util/langhelpers.py", line 146, in __exit__
    raise exc_value.with_traceback(exc_tb)
  File "/home/andre/Рабочий стол/OLEG_CRM/CRM/venv/lib/python3.12/site-packages/sqlalchemy/orm/state.py", line 564, in _initialize_instance
    manager.original_init(*mixed[1:], **kwargs)
  File "/home/andre/Рабочий стол/OLEG_CRM/CRM/venv/lib/python3.12/site-packages/sqlalchemy/orm/decl_base.py", line 2142, in _declarative_constructor
    raise TypeError(
TypeError: 'installer_id' is an invalid keyword argument for Order
2026-02-27 14:34:47,284 - sqlalchemy.engine.Engine - INFO - BEGIN (implicit)
2026-02-27 14:34:47,284 - sqlalchemy.engine.Engine - INFO - SELECT admins.id, admins.username, admins.password_hash, admins.created_at 
FROM admins 
WHERE admins.username = $1::VARCHAR
2026-02-27 14:34:47,284 - sqlalchemy.engine.Engine - INFO - [cached since 131.4s ago] ('zhura2296@yandex.ru',)
2026-02-27 14:34:47,285 - sqlalchemy.engine.Engine - INFO - ROLLBACK
2026-02-27 14:35:55,693 - src.core.logging - INFO - Starting CRM application
2026-02-27 14:35:55,694 - apscheduler.scheduler - INFO - Adding job tentatively -- it will be properly scheduled when the scheduler starts
2026-02-27 14:35:55,694 - apscheduler.scheduler - INFO - Adding job tentatively -- it will be properly scheduled when the scheduler starts
2026-02-27 14:35:55,694 - apscheduler.scheduler - INFO - Added job "daily_backup_and_report" to job store "default"
2026-02-27 14:35:55,694 - apscheduler.scheduler - INFO - Added job "daily_backup_and_report" to job store "default"
2026-02-27 14:35:55,694 - apscheduler.scheduler - INFO - Scheduler started
2026-02-27 14:35:55,694 - src.core.logging - INFO - Scheduler started
2026-02-27 14:36:18,061 - sqlalchemy.engine.Engine - INFO - select pg_catalog.version()
2026-02-27 14:36:18,061 - sqlalchemy.engine.Engine - INFO - [raw sql] ()
2026-02-27 14:36:18,062 - sqlalchemy.engine.Engine - INFO - select current_schema()
2026-02-27 14:36:18,062 - sqlalchemy.engine.Engine - INFO - [raw sql] ()
2026-02-27 14:36:18,063 - sqlalchemy.engine.Engine - INFO - show standard_conforming_strings
2026-02-27 14:36:18,063 - sqlalchemy.engine.Engine - INFO - [raw sql] ()
2026-02-27 14:36:18,064 - sqlalchemy.engine.Engine - INFO - BEGIN (implicit)
2026-02-27 14:36:18,084 - sqlalchemy.engine.Engine - INFO - SELECT address_cache.address, address_cache.lat, address_cache.lon, address_cache.updated_at 
FROM address_cache 
WHERE address_cache.address = $1::VARCHAR
2026-02-27 14:36:18,084 - sqlalchemy.engine.Engine - INFO - [generated in 0.00021s] ('Москва, ул. Ленина, 1',)
2026-02-27 14:36:18,088 - sqlalchemy.engine.Engine - INFO - UPDATE address_cache SET lat=$1::NUMERIC(10, 7), lon=$2::NUMERIC(10, 7), updated_at=now() WHERE address_cache.address = $3::VARCHAR
2026-02-27 14:36:18,088 - sqlalchemy.engine.Engine - INFO - [generated in 0.00017s] (55.978498, 37.173355, 'Москва, ул. Ленина, 1')
2026-02-27 14:36:18,129 - sqlalchemy.engine.Engine - INFO - COMMIT
2026-02-27 14:36:18,132 - sqlalchemy.engine.Engine - INFO - BEGIN (implicit)
2026-02-27 14:36:18,134 - sqlalchemy.engine.Engine - INFO - SELECT address_cache.address, address_cache.lat, address_cache.lon, address_cache.updated_at 
FROM address_cache 
WHERE address_cache.address = $1::VARCHAR
2026-02-27 14:36:18,134 - sqlalchemy.engine.Engine - INFO - [generated in 0.00050s] ('Москва, ул. Ленина, 1',)
2026-02-27 14:36:18,140 - sqlalchemy.engine.Engine - INFO - INSERT INTO orders (client_id, status, warehouse, service_datetime, delivery_datetime, promise, marker_color, address_id, address_text) VALUES ($1::INTEGER, $2::order_status, $3::VARCHAR, $4::TIMESTAMP WITHOUT TIME ZONE, $5::TIMESTAMP WITHOUT TIME ZONE, $6::VARCHAR, $7::VARCHAR, $8::VARCHAR, $9::VARCHAR) RETURNING orders.id, orders.created_at, orders.updated_at
2026-02-27 14:36:18,140 - sqlalchemy.engine.Engine - INFO - [generated in 0.00031s] (None, 'Новый', 'Основной', datetime.datetime(2026, 3, 1, 12, 0), datetime.datetime(2026, 3, 1, 10, 0), 'Позвонить за час', 'blue', 'Москва, ул. Ленина, 1', 'Москва, ул. Ленина, 1')
2026-02-27 14:36:18,153 - sqlalchemy.engine.Engine - INFO - SELECT orders.id 
FROM orders 
WHERE orders.id = $1::INTEGER
2026-02-27 14:36:18,153 - sqlalchemy.engine.Engine - INFO - [generated in 0.00017s] (1,)
2026-02-27 14:36:18,156 - sqlalchemy.engine.Engine - INFO - SELECT finance.id AS finance_id, finance.order_id AS finance_order_id, finance.revenue AS finance_revenue, finance.cost_of_goods AS finance_cost_of_goods, finance.installer_payments AS finance_installer_payments, finance.expenses AS finance_expenses, finance.warranty_costs_oleg AS finance_warranty_costs_oleg, finance.warranty_costs_installer AS finance_warranty_costs_installer, finance.profit AS finance_profit, finance.created_at AS finance_created_at, finance.updated_at AS finance_updated_at 
FROM finance 
WHERE $1::INTEGER = finance.order_id
2026-02-27 14:36:18,156 - sqlalchemy.engine.Engine - INFO - [generated in 0.00016s] (1,)
2026-02-27 14:36:18,159 - sqlalchemy.engine.Engine - INFO - SELECT order_installers.id AS order_installers_id, order_installers.order_id AS order_installers_order_id, order_installers.installer_id AS order_installers_installer_id, order_installers.role AS order_installers_role, order_installers.base_payment AS order_installers_base_payment, order_installers.is_primary AS order_installers_is_primary, order_installers.created_at AS order_installers_created_at, order_installers.updated_at AS order_installers_updated_at 
FROM order_installers 
WHERE $1::INTEGER = order_installers.order_id
2026-02-27 14:36:18,159 - sqlalchemy.engine.Engine - INFO - [generated in 0.00014s] (1,)
2026-02-27 14:36:18,160 - sqlalchemy.engine.Engine - INFO - COMMIT
2026-02-27 14:40:15,002 - sqlalchemy.engine.Engine - INFO - BEGIN (implicit)
2026-02-27 14:40:15,002 - sqlalchemy.engine.Engine - INFO - SELECT admins.id, admins.username, admins.password_hash, admins.created_at 
FROM admins
2026-02-27 14:40:15,003 - sqlalchemy.engine.Engine - INFO - [generated in 0.00012s] ()
2026-02-27 14:40:15,196 - sqlalchemy.engine.Engine - INFO - INSERT INTO admins (username, password_hash) VALUES ($1::VARCHAR, $2::VARCHAR) RETURNING admins.id, admins.created_at
2026-02-27 14:40:15,196 - sqlalchemy.engine.Engine - INFO - [generated in 0.00016s] ('zhura2296@yandex.ru', '$2b$12$tcQKPoHNL6yR9fO6q.GS5O6P.URtv8jU58UpZvB1sMizuiyuSon4i')
2026-02-27 14:40:15,197 - sqlalchemy.engine.Engine - INFO - COMMIT
2026-02-27 14:40:15,237 - sqlalchemy.engine.Engine - INFO - BEGIN (implicit)
2026-02-27 14:40:15,239 - sqlalchemy.engine.Engine - INFO - SELECT admins.id, admins.username, admins.password_hash, admins.created_at 
FROM admins 
WHERE admins.id = $1::INTEGER
2026-02-27 14:40:15,239 - sqlalchemy.engine.Engine - INFO - [generated in 0.00023s] (1,)
2026-02-27 14:40:15,241 - sqlalchemy.engine.Engine - INFO - ROLLBACK
2026-02-27 14:40:34,114 - sqlalchemy.engine.Engine - INFO - BEGIN (implicit)
2026-02-27 14:40:34,114 - sqlalchemy.engine.Engine - INFO - SELECT admins.id, admins.username, admins.password_hash, admins.created_at 
FROM admins 
WHERE admins.username = $1::VARCHAR
2026-02-27 14:40:34,114 - sqlalchemy.engine.Engine - INFO - [generated in 0.00015s] ('zhura2296@yandex.ru',)
2026-02-27 14:40:34,304 - sqlalchemy.engine.Engine - INFO - ROLLBACK
2026-02-27 14:41:19,049 - sqlalchemy.engine.Engine - INFO - BEGIN (implicit)
2026-02-27 14:41:19,049 - sqlalchemy.engine.Engine - INFO - SELECT admins.id, admins.username, admins.password_hash, admins.created_at 
FROM admins 
WHERE admins.username = $1::VARCHAR
2026-02-27 14:41:19,050 - sqlalchemy.engine.Engine - INFO - [cached since 44.94s ago] ('zhura2296@yandex.ru',)
2026-02-27 14:41:19,051 - sqlalchemy.engine.Engine - INFO - INSERT INTO order_items (order_id, item_type, name, quantity, purchase_price, sale_price, warranty_manufacturer, warranty_master, sort_order) VALUES ($1::INTEGER, $2::itemtype, $3::VARCHAR, $4::INTEGER, $5::NUMERIC(10, 2), $6::NUMERIC(10, 2), $7::INTEGER, $8::INTEGER, $9::INTEGER) RETURNING order_items.id, order_items.created_at, order_items.updated_at
2026-02-27 14:41:19,052 - sqlalchemy.engine.Engine - INFO - [generated in 0.00015s] (None, 'product', 'Кондиционер Haier', 1, Decimal('25000'), Decimal('45000'), 3, 1, 10)
2026-02-27 14:41:19,052 - sqlalchemy.engine.Engine - INFO - ROLLBACK
2026-02-27 14:41:19,052 - src.core.logging - ERROR - Unhandled exception: (sqlalchemy.dialects.postgresql.asyncpg.ProgrammingError) <class 'asyncpg.exceptions.UndefinedObjectError'>: type "itemtype" does not exist
[SQL: INSERT INTO order_items (order_id, item_type, name, quantity, purchase_price, sale_price, warranty_manufacturer, warranty_master, sort_order) VALUES ($1::INTEGER, $2::itemtype, $3::VARCHAR, $4::INTEGER, $5::NUMERIC(10, 2), $6::NUMERIC(10, 2), $7::INTEGER, $8::INTEGER, $9::INTEGER) RETURNING order_items.id, order_items.created_at, order_items.updated_at]
[parameters: (None, 'product', 'Кондиционер Haier', 1, Decimal('25000'), Decimal('45000'), 3, 1, 10)]
(Background on this error at: https://sqlalche.me/e/20/f405)
Traceback (most recent call last):
  File "/home/andre/Рабочий стол/OLEG_CRM/CRM/venv/lib/python3.12/site-packages/sqlalchemy/dialects/postgresql/asyncpg.py", line 533, in _prepare_and_execute
    prepared_stmt, attributes = await adapt_connection._prepare(
                                ^^^^^^^^^^^^^^^^^^^^^^^^^^^^^^^^
  File "/home/andre/Рабочий стол/OLEG_CRM/CRM/venv/lib/python3.12/site-packages/sqlalchemy/dialects/postgresql/asyncpg.py", line 784, in _prepare
    prepared_stmt = await self._connection.prepare(
                    ^^^^^^^^^^^^^^^^^^^^^^^^^^^^^^^
  File "/home/andre/Рабочий стол/OLEG_CRM/CRM/venv/lib/python3.12/site-packages/asyncpg/connection.py", line 636, in prepare
    return await self._prepare(
           ^^^^^^^^^^^^^^^^^^^^
  File "/home/andre/Рабочий стол/OLEG_CRM/CRM/venv/lib/python3.12/site-packages/asyncpg/connection.py", line 654, in _prepare
    stmt = await self._get_statement(
           ^^^^^^^^^^^^^^^^^^^^^^^^^^
  File "/home/andre/Рабочий стол/OLEG_CRM/CRM/venv/lib/python3.12/site-packages/asyncpg/connection.py", line 433, in _get_statement
    statement = await self._protocol.prepare(
                ^^^^^^^^^^^^^^^^^^^^^^^^^^^^^
  File "asyncpg/protocol/protocol.pyx", line 166, in prepare
asyncpg.exceptions.UndefinedObjectError: type "itemtype" does not exist

The above exception was the direct cause of the following exception:

Traceback (most recent call last):
  File "/home/andre/Рабочий стол/OLEG_CRM/CRM/venv/lib/python3.12/site-packages/sqlalchemy/engine/base.py", line 1969, in _exec_single_context
    self.dialect.do_execute(
  File "/home/andre/Рабочий стол/OLEG_CRM/CRM/venv/lib/python3.12/site-packages/sqlalchemy/engine/default.py", line 922, in do_execute
    cursor.execute(statement, parameters)
  File "/home/andre/Рабочий стол/OLEG_CRM/CRM/venv/lib/python3.12/site-packages/sqlalchemy/dialects/postgresql/asyncpg.py", line 591, in execute
    self._adapt_connection.await_(
  File "/home/andre/Рабочий стол/OLEG_CRM/CRM/venv/lib/python3.12/site-packages/sqlalchemy/util/_concurrency_py3k.py", line 125, in await_only
    return current.driver.switch(awaitable)  # type: ignore[no-any-return]
           ^^^^^^^^^^^^^^^^^^^^^^^^^^^^^^^^
  File "/home/andre/Рабочий стол/OLEG_CRM/CRM/venv/lib/python3.12/site-packages/sqlalchemy/util/_concurrency_py3k.py", line 185, in greenlet_spawn
    value = await result
            ^^^^^^^^^^^^
  File "/home/andre/Рабочий стол/OLEG_CRM/CRM/venv/lib/python3.12/site-packages/sqlalchemy/dialects/postgresql/asyncpg.py", line 569, in _prepare_and_execute
    self._handle_exception(error)
  File "/home/andre/Рабочий стол/OLEG_CRM/CRM/venv/lib/python3.12/site-packages/sqlalchemy/dialects/postgresql/asyncpg.py", line 520, in _handle_exception
    self._adapt_connection._handle_exception(error)
  File "/home/andre/Рабочий стол/OLEG_CRM/CRM/venv/lib/python3.12/site-packages/sqlalchemy/dialects/postgresql/asyncpg.py", line 808, in _handle_exception
    raise translated_error from error
sqlalchemy.dialects.postgresql.asyncpg.AsyncAdapt_asyncpg_dbapi.ProgrammingError: <class 'asyncpg.exceptions.UndefinedObjectError'>: type "itemtype" does not exist

The above exception was the direct cause of the following exception:

Traceback (most recent call last):
  File "/home/andre/Рабочий стол/OLEG_CRM/CRM/backend/src/core/logging.py", line 49, in dispatch
    response = await call_next(request)
               ^^^^^^^^^^^^^^^^^^^^^^^^
  File "/home/andre/Рабочий стол/OLEG_CRM/CRM/venv/lib/python3.12/site-packages/starlette/middleware/base.py", line 84, in call_next
    raise app_exc
  File "/home/andre/Рабочий стол/OLEG_CRM/CRM/venv/lib/python3.12/site-packages/starlette/middleware/base.py", line 70, in coro
    await self.app(scope, receive_or_disconnect, send_no_error)
  File "/home/andre/Рабочий стол/OLEG_CRM/CRM/venv/lib/python3.12/site-packages/starlette/middleware/cors.py", line 83, in __call__
    await self.app(scope, receive, send)
  File "/home/andre/Рабочий стол/OLEG_CRM/CRM/venv/lib/python3.12/site-packages/starlette/middleware/exceptions.py", line 79, in __call__
    raise exc
  File "/home/andre/Рабочий стол/OLEG_CRM/CRM/venv/lib/python3.12/site-packages/starlette/middleware/exceptions.py", line 68, in __call__
    await self.app(scope, receive, sender)
  File "/home/andre/Рабочий стол/OLEG_CRM/CRM/venv/lib/python3.12/site-packages/fastapi/middleware/asyncexitstack.py", line 20, in __call__
    raise e
  File "/home/andre/Рабочий стол/OLEG_CRM/CRM/venv/lib/python3.12/site-packages/fastapi/middleware/asyncexitstack.py", line 17, in __call__
    await self.app(scope, receive, send)
  File "/home/andre/Рабочий стол/OLEG_CRM/CRM/venv/lib/python3.12/site-packages/starlette/routing.py", line 718, in __call__
    await route.handle(scope, receive, send)
  File "/home/andre/Рабочий стол/OLEG_CRM/CRM/venv/lib/python3.12/site-packages/starlette/routing.py", line 276, in handle
    await self.app(scope, receive, send)
  File "/home/andre/Рабочий стол/OLEG_CRM/CRM/venv/lib/python3.12/site-packages/starlette/routing.py", line 66, in app
    response = await func(request)
               ^^^^^^^^^^^^^^^^^^^
  File "/home/andre/Рабочий стол/OLEG_CRM/CRM/venv/lib/python3.12/site-packages/fastapi/routing.py", line 274, in app
    raw_response = await run_endpoint_function(
                   ^^^^^^^^^^^^^^^^^^^^^^^^^^^^
  File "/home/andre/Рабочий стол/OLEG_CRM/CRM/venv/lib/python3.12/site-packages/fastapi/routing.py", line 191, in run_endpoint_function
    return await dependant.call(**values)
           ^^^^^^^^^^^^^^^^^^^^^^^^^^^^^^
  File "/home/andre/Рабочий стол/OLEG_CRM/CRM/backend/src/routers/order_items.py", line 27, in create_order_item_endpoint
    return await create_order_item(db, item)
           ^^^^^^^^^^^^^^^^^^^^^^^^^^^^^^^^^
  File "/home/andre/Рабочий стол/OLEG_CRM/CRM/backend/src/services/order_items.py", line 13, in create_order_item
    await db.commit()
  File "/home/andre/Рабочий стол/OLEG_CRM/CRM/venv/lib/python3.12/site-packages/sqlalchemy/ext/asyncio/session.py", line 1011, in commit
    await greenlet_spawn(self.sync_session.commit)
  File "/home/andre/Рабочий стол/OLEG_CRM/CRM/venv/lib/python3.12/site-packages/sqlalchemy/util/_concurrency_py3k.py", line 192, in greenlet_spawn
    result = context.switch(value)
             ^^^^^^^^^^^^^^^^^^^^^
  File "/home/andre/Рабочий стол/OLEG_CRM/CRM/venv/lib/python3.12/site-packages/sqlalchemy/orm/session.py", line 1969, in commit
    trans.commit(_to_root=True)
  File "<string>", line 2, in commit
  File "/home/andre/Рабочий стол/OLEG_CRM/CRM/venv/lib/python3.12/site-packages/sqlalchemy/orm/state_changes.py", line 139, in _go
    ret_value = fn(self, *arg, **kw)
                ^^^^^^^^^^^^^^^^^^^^
  File "/home/andre/Рабочий стол/OLEG_CRM/CRM/venv/lib/python3.12/site-packages/sqlalchemy/orm/session.py", line 1256, in commit
    self._prepare_impl()
  File "<string>", line 2, in _prepare_impl
  File "/home/andre/Рабочий стол/OLEG_CRM/CRM/venv/lib/python3.12/site-packages/sqlalchemy/orm/state_changes.py", line 139, in _go
    ret_value = fn(self, *arg, **kw)
                ^^^^^^^^^^^^^^^^^^^^
  File "/home/andre/Рабочий стол/OLEG_CRM/CRM/venv/lib/python3.12/site-packages/sqlalchemy/orm/session.py", line 1231, in _prepare_impl
    self.session.flush()
  File "/home/andre/Рабочий стол/OLEG_CRM/CRM/venv/lib/python3.12/site-packages/sqlalchemy/orm/session.py", line 4312, in flush
    self._flush(objects)
  File "/home/andre/Рабочий стол/OLEG_CRM/CRM/venv/lib/python3.12/site-packages/sqlalchemy/orm/session.py", line 4447, in _flush
    with util.safe_reraise():
  File "/home/andre/Рабочий стол/OLEG_CRM/CRM/venv/lib/python3.12/site-packages/sqlalchemy/util/langhelpers.py", line 146, in __exit__
    raise exc_value.with_traceback(exc_tb)
  File "/home/andre/Рабочий стол/OLEG_CRM/CRM/venv/lib/python3.12/site-packages/sqlalchemy/orm/session.py", line 4408, in _flush
    flush_context.execute()
  File "/home/andre/Рабочий стол/OLEG_CRM/CRM/venv/lib/python3.12/site-packages/sqlalchemy/orm/unitofwork.py", line 466, in execute
    rec.execute(self)
  File "/home/andre/Рабочий стол/OLEG_CRM/CRM/venv/lib/python3.12/site-packages/sqlalchemy/orm/unitofwork.py", line 642, in execute
    util.preloaded.orm_persistence.save_obj(
  File "/home/andre/Рабочий стол/OLEG_CRM/CRM/venv/lib/python3.12/site-packages/sqlalchemy/orm/persistence.py", line 93, in save_obj
    _emit_insert_statements(
  File "/home/andre/Рабочий стол/OLEG_CRM/CRM/venv/lib/python3.12/site-packages/sqlalchemy/orm/persistence.py", line 1226, in _emit_insert_statements
    result = connection.execute(
             ^^^^^^^^^^^^^^^^^^^
  File "/home/andre/Рабочий стол/OLEG_CRM/CRM/venv/lib/python3.12/site-packages/sqlalchemy/engine/base.py", line 1416, in execute
    return meth(
           ^^^^^
  File "/home/andre/Рабочий стол/OLEG_CRM/CRM/venv/lib/python3.12/site-packages/sqlalchemy/sql/elements.py", line 516, in _execute_on_connection
    return connection._execute_clauseelement(
           ^^^^^^^^^^^^^^^^^^^^^^^^^^^^^^^^^^
  File "/home/andre/Рабочий стол/OLEG_CRM/CRM/venv/lib/python3.12/site-packages/sqlalchemy/engine/base.py", line 1639, in _execute_clauseelement
    ret = self._execute_context(
          ^^^^^^^^^^^^^^^^^^^^^^
  File "/home/andre/Рабочий стол/OLEG_CRM/CRM/venv/lib/python3.12/site-packages/sqlalchemy/engine/base.py", line 1848, in _execute_context
    return self._exec_single_context(
           ^^^^^^^^^^^^^^^^^^^^^^^^^^
  File "/home/andre/Рабочий стол/OLEG_CRM/CRM/venv/lib/python3.12/site-packages/sqlalchemy/engine/base.py", line 1988, in _exec_single_context
    self._handle_dbapi_exception(
  File "/home/andre/Рабочий стол/OLEG_CRM/CRM/venv/lib/python3.12/site-packages/sqlalchemy/engine/base.py", line 2343, in _handle_dbapi_exception
    raise sqlalchemy_exception.with_traceback(exc_info[2]) from e
  File "/home/andre/Рабочий стол/OLEG_CRM/CRM/venv/lib/python3.12/site-packages/sqlalchemy/engine/base.py", line 1969, in _exec_single_context
    self.dialect.do_execute(
  File "/home/andre/Рабочий стол/OLEG_CRM/CRM/venv/lib/python3.12/site-packages/sqlalchemy/engine/default.py", line 922, in do_execute
    cursor.execute(statement, parameters)
  File "/home/andre/Рабочий стол/OLEG_CRM/CRM/venv/lib/python3.12/site-packages/sqlalchemy/dialects/postgresql/asyncpg.py", line 591, in execute
    self._adapt_connection.await_(
  File "/home/andre/Рабочий стол/OLEG_CRM/CRM/venv/lib/python3.12/site-packages/sqlalchemy/util/_concurrency_py3k.py", line 125, in await_only
    return current.driver.switch(awaitable)  # type: ignore[no-any-return]
           ^^^^^^^^^^^^^^^^^^^^^^^^^^^^^^^^
  File "/home/andre/Рабочий стол/OLEG_CRM/CRM/venv/lib/python3.12/site-packages/sqlalchemy/util/_concurrency_py3k.py", line 185, in greenlet_spawn
    value = await result
            ^^^^^^^^^^^^
  File "/home/andre/Рабочий стол/OLEG_CRM/CRM/venv/lib/python3.12/site-packages/sqlalchemy/dialects/postgresql/asyncpg.py", line 569, in _prepare_and_execute
    self._handle_exception(error)
  File "/home/andre/Рабочий стол/OLEG_CRM/CRM/venv/lib/python3.12/site-packages/sqlalchemy/dialects/postgresql/asyncpg.py", line 520, in _handle_exception
    self._adapt_connection._handle_exception(error)
  File "/home/andre/Рабочий стол/OLEG_CRM/CRM/venv/lib/python3.12/site-packages/sqlalchemy/dialects/postgresql/asyncpg.py", line 808, in _handle_exception
    raise translated_error from error
sqlalchemy.exc.ProgrammingError: (sqlalchemy.dialects.postgresql.asyncpg.ProgrammingError) <class 'asyncpg.exceptions.UndefinedObjectError'>: type "itemtype" does not exist
[SQL: INSERT INTO order_items (order_id, item_type, name, quantity, purchase_price, sale_price, warranty_manufacturer, warranty_master, sort_order) VALUES ($1::INTEGER, $2::itemtype, $3::VARCHAR, $4::INTEGER, $5::NUMERIC(10, 2), $6::NUMERIC(10, 2), $7::INTEGER, $8::INTEGER, $9::INTEGER) RETURNING order_items.id, order_items.created_at, order_items.updated_at]
[parameters: (None, 'product', 'Кондиционер Haier', 1, Decimal('25000'), Decimal('45000'), 3, 1, 10)]
(Background on this error at: https://sqlalche.me/e/20/f405)
2026-02-27 14:45:30,164 - src.core.logging - INFO - Starting CRM application
2026-02-27 14:45:30,164 - apscheduler.scheduler - INFO - Adding job tentatively -- it will be properly scheduled when the scheduler starts
2026-02-27 14:45:30,164 - apscheduler.scheduler - INFO - Adding job tentatively -- it will be properly scheduled when the scheduler starts
2026-02-27 14:45:30,165 - apscheduler.scheduler - INFO - Added job "daily_backup_and_report" to job store "default"
2026-02-27 14:45:30,165 - apscheduler.scheduler - INFO - Added job "daily_backup_and_report" to job store "default"
2026-02-27 14:45:30,165 - apscheduler.scheduler - INFO - Scheduler started
2026-02-27 14:45:30,165 - src.core.logging - INFO - Scheduler started
2026-02-27 14:46:33,743 - sqlalchemy.engine.Engine - INFO - select pg_catalog.version()
2026-02-27 14:46:33,744 - sqlalchemy.engine.Engine - INFO - [raw sql] ()
2026-02-27 14:46:33,745 - sqlalchemy.engine.Engine - INFO - select current_schema()
2026-02-27 14:46:33,745 - sqlalchemy.engine.Engine - INFO - [raw sql] ()
2026-02-27 14:46:33,746 - sqlalchemy.engine.Engine - INFO - show standard_conforming_strings
2026-02-27 14:46:33,746 - sqlalchemy.engine.Engine - INFO - [raw sql] ()
2026-02-27 14:46:33,747 - sqlalchemy.engine.Engine - INFO - BEGIN (implicit)
2026-02-27 14:46:33,771 - sqlalchemy.engine.Engine - INFO - SELECT admins.id, admins.username, admins.password_hash, admins.created_at 
FROM admins 
WHERE admins.username = $1::VARCHAR
2026-02-27 14:46:33,771 - sqlalchemy.engine.Engine - INFO - [generated in 0.00020s] ('zhura2296@yandex.ru',)
2026-02-27 14:46:33,782 - sqlalchemy.engine.Engine - INFO - ROLLBACK
2026-02-27 14:47:30,389 - src.core.logging - INFO - Starting CRM application
2026-02-27 14:47:30,389 - apscheduler.scheduler - INFO - Adding job tentatively -- it will be properly scheduled when the scheduler starts
2026-02-27 14:47:30,390 - apscheduler.scheduler - INFO - Adding job tentatively -- it will be properly scheduled when the scheduler starts
2026-02-27 14:47:30,390 - apscheduler.scheduler - INFO - Added job "daily_backup_and_report" to job store "default"
2026-02-27 14:47:30,390 - apscheduler.scheduler - INFO - Added job "daily_backup_and_report" to job store "default"
2026-02-27 14:47:30,390 - apscheduler.scheduler - INFO - Scheduler started
2026-02-27 14:47:30,390 - src.core.logging - INFO - Scheduler started
2026-02-27 14:48:34,273 - sqlalchemy.engine.Engine - INFO - select pg_catalog.version()
2026-02-27 14:48:34,273 - sqlalchemy.engine.Engine - INFO - [raw sql] ()
2026-02-27 14:48:34,274 - sqlalchemy.engine.Engine - INFO - select current_schema()
2026-02-27 14:48:34,274 - sqlalchemy.engine.Engine - INFO - [raw sql] ()
2026-02-27 14:48:34,275 - sqlalchemy.engine.Engine - INFO - show standard_conforming_strings
2026-02-27 14:48:34,275 - sqlalchemy.engine.Engine - INFO - [raw sql] ()
2026-02-27 14:48:34,276 - sqlalchemy.engine.Engine - INFO - BEGIN (implicit)
2026-02-27 14:48:34,299 - sqlalchemy.engine.Engine - INFO - SELECT admins.id, admins.username, admins.password_hash, admins.created_at 
FROM admins
2026-02-27 14:48:34,299 - sqlalchemy.engine.Engine - INFO - [generated in 0.00017s] ()
2026-02-27 14:48:34,489 - sqlalchemy.engine.Engine - INFO - INSERT INTO admins (username, password_hash) VALUES ($1::VARCHAR, $2::VARCHAR) RETURNING admins.id, admins.created_at
2026-02-27 14:48:34,489 - sqlalchemy.engine.Engine - INFO - [generated in 0.00016s] ('zhura2296@yandex.ru', '$2b$12$yNzXlCxItywFtXZCEeRDg.boz09C1RFpQOXZcmAxdqnESvykbsA/S')
2026-02-27 14:48:34,491 - sqlalchemy.engine.Engine - INFO - COMMIT
2026-02-27 14:48:34,538 - sqlalchemy.engine.Engine - INFO - BEGIN (implicit)
2026-02-27 14:48:34,539 - sqlalchemy.engine.Engine - INFO - SELECT admins.id, admins.username, admins.password_hash, admins.created_at 
FROM admins 
WHERE admins.id = $1::INTEGER
2026-02-27 14:48:34,539 - sqlalchemy.engine.Engine - INFO - [generated in 0.00012s] (1,)
2026-02-27 14:48:34,541 - sqlalchemy.engine.Engine - INFO - ROLLBACK
2026-02-27 14:48:47,429 - sqlalchemy.engine.Engine - INFO - BEGIN (implicit)
2026-02-27 14:48:47,430 - sqlalchemy.engine.Engine - INFO - SELECT admins.id, admins.username, admins.password_hash, admins.created_at 
FROM admins 
WHERE admins.username = $1::VARCHAR
2026-02-27 14:48:47,430 - sqlalchemy.engine.Engine - INFO - [generated in 0.00012s] ('zhura2296@yandex.ru',)
2026-02-27 14:48:47,632 - sqlalchemy.engine.Engine - INFO - ROLLBACK
2026-02-27 14:49:23,650 - sqlalchemy.engine.Engine - INFO - BEGIN (implicit)
2026-02-27 14:49:23,650 - sqlalchemy.engine.Engine - INFO - SELECT admins.id, admins.username, admins.password_hash, admins.created_at 
FROM admins 
WHERE admins.username = $1::VARCHAR
2026-02-27 14:49:23,650 - sqlalchemy.engine.Engine - INFO - [cached since 36.22s ago] ('zhura2296@yandex.ru',)
2026-02-27 14:49:23,844 - sqlalchemy.engine.Engine - INFO - ROLLBACK
2026-02-27 14:49:57,452 - sqlalchemy.engine.Engine - INFO - BEGIN (implicit)
2026-02-27 14:49:57,453 - sqlalchemy.engine.Engine - INFO - SELECT address_cache.address, address_cache.lat, address_cache.lon, address_cache.updated_at 
FROM address_cache 
WHERE address_cache.address = $1::VARCHAR
2026-02-27 14:49:57,453 - sqlalchemy.engine.Engine - INFO - [generated in 0.00020s] ('Москва, ул. Ленина, 1',)
2026-02-27 14:49:57,458 - sqlalchemy.engine.Engine - INFO - INSERT INTO address_cache (address, lat, lon) VALUES ($1::VARCHAR, $2::NUMERIC(10, 7), $3::NUMERIC(10, 7)) RETURNING address_cache.updated_at
2026-02-27 14:49:57,458 - sqlalchemy.engine.Engine - INFO - [generated in 0.00020s] ('Москва, ул. Ленина, 1', 55.978498, 37.173355)
2026-02-27 14:49:57,460 - sqlalchemy.engine.Engine - INFO - COMMIT
2026-02-27 14:49:57,495 - sqlalchemy.engine.Engine - INFO - BEGIN (implicit)
2026-02-27 14:49:57,497 - sqlalchemy.engine.Engine - INFO - SELECT address_cache.address, address_cache.lat, address_cache.lon, address_cache.updated_at 
FROM address_cache 
WHERE address_cache.address = $1::VARCHAR
2026-02-27 14:49:57,497 - sqlalchemy.engine.Engine - INFO - [generated in 0.00040s] ('Москва, ул. Ленина, 1',)
2026-02-27 14:49:57,502 - sqlalchemy.engine.Engine - INFO - INSERT INTO orders (client_id, status, warehouse, service_datetime, delivery_datetime, promise, marker_color, address_id, address_text) VALUES ($1::INTEGER, $2::order_status, $3::VARCHAR, $4::TIMESTAMP WITHOUT TIME ZONE, $5::TIMESTAMP WITHOUT TIME ZONE, $6::VARCHAR, $7::VARCHAR, $8::VARCHAR, $9::VARCHAR) RETURNING orders.id, orders.created_at, orders.updated_at
2026-02-27 14:49:57,502 - sqlalchemy.engine.Engine - INFO - [generated in 0.00026s] (None, 'Новый', 'Основной', datetime.datetime(2026, 3, 1, 12, 0), datetime.datetime(2026, 3, 1, 10, 0), 'Позвонить за час', 'blue', 'Москва, ул. Ленина, 1', 'Москва, ул. Ленина, 1')
2026-02-27 14:49:57,521 - sqlalchemy.engine.Engine - INFO - SELECT orders.id 
FROM orders 
WHERE orders.id = $1::INTEGER
2026-02-27 14:49:57,521 - sqlalchemy.engine.Engine - INFO - [generated in 0.00020s] (1,)
2026-02-27 14:49:57,523 - sqlalchemy.engine.Engine - INFO - SELECT finance.id AS finance_id, finance.order_id AS finance_order_id, finance.revenue AS finance_revenue, finance.cost_of_goods AS finance_cost_of_goods, finance.installer_payments AS finance_installer_payments, finance.expenses AS finance_expenses, finance.warranty_costs_oleg AS finance_warranty_costs_oleg, finance.warranty_costs_installer AS finance_warranty_costs_installer, finance.profit AS finance_profit, finance.created_at AS finance_created_at, finance.updated_at AS finance_updated_at 
FROM finance 
WHERE $1::INTEGER = finance.order_id
2026-02-27 14:49:57,524 - sqlalchemy.engine.Engine - INFO - [generated in 0.00016s] (1,)
2026-02-27 14:49:57,525 - sqlalchemy.engine.Engine - INFO - SELECT order_installers.id AS order_installers_id, order_installers.order_id AS order_installers_order_id, order_installers.installer_id AS order_installers_installer_id, order_installers.role AS order_installers_role, order_installers.base_payment AS order_installers_base_payment, order_installers.is_primary AS order_installers_is_primary, order_installers.created_at AS order_installers_created_at, order_installers.updated_at AS order_installers_updated_at 
FROM order_installers 
WHERE $1::INTEGER = order_installers.order_id
2026-02-27 14:49:57,526 - sqlalchemy.engine.Engine - INFO - [generated in 0.00011s] (1,)
2026-02-27 14:49:57,527 - sqlalchemy.engine.Engine - INFO - COMMIT
2026-02-27 14:50:35,833 - sqlalchemy.engine.Engine - INFO - BEGIN (implicit)
2026-02-27 14:50:35,834 - sqlalchemy.engine.Engine - INFO - SELECT admins.id, admins.username, admins.password_hash, admins.created_at 
FROM admins 
WHERE admins.username = $1::VARCHAR
2026-02-27 14:50:35,834 - sqlalchemy.engine.Engine - INFO - [cached since 108.4s ago] ('zhura2296@yandex.ru',)
2026-02-27 14:50:35,835 - sqlalchemy.engine.Engine - INFO - INSERT INTO order_items (order_id, item_type, name, quantity, purchase_price, sale_price, warranty_manufacturer, warranty_master, sort_order) VALUES ($1::INTEGER, $2::itemtype, $3::VARCHAR, $4::INTEGER, $5::NUMERIC(10, 2), $6::NUMERIC(10, 2), $7::INTEGER, $8::INTEGER, $9::INTEGER) RETURNING order_items.id, order_items.created_at, order_items.updated_at
2026-02-27 14:50:35,835 - sqlalchemy.engine.Engine - INFO - [generated in 0.00013s] (None, 'product', 'Кондиционер Haier', 1, Decimal('25000'), Decimal('45000'), 3, 1, 10)
2026-02-27 14:50:35,836 - sqlalchemy.engine.Engine - INFO - ROLLBACK
2026-02-27 14:50:35,836 - src.core.logging - ERROR - Unhandled exception: (sqlalchemy.dialects.postgresql.asyncpg.ProgrammingError) <class 'asyncpg.exceptions.UndefinedObjectError'>: type "itemtype" does not exist
[SQL: INSERT INTO order_items (order_id, item_type, name, quantity, purchase_price, sale_price, warranty_manufacturer, warranty_master, sort_order) VALUES ($1::INTEGER, $2::itemtype, $3::VARCHAR, $4::INTEGER, $5::NUMERIC(10, 2), $6::NUMERIC(10, 2), $7::INTEGER, $8::INTEGER, $9::INTEGER) RETURNING order_items.id, order_items.created_at, order_items.updated_at]
[parameters: (None, 'product', 'Кондиционер Haier', 1, Decimal('25000'), Decimal('45000'), 3, 1, 10)]
(Background on this error at: https://sqlalche.me/e/20/f405)
Traceback (most recent call last):
  File "/home/andre/Рабочий стол/OLEG_CRM/CRM/venv/lib/python3.12/site-packages/sqlalchemy/dialects/postgresql/asyncpg.py", line 533, in _prepare_and_execute
    prepared_stmt, attributes = await adapt_connection._prepare(
                                ^^^^^^^^^^^^^^^^^^^^^^^^^^^^^^^^
  File "/home/andre/Рабочий стол/OLEG_CRM/CRM/venv/lib/python3.12/site-packages/sqlalchemy/dialects/postgresql/asyncpg.py", line 784, in _prepare
    prepared_stmt = await self._connection.prepare(
                    ^^^^^^^^^^^^^^^^^^^^^^^^^^^^^^^
  File "/home/andre/Рабочий стол/OLEG_CRM/CRM/venv/lib/python3.12/site-packages/asyncpg/connection.py", line 636, in prepare
    return await self._prepare(
           ^^^^^^^^^^^^^^^^^^^^
  File "/home/andre/Рабочий стол/OLEG_CRM/CRM/venv/lib/python3.12/site-packages/asyncpg/connection.py", line 654, in _prepare
    stmt = await self._get_statement(
           ^^^^^^^^^^^^^^^^^^^^^^^^^^
  File "/home/andre/Рабочий стол/OLEG_CRM/CRM/venv/lib/python3.12/site-packages/asyncpg/connection.py", line 433, in _get_statement
    statement = await self._protocol.prepare(
                ^^^^^^^^^^^^^^^^^^^^^^^^^^^^^
  File "asyncpg/protocol/protocol.pyx", line 166, in prepare
asyncpg.exceptions.UndefinedObjectError: type "itemtype" does not exist

The above exception was the direct cause of the following exception:

Traceback (most recent call last):
  File "/home/andre/Рабочий стол/OLEG_CRM/CRM/venv/lib/python3.12/site-packages/sqlalchemy/engine/base.py", line 1969, in _exec_single_context
    self.dialect.do_execute(
  File "/home/andre/Рабочий стол/OLEG_CRM/CRM/venv/lib/python3.12/site-packages/sqlalchemy/engine/default.py", line 922, in do_execute
    cursor.execute(statement, parameters)
  File "/home/andre/Рабочий стол/OLEG_CRM/CRM/venv/lib/python3.12/site-packages/sqlalchemy/dialects/postgresql/asyncpg.py", line 591, in execute
    self._adapt_connection.await_(
  File "/home/andre/Рабочий стол/OLEG_CRM/CRM/venv/lib/python3.12/site-packages/sqlalchemy/util/_concurrency_py3k.py", line 125, in await_only
    return current.driver.switch(awaitable)  # type: ignore[no-any-return]
           ^^^^^^^^^^^^^^^^^^^^^^^^^^^^^^^^
  File "/home/andre/Рабочий стол/OLEG_CRM/CRM/venv/lib/python3.12/site-packages/sqlalchemy/util/_concurrency_py3k.py", line 185, in greenlet_spawn
    value = await result
            ^^^^^^^^^^^^
  File "/home/andre/Рабочий стол/OLEG_CRM/CRM/venv/lib/python3.12/site-packages/sqlalchemy/dialects/postgresql/asyncpg.py", line 569, in _prepare_and_execute
    self._handle_exception(error)
  File "/home/andre/Рабочий стол/OLEG_CRM/CRM/venv/lib/python3.12/site-packages/sqlalchemy/dialects/postgresql/asyncpg.py", line 520, in _handle_exception
    self._adapt_connection._handle_exception(error)
  File "/home/andre/Рабочий стол/OLEG_CRM/CRM/venv/lib/python3.12/site-packages/sqlalchemy/dialects/postgresql/asyncpg.py", line 808, in _handle_exception
    raise translated_error from error
sqlalchemy.dialects.postgresql.asyncpg.AsyncAdapt_asyncpg_dbapi.ProgrammingError: <class 'asyncpg.exceptions.UndefinedObjectError'>: type "itemtype" does not exist

The above exception was the direct cause of the following exception:

Traceback (most recent call last):
  File "/home/andre/Рабочий стол/OLEG_CRM/CRM/backend/src/core/logging.py", line 49, in dispatch
    response = await call_next(request)
               ^^^^^^^^^^^^^^^^^^^^^^^^
  File "/home/andre/Рабочий стол/OLEG_CRM/CRM/venv/lib/python3.12/site-packages/starlette/middleware/base.py", line 84, in call_next
    raise app_exc
  File "/home/andre/Рабочий стол/OLEG_CRM/CRM/venv/lib/python3.12/site-packages/starlette/middleware/base.py", line 70, in coro
    await self.app(scope, receive_or_disconnect, send_no_error)
  File "/home/andre/Рабочий стол/OLEG_CRM/CRM/venv/lib/python3.12/site-packages/starlette/middleware/cors.py", line 83, in __call__
    await self.app(scope, receive, send)
  File "/home/andre/Рабочий стол/OLEG_CRM/CRM/venv/lib/python3.12/site-packages/starlette/middleware/exceptions.py", line 79, in __call__
    raise exc
  File "/home/andre/Рабочий стол/OLEG_CRM/CRM/venv/lib/python3.12/site-packages/starlette/middleware/exceptions.py", line 68, in __call__
    await self.app(scope, receive, sender)
  File "/home/andre/Рабочий стол/OLEG_CRM/CRM/venv/lib/python3.12/site-packages/fastapi/middleware/asyncexitstack.py", line 20, in __call__
    raise e
  File "/home/andre/Рабочий стол/OLEG_CRM/CRM/venv/lib/python3.12/site-packages/fastapi/middleware/asyncexitstack.py", line 17, in __call__
    await self.app(scope, receive, send)
  File "/home/andre/Рабочий стол/OLEG_CRM/CRM/venv/lib/python3.12/site-packages/starlette/routing.py", line 718, in __call__
    await route.handle(scope, receive, send)
  File "/home/andre/Рабочий стол/OLEG_CRM/CRM/venv/lib/python3.12/site-packages/starlette/routing.py", line 276, in handle
    await self.app(scope, receive, send)
  File "/home/andre/Рабочий стол/OLEG_CRM/CRM/venv/lib/python3.12/site-packages/starlette/routing.py", line 66, in app
    response = await func(request)
               ^^^^^^^^^^^^^^^^^^^
  File "/home/andre/Рабочий стол/OLEG_CRM/CRM/venv/lib/python3.12/site-packages/fastapi/routing.py", line 274, in app
    raw_response = await run_endpoint_function(
                   ^^^^^^^^^^^^^^^^^^^^^^^^^^^^
  File "/home/andre/Рабочий стол/OLEG_CRM/CRM/venv/lib/python3.12/site-packages/fastapi/routing.py", line 191, in run_endpoint_function
    return await dependant.call(**values)
           ^^^^^^^^^^^^^^^^^^^^^^^^^^^^^^
  File "/home/andre/Рабочий стол/OLEG_CRM/CRM/backend/src/routers/order_items.py", line 27, in create_order_item_endpoint
    return await create_order_item(db, item)
           ^^^^^^^^^^^^^^^^^^^^^^^^^^^^^^^^^
  File "/home/andre/Рабочий стол/OLEG_CRM/CRM/backend/src/services/order_items.py", line 13, in create_order_item
    await db.commit()
  File "/home/andre/Рабочий стол/OLEG_CRM/CRM/venv/lib/python3.12/site-packages/sqlalchemy/ext/asyncio/session.py", line 1011, in commit
    await greenlet_spawn(self.sync_session.commit)
  File "/home/andre/Рабочий стол/OLEG_CRM/CRM/venv/lib/python3.12/site-packages/sqlalchemy/util/_concurrency_py3k.py", line 192, in greenlet_spawn
    result = context.switch(value)
             ^^^^^^^^^^^^^^^^^^^^^
  File "/home/andre/Рабочий стол/OLEG_CRM/CRM/venv/lib/python3.12/site-packages/sqlalchemy/orm/session.py", line 1969, in commit
    trans.commit(_to_root=True)
  File "<string>", line 2, in commit
  File "/home/andre/Рабочий стол/OLEG_CRM/CRM/venv/lib/python3.12/site-packages/sqlalchemy/orm/state_changes.py", line 139, in _go
    ret_value = fn(self, *arg, **kw)
                ^^^^^^^^^^^^^^^^^^^^
  File "/home/andre/Рабочий стол/OLEG_CRM/CRM/venv/lib/python3.12/site-packages/sqlalchemy/orm/session.py", line 1256, in commit
    self._prepare_impl()
  File "<string>", line 2, in _prepare_impl
  File "/home/andre/Рабочий стол/OLEG_CRM/CRM/venv/lib/python3.12/site-packages/sqlalchemy/orm/state_changes.py", line 139, in _go
    ret_value = fn(self, *arg, **kw)
                ^^^^^^^^^^^^^^^^^^^^
  File "/home/andre/Рабочий стол/OLEG_CRM/CRM/venv/lib/python3.12/site-packages/sqlalchemy/orm/session.py", line 1231, in _prepare_impl
    self.session.flush()
  File "/home/andre/Рабочий стол/OLEG_CRM/CRM/venv/lib/python3.12/site-packages/sqlalchemy/orm/session.py", line 4312, in flush
    self._flush(objects)
  File "/home/andre/Рабочий стол/OLEG_CRM/CRM/venv/lib/python3.12/site-packages/sqlalchemy/orm/session.py", line 4447, in _flush
    with util.safe_reraise():
  File "/home/andre/Рабочий стол/OLEG_CRM/CRM/venv/lib/python3.12/site-packages/sqlalchemy/util/langhelpers.py", line 146, in __exit__
    raise exc_value.with_traceback(exc_tb)
  File "/home/andre/Рабочий стол/OLEG_CRM/CRM/venv/lib/python3.12/site-packages/sqlalchemy/orm/session.py", line 4408, in _flush
    flush_context.execute()
  File "/home/andre/Рабочий стол/OLEG_CRM/CRM/venv/lib/python3.12/site-packages/sqlalchemy/orm/unitofwork.py", line 466, in execute
    rec.execute(self)
  File "/home/andre/Рабочий стол/OLEG_CRM/CRM/venv/lib/python3.12/site-packages/sqlalchemy/orm/unitofwork.py", line 642, in execute
    util.preloaded.orm_persistence.save_obj(
  File "/home/andre/Рабочий стол/OLEG_CRM/CRM/venv/lib/python3.12/site-packages/sqlalchemy/orm/persistence.py", line 93, in save_obj
    _emit_insert_statements(
  File "/home/andre/Рабочий стол/OLEG_CRM/CRM/venv/lib/python3.12/site-packages/sqlalchemy/orm/persistence.py", line 1226, in _emit_insert_statements
    result = connection.execute(
             ^^^^^^^^^^^^^^^^^^^
  File "/home/andre/Рабочий стол/OLEG_CRM/CRM/venv/lib/python3.12/site-packages/sqlalchemy/engine/base.py", line 1416, in execute
    return meth(
           ^^^^^
  File "/home/andre/Рабочий стол/OLEG_CRM/CRM/venv/lib/python3.12/site-packages/sqlalchemy/sql/elements.py", line 516, in _execute_on_connection
    return connection._execute_clauseelement(
           ^^^^^^^^^^^^^^^^^^^^^^^^^^^^^^^^^^
  File "/home/andre/Рабочий стол/OLEG_CRM/CRM/venv/lib/python3.12/site-packages/sqlalchemy/engine/base.py", line 1639, in _execute_clauseelement
    ret = self._execute_context(
          ^^^^^^^^^^^^^^^^^^^^^^
  File "/home/andre/Рабочий стол/OLEG_CRM/CRM/venv/lib/python3.12/site-packages/sqlalchemy/engine/base.py", line 1848, in _execute_context
    return self._exec_single_context(
           ^^^^^^^^^^^^^^^^^^^^^^^^^^
  File "/home/andre/Рабочий стол/OLEG_CRM/CRM/venv/lib/python3.12/site-packages/sqlalchemy/engine/base.py", line 1988, in _exec_single_context
    self._handle_dbapi_exception(
  File "/home/andre/Рабочий стол/OLEG_CRM/CRM/venv/lib/python3.12/site-packages/sqlalchemy/engine/base.py", line 2343, in _handle_dbapi_exception
    raise sqlalchemy_exception.with_traceback(exc_info[2]) from e
  File "/home/andre/Рабочий стол/OLEG_CRM/CRM/venv/lib/python3.12/site-packages/sqlalchemy/engine/base.py", line 1969, in _exec_single_context
    self.dialect.do_execute(
  File "/home/andre/Рабочий стол/OLEG_CRM/CRM/venv/lib/python3.12/site-packages/sqlalchemy/engine/default.py", line 922, in do_execute
    cursor.execute(statement, parameters)
  File "/home/andre/Рабочий стол/OLEG_CRM/CRM/venv/lib/python3.12/site-packages/sqlalchemy/dialects/postgresql/asyncpg.py", line 591, in execute
    self._adapt_connection.await_(
  File "/home/andre/Рабочий стол/OLEG_CRM/CRM/venv/lib/python3.12/site-packages/sqlalchemy/util/_concurrency_py3k.py", line 125, in await_only
    return current.driver.switch(awaitable)  # type: ignore[no-any-return]
           ^^^^^^^^^^^^^^^^^^^^^^^^^^^^^^^^
  File "/home/andre/Рабочий стол/OLEG_CRM/CRM/venv/lib/python3.12/site-packages/sqlalchemy/util/_concurrency_py3k.py", line 185, in greenlet_spawn
    value = await result
            ^^^^^^^^^^^^
  File "/home/andre/Рабочий стол/OLEG_CRM/CRM/venv/lib/python3.12/site-packages/sqlalchemy/dialects/postgresql/asyncpg.py", line 569, in _prepare_and_execute
    self._handle_exception(error)
  File "/home/andre/Рабочий стол/OLEG_CRM/CRM/venv/lib/python3.12/site-packages/sqlalchemy/dialects/postgresql/asyncpg.py", line 520, in _handle_exception
    self._adapt_connection._handle_exception(error)
  File "/home/andre/Рабочий стол/OLEG_CRM/CRM/venv/lib/python3.12/site-packages/sqlalchemy/dialects/postgresql/asyncpg.py", line 808, in _handle_exception
    raise translated_error from error
sqlalchemy.exc.ProgrammingError: (sqlalchemy.dialects.postgresql.asyncpg.ProgrammingError) <class 'asyncpg.exceptions.UndefinedObjectError'>: type "itemtype" does not exist
[SQL: INSERT INTO order_items (order_id, item_type, name, quantity, purchase_price, sale_price, warranty_manufacturer, warranty_master, sort_order) VALUES ($1::INTEGER, $2::itemtype, $3::VARCHAR, $4::INTEGER, $5::NUMERIC(10, 2), $6::NUMERIC(10, 2), $7::INTEGER, $8::INTEGER, $9::INTEGER) RETURNING order_items.id, order_items.created_at, order_items.updated_at]
[parameters: (None, 'product', 'Кондиционер Haier', 1, Decimal('25000'), Decimal('45000'), 3, 1, 10)]
(Background on this error at: https://sqlalche.me/e/20/f405)
2026-02-27 14:53:33,306 - src.core.logging - INFO - Starting CRM application
2026-02-27 14:53:33,306 - apscheduler.scheduler - INFO - Adding job tentatively -- it will be properly scheduled when the scheduler starts
2026-02-27 14:53:33,306 - apscheduler.scheduler - INFO - Adding job tentatively -- it will be properly scheduled when the scheduler starts
2026-02-27 14:53:33,307 - apscheduler.scheduler - INFO - Added job "daily_backup_and_report" to job store "default"
2026-02-27 14:53:33,307 - apscheduler.scheduler - INFO - Added job "daily_backup_and_report" to job store "default"
2026-02-27 14:53:33,307 - apscheduler.scheduler - INFO - Scheduler started
2026-02-27 14:53:33,307 - src.core.logging - INFO - Scheduler started
2026-02-27 14:53:38,259 - sqlalchemy.engine.Engine - INFO - select pg_catalog.version()
2026-02-27 14:53:38,260 - sqlalchemy.engine.Engine - INFO - [raw sql] ()
2026-02-27 14:53:38,260 - sqlalchemy.engine.Engine - INFO - select current_schema()
2026-02-27 14:53:38,260 - sqlalchemy.engine.Engine - INFO - [raw sql] ()
2026-02-27 14:53:38,261 - sqlalchemy.engine.Engine - INFO - show standard_conforming_strings
2026-02-27 14:53:38,261 - sqlalchemy.engine.Engine - INFO - [raw sql] ()
2026-02-27 14:53:38,262 - sqlalchemy.engine.Engine - INFO - BEGIN (implicit)
2026-02-27 14:53:38,282 - sqlalchemy.engine.Engine - INFO - SELECT admins.id, admins.username, admins.password_hash, admins.created_at 
FROM admins 
WHERE admins.username = $1::VARCHAR
2026-02-27 14:53:38,282 - sqlalchemy.engine.Engine - INFO - [generated in 0.00019s] ('zhura2296@yandex.ru',)
2026-02-27 14:53:38,287 - sqlalchemy.engine.Engine - INFO - INSERT INTO order_items (order_id, item_type, name, quantity, purchase_price, sale_price, warranty_manufacturer, warranty_master, sort_order) VALUES ($1::INTEGER, $2::item_type, $3::VARCHAR, $4::INTEGER, $5::NUMERIC(10, 2), $6::NUMERIC(10, 2), $7::INTEGER, $8::INTEGER, $9::INTEGER) RETURNING order_items.id, order_items.created_at, order_items.updated_at
2026-02-27 14:53:38,287 - sqlalchemy.engine.Engine - INFO - [generated in 0.00016s] (None, 'product', 'Кондиционер Haier', 1, Decimal('25000'), Decimal('45000'), 3, 1, 10)
2026-02-27 14:53:38,297 - sqlalchemy.engine.Engine - INFO - ROLLBACK
2026-02-27 14:53:38,298 - src.core.logging - ERROR - Unhandled exception: (sqlalchemy.dialects.postgresql.asyncpg.IntegrityError) <class 'asyncpg.exceptions.NotNullViolationError'>: null value in column "order_id" of relation "order_items" violates not-null constraint
DETAIL:  Failing row contains (1, null, product, Кондиционер Haier, 1, 25000.00, 45000.00, 3, 1, 10, 2026-02-27 11:53:38.283218, 2026-02-27 11:53:38.283218).
[SQL: INSERT INTO order_items (order_id, item_type, name, quantity, purchase_price, sale_price, warranty_manufacturer, warranty_master, sort_order) VALUES ($1::INTEGER, $2::item_type, $3::VARCHAR, $4::INTEGER, $5::NUMERIC(10, 2), $6::NUMERIC(10, 2), $7::INTEGER, $8::INTEGER, $9::INTEGER) RETURNING order_items.id, order_items.created_at, order_items.updated_at]
[parameters: (None, 'product', 'Кондиционер Haier', 1, Decimal('25000'), Decimal('45000'), 3, 1, 10)]
(Background on this error at: https://sqlalche.me/e/20/gkpj)
Traceback (most recent call last):
  File "/home/andre/Рабочий стол/OLEG_CRM/CRM/venv/lib/python3.12/site-packages/sqlalchemy/dialects/postgresql/asyncpg.py", line 557, in _prepare_and_execute
    self._rows = await prepared_stmt.fetch(*parameters)
                 ^^^^^^^^^^^^^^^^^^^^^^^^^^^^^^^^^^^^^^
  File "/home/andre/Рабочий стол/OLEG_CRM/CRM/venv/lib/python3.12/site-packages/asyncpg/prepared_stmt.py", line 176, in fetch
    data = await self.__bind_execute(args, 0, timeout)
           ^^^^^^^^^^^^^^^^^^^^^^^^^^^^^^^^^^^^^^^^^^^
  File "/home/andre/Рабочий стол/OLEG_CRM/CRM/venv/lib/python3.12/site-packages/asyncpg/prepared_stmt.py", line 241, in __bind_execute
    data, status, _ = await self.__do_execute(
                      ^^^^^^^^^^^^^^^^^^^^^^^^
  File "/home/andre/Рабочий стол/OLEG_CRM/CRM/venv/lib/python3.12/site-packages/asyncpg/prepared_stmt.py", line 230, in __do_execute
    return await executor(protocol)
           ^^^^^^^^^^^^^^^^^^^^^^^^
  File "asyncpg/protocol/protocol.pyx", line 207, in bind_execute
asyncpg.exceptions.NotNullViolationError: null value in column "order_id" of relation "order_items" violates not-null constraint
DETAIL:  Failing row contains (1, null, product, Кондиционер Haier, 1, 25000.00, 45000.00, 3, 1, 10, 2026-02-27 11:53:38.283218, 2026-02-27 11:53:38.283218).

The above exception was the direct cause of the following exception:

Traceback (most recent call last):
  File "/home/andre/Рабочий стол/OLEG_CRM/CRM/venv/lib/python3.12/site-packages/sqlalchemy/engine/base.py", line 1969, in _exec_single_context
    self.dialect.do_execute(
  File "/home/andre/Рабочий стол/OLEG_CRM/CRM/venv/lib/python3.12/site-packages/sqlalchemy/engine/default.py", line 922, in do_execute
    cursor.execute(statement, parameters)
  File "/home/andre/Рабочий стол/OLEG_CRM/CRM/venv/lib/python3.12/site-packages/sqlalchemy/dialects/postgresql/asyncpg.py", line 591, in execute
    self._adapt_connection.await_(
  File "/home/andre/Рабочий стол/OLEG_CRM/CRM/venv/lib/python3.12/site-packages/sqlalchemy/util/_concurrency_py3k.py", line 125, in await_only
    return current.driver.switch(awaitable)  # type: ignore[no-any-return]
           ^^^^^^^^^^^^^^^^^^^^^^^^^^^^^^^^
  File "/home/andre/Рабочий стол/OLEG_CRM/CRM/venv/lib/python3.12/site-packages/sqlalchemy/util/_concurrency_py3k.py", line 185, in greenlet_spawn
    value = await result
            ^^^^^^^^^^^^
  File "/home/andre/Рабочий стол/OLEG_CRM/CRM/venv/lib/python3.12/site-packages/sqlalchemy/dialects/postgresql/asyncpg.py", line 569, in _prepare_and_execute
    self._handle_exception(error)
  File "/home/andre/Рабочий стол/OLEG_CRM/CRM/venv/lib/python3.12/site-packages/sqlalchemy/dialects/postgresql/asyncpg.py", line 520, in _handle_exception
    self._adapt_connection._handle_exception(error)
  File "/home/andre/Рабочий стол/OLEG_CRM/CRM/venv/lib/python3.12/site-packages/sqlalchemy/dialects/postgresql/asyncpg.py", line 808, in _handle_exception
    raise translated_error from error
sqlalchemy.dialects.postgresql.asyncpg.AsyncAdapt_asyncpg_dbapi.IntegrityError: <class 'asyncpg.exceptions.NotNullViolationError'>: null value in column "order_id" of relation "order_items" violates not-null constraint
DETAIL:  Failing row contains (1, null, product, Кондиционер Haier, 1, 25000.00, 45000.00, 3, 1, 10, 2026-02-27 11:53:38.283218, 2026-02-27 11:53:38.283218).

The above exception was the direct cause of the following exception:

Traceback (most recent call last):
  File "/home/andre/Рабочий стол/OLEG_CRM/CRM/backend/src/core/logging.py", line 49, in dispatch
    response = await call_next(request)
               ^^^^^^^^^^^^^^^^^^^^^^^^
  File "/home/andre/Рабочий стол/OLEG_CRM/CRM/venv/lib/python3.12/site-packages/starlette/middleware/base.py", line 84, in call_next
    raise app_exc
  File "/home/andre/Рабочий стол/OLEG_CRM/CRM/venv/lib/python3.12/site-packages/starlette/middleware/base.py", line 70, in coro
    await self.app(scope, receive_or_disconnect, send_no_error)
  File "/home/andre/Рабочий стол/OLEG_CRM/CRM/venv/lib/python3.12/site-packages/starlette/middleware/cors.py", line 83, in __call__
    await self.app(scope, receive, send)
  File "/home/andre/Рабочий стол/OLEG_CRM/CRM/venv/lib/python3.12/site-packages/starlette/middleware/exceptions.py", line 79, in __call__
    raise exc
  File "/home/andre/Рабочий стол/OLEG_CRM/CRM/venv/lib/python3.12/site-packages/starlette/middleware/exceptions.py", line 68, in __call__
    await self.app(scope, receive, sender)
  File "/home/andre/Рабочий стол/OLEG_CRM/CRM/venv/lib/python3.12/site-packages/fastapi/middleware/asyncexitstack.py", line 20, in __call__
    raise e
  File "/home/andre/Рабочий стол/OLEG_CRM/CRM/venv/lib/python3.12/site-packages/fastapi/middleware/asyncexitstack.py", line 17, in __call__
    await self.app(scope, receive, send)
  File "/home/andre/Рабочий стол/OLEG_CRM/CRM/venv/lib/python3.12/site-packages/starlette/routing.py", line 718, in __call__
    await route.handle(scope, receive, send)
  File "/home/andre/Рабочий стол/OLEG_CRM/CRM/venv/lib/python3.12/site-packages/starlette/routing.py", line 276, in handle
    await self.app(scope, receive, send)
  File "/home/andre/Рабочий стол/OLEG_CRM/CRM/venv/lib/python3.12/site-packages/starlette/routing.py", line 66, in app
    response = await func(request)
               ^^^^^^^^^^^^^^^^^^^
  File "/home/andre/Рабочий стол/OLEG_CRM/CRM/venv/lib/python3.12/site-packages/fastapi/routing.py", line 274, in app
    raw_response = await run_endpoint_function(
                   ^^^^^^^^^^^^^^^^^^^^^^^^^^^^
  File "/home/andre/Рабочий стол/OLEG_CRM/CRM/venv/lib/python3.12/site-packages/fastapi/routing.py", line 191, in run_endpoint_function
    return await dependant.call(**values)
           ^^^^^^^^^^^^^^^^^^^^^^^^^^^^^^
  File "/home/andre/Рабочий стол/OLEG_CRM/CRM/backend/src/routers/order_items.py", line 27, in create_order_item_endpoint
    return await create_order_item(db, item)
           ^^^^^^^^^^^^^^^^^^^^^^^^^^^^^^^^^
  File "/home/andre/Рабочий стол/OLEG_CRM/CRM/backend/src/services/order_items.py", line 13, in create_order_item
    await db.commit()
  File "/home/andre/Рабочий стол/OLEG_CRM/CRM/venv/lib/python3.12/site-packages/sqlalchemy/ext/asyncio/session.py", line 1011, in commit
    await greenlet_spawn(self.sync_session.commit)
  File "/home/andre/Рабочий стол/OLEG_CRM/CRM/venv/lib/python3.12/site-packages/sqlalchemy/util/_concurrency_py3k.py", line 192, in greenlet_spawn
    result = context.switch(value)
             ^^^^^^^^^^^^^^^^^^^^^
  File "/home/andre/Рабочий стол/OLEG_CRM/CRM/venv/lib/python3.12/site-packages/sqlalchemy/orm/session.py", line 1969, in commit
    trans.commit(_to_root=True)
  File "<string>", line 2, in commit
  File "/home/andre/Рабочий стол/OLEG_CRM/CRM/venv/lib/python3.12/site-packages/sqlalchemy/orm/state_changes.py", line 139, in _go
    ret_value = fn(self, *arg, **kw)
                ^^^^^^^^^^^^^^^^^^^^
  File "/home/andre/Рабочий стол/OLEG_CRM/CRM/venv/lib/python3.12/site-packages/sqlalchemy/orm/session.py", line 1256, in commit
    self._prepare_impl()
  File "<string>", line 2, in _prepare_impl
  File "/home/andre/Рабочий стол/OLEG_CRM/CRM/venv/lib/python3.12/site-packages/sqlalchemy/orm/state_changes.py", line 139, in _go
    ret_value = fn(self, *arg, **kw)
                ^^^^^^^^^^^^^^^^^^^^
  File "/home/andre/Рабочий стол/OLEG_CRM/CRM/venv/lib/python3.12/site-packages/sqlalchemy/orm/session.py", line 1231, in _prepare_impl
    self.session.flush()
  File "/home/andre/Рабочий стол/OLEG_CRM/CRM/venv/lib/python3.12/site-packages/sqlalchemy/orm/session.py", line 4312, in flush
    self._flush(objects)
  File "/home/andre/Рабочий стол/OLEG_CRM/CRM/venv/lib/python3.12/site-packages/sqlalchemy/orm/session.py", line 4447, in _flush
    with util.safe_reraise():
  File "/home/andre/Рабочий стол/OLEG_CRM/CRM/venv/lib/python3.12/site-packages/sqlalchemy/util/langhelpers.py", line 146, in __exit__
    raise exc_value.with_traceback(exc_tb)
  File "/home/andre/Рабочий стол/OLEG_CRM/CRM/venv/lib/python3.12/site-packages/sqlalchemy/orm/session.py", line 4408, in _flush
    flush_context.execute()
  File "/home/andre/Рабочий стол/OLEG_CRM/CRM/venv/lib/python3.12/site-packages/sqlalchemy/orm/unitofwork.py", line 466, in execute
    rec.execute(self)
  File "/home/andre/Рабочий стол/OLEG_CRM/CRM/venv/lib/python3.12/site-packages/sqlalchemy/orm/unitofwork.py", line 642, in execute
    util.preloaded.orm_persistence.save_obj(
  File "/home/andre/Рабочий стол/OLEG_CRM/CRM/venv/lib/python3.12/site-packages/sqlalchemy/orm/persistence.py", line 93, in save_obj
    _emit_insert_statements(
  File "/home/andre/Рабочий стол/OLEG_CRM/CRM/venv/lib/python3.12/site-packages/sqlalchemy/orm/persistence.py", line 1226, in _emit_insert_statements
    result = connection.execute(
             ^^^^^^^^^^^^^^^^^^^
  File "/home/andre/Рабочий стол/OLEG_CRM/CRM/venv/lib/python3.12/site-packages/sqlalchemy/engine/base.py", line 1416, in execute
    return meth(
           ^^^^^
  File "/home/andre/Рабочий стол/OLEG_CRM/CRM/venv/lib/python3.12/site-packages/sqlalchemy/sql/elements.py", line 516, in _execute_on_connection
    return connection._execute_clauseelement(
           ^^^^^^^^^^^^^^^^^^^^^^^^^^^^^^^^^^
  File "/home/andre/Рабочий стол/OLEG_CRM/CRM/venv/lib/python3.12/site-packages/sqlalchemy/engine/base.py", line 1639, in _execute_clauseelement
    ret = self._execute_context(
          ^^^^^^^^^^^^^^^^^^^^^^
  File "/home/andre/Рабочий стол/OLEG_CRM/CRM/venv/lib/python3.12/site-packages/sqlalchemy/engine/base.py", line 1848, in _execute_context
    return self._exec_single_context(
           ^^^^^^^^^^^^^^^^^^^^^^^^^^
  File "/home/andre/Рабочий стол/OLEG_CRM/CRM/venv/lib/python3.12/site-packages/sqlalchemy/engine/base.py", line 1988, in _exec_single_context
    self._handle_dbapi_exception(
  File "/home/andre/Рабочий стол/OLEG_CRM/CRM/venv/lib/python3.12/site-packages/sqlalchemy/engine/base.py", line 2343, in _handle_dbapi_exception
    raise sqlalchemy_exception.with_traceback(exc_info[2]) from e
  File "/home/andre/Рабочий стол/OLEG_CRM/CRM/venv/lib/python3.12/site-packages/sqlalchemy/engine/base.py", line 1969, in _exec_single_context
    self.dialect.do_execute(
  File "/home/andre/Рабочий стол/OLEG_CRM/CRM/venv/lib/python3.12/site-packages/sqlalchemy/engine/default.py", line 922, in do_execute
    cursor.execute(statement, parameters)
  File "/home/andre/Рабочий стол/OLEG_CRM/CRM/venv/lib/python3.12/site-packages/sqlalchemy/dialects/postgresql/asyncpg.py", line 591, in execute
    self._adapt_connection.await_(
  File "/home/andre/Рабочий стол/OLEG_CRM/CRM/venv/lib/python3.12/site-packages/sqlalchemy/util/_concurrency_py3k.py", line 125, in await_only
    return current.driver.switch(awaitable)  # type: ignore[no-any-return]
           ^^^^^^^^^^^^^^^^^^^^^^^^^^^^^^^^
  File "/home/andre/Рабочий стол/OLEG_CRM/CRM/venv/lib/python3.12/site-packages/sqlalchemy/util/_concurrency_py3k.py", line 185, in greenlet_spawn
    value = await result
            ^^^^^^^^^^^^
  File "/home/andre/Рабочий стол/OLEG_CRM/CRM/venv/lib/python3.12/site-packages/sqlalchemy/dialects/postgresql/asyncpg.py", line 569, in _prepare_and_execute
    self._handle_exception(error)
  File "/home/andre/Рабочий стол/OLEG_CRM/CRM/venv/lib/python3.12/site-packages/sqlalchemy/dialects/postgresql/asyncpg.py", line 520, in _handle_exception
    self._adapt_connection._handle_exception(error)
  File "/home/andre/Рабочий стол/OLEG_CRM/CRM/venv/lib/python3.12/site-packages/sqlalchemy/dialects/postgresql/asyncpg.py", line 808, in _handle_exception
    raise translated_error from error
sqlalchemy.exc.IntegrityError: (sqlalchemy.dialects.postgresql.asyncpg.IntegrityError) <class 'asyncpg.exceptions.NotNullViolationError'>: null value in column "order_id" of relation "order_items" violates not-null constraint
DETAIL:  Failing row contains (1, null, product, Кондиционер Haier, 1, 25000.00, 45000.00, 3, 1, 10, 2026-02-27 11:53:38.283218, 2026-02-27 11:53:38.283218).
[SQL: INSERT INTO order_items (order_id, item_type, name, quantity, purchase_price, sale_price, warranty_manufacturer, warranty_master, sort_order) VALUES ($1::INTEGER, $2::item_type, $3::VARCHAR, $4::INTEGER, $5::NUMERIC(10, 2), $6::NUMERIC(10, 2), $7::INTEGER, $8::INTEGER, $9::INTEGER) RETURNING order_items.id, order_items.created_at, order_items.updated_at]
[parameters: (None, 'product', 'Кондиционер Haier', 1, Decimal('25000'), Decimal('45000'), 3, 1, 10)]
(Background on this error at: https://sqlalche.me/e/20/gkpj)
2026-02-27 14:54:38,451 - src.core.logging - INFO - Starting CRM application
2026-02-27 14:54:38,451 - apscheduler.scheduler - INFO - Adding job tentatively -- it will be properly scheduled when the scheduler starts
2026-02-27 14:54:38,451 - apscheduler.scheduler - INFO - Adding job tentatively -- it will be properly scheduled when the scheduler starts
2026-02-27 14:54:38,452 - apscheduler.scheduler - INFO - Added job "daily_backup_and_report" to job store "default"
2026-02-27 14:54:38,452 - apscheduler.scheduler - INFO - Added job "daily_backup_and_report" to job store "default"
2026-02-27 14:54:38,452 - apscheduler.scheduler - INFO - Scheduler started
2026-02-27 14:54:38,452 - src.core.logging - INFO - Scheduler started
2026-02-27 14:54:51,324 - sqlalchemy.engine.Engine - INFO - select pg_catalog.version()
2026-02-27 14:54:51,324 - sqlalchemy.engine.Engine - INFO - [raw sql] ()
2026-02-27 14:54:51,325 - sqlalchemy.engine.Engine - INFO - select current_schema()
2026-02-27 14:54:51,325 - sqlalchemy.engine.Engine - INFO - [raw sql] ()
2026-02-27 14:54:51,325 - sqlalchemy.engine.Engine - INFO - show standard_conforming_strings
2026-02-27 14:54:51,326 - sqlalchemy.engine.Engine - INFO - [raw sql] ()
2026-02-27 14:54:51,326 - sqlalchemy.engine.Engine - INFO - BEGIN (implicit)
2026-02-27 14:54:51,346 - sqlalchemy.engine.Engine - INFO - SELECT admins.id, admins.username, admins.password_hash, admins.created_at 
FROM admins 
WHERE admins.username = $1::VARCHAR
2026-02-27 14:54:51,346 - sqlalchemy.engine.Engine - INFO - [generated in 0.00030s] ('zhura2296@yandex.ru',)
2026-02-27 14:54:51,350 - sqlalchemy.engine.Engine - INFO - INSERT INTO order_items (order_id, item_type, name, quantity, purchase_price, sale_price, warranty_manufacturer, warranty_master, sort_order) VALUES ($1::INTEGER, $2::item_type, $3::VARCHAR, $4::INTEGER, $5::NUMERIC(10, 2), $6::NUMERIC(10, 2), $7::INTEGER, $8::INTEGER, $9::INTEGER) RETURNING order_items.id, order_items.created_at, order_items.updated_at
2026-02-27 14:54:51,350 - sqlalchemy.engine.Engine - INFO - [generated in 0.00017s] (1, 'product', 'Кондиционер Haier', 1, Decimal('25000'), Decimal('45000'), 3, 1, 10)
2026-02-27 14:54:51,364 - sqlalchemy.engine.Engine - INFO - COMMIT
2026-02-27 14:54:51,404 - sqlalchemy.engine.Engine - INFO - BEGIN (implicit)
2026-02-27 14:54:51,405 - sqlalchemy.engine.Engine - INFO - SELECT order_items.id, order_items.order_id, order_items.item_type, order_items.name, order_items.quantity, order_items.purchase_price, order_items.sale_price, order_items.warranty_manufacturer, order_items.warranty_master, order_items.sort_order, order_items.created_at, order_items.updated_at 
FROM order_items 
WHERE order_items.id = $1::INTEGER
2026-02-27 14:54:51,405 - sqlalchemy.engine.Engine - INFO - [generated in 0.00017s] (2,)
2026-02-27 14:54:51,407 - sqlalchemy.engine.Engine - INFO - ROLLBACK
2026-02-27 14:55:34,086 - sqlalchemy.engine.Engine - INFO - BEGIN (implicit)
2026-02-27 14:55:34,086 - sqlalchemy.engine.Engine - INFO - SELECT admins.id, admins.username, admins.password_hash, admins.created_at 
FROM admins 
WHERE admins.username = $1::VARCHAR
2026-02-27 14:55:34,086 - sqlalchemy.engine.Engine - INFO - [cached since 42.74s ago] ('zhura2296@yandex.ru',)
2026-02-27 14:55:34,088 - sqlalchemy.engine.Engine - INFO - SELECT order_items.id, order_items.order_id, order_items.item_type, order_items.name, order_items.quantity, order_items.purchase_price, order_items.sale_price, order_items.warranty_manufacturer, order_items.warranty_master, order_items.sort_order, order_items.created_at, order_items.updated_at 
FROM order_items 
WHERE order_items.order_id = $1::INTEGER ORDER BY order_items.sort_order
2026-02-27 14:55:34,088 - sqlalchemy.engine.Engine - INFO - [generated in 0.00020s] (1,)
2026-02-27 14:55:34,090 - sqlalchemy.engine.Engine - INFO - ROLLBACK
